01-11 16:59:49.190  1018  1171 W ActivityManager: Slow operation: 195ms so far, now at startProcess: asking zygote to start proc
01-11 16:59:49.192  2626  2626 I migrate_legacy_obb_data: No legacy obb data to migrate.
01-11 16:59:49.201  1018  1644 D StorageManagerService: Volume emulated broadcasting mounted to UserHandle{0}
01-11 16:59:49.203  1742  1742 W View    : requestLayout() improperly called by android.widget.FrameLayout{ffc097a I.E...... ......I. 0,0-0,0 #7f0a00a6 app:id/big_clock_container} during layout: running second layout pass
01-11 16:59:49.216  2533  2533 D SVA-AssetsFileMgr: copyAssetsIfNotExists: destDir = /storage/emulated/0/Android/data/com.qualcomm.qti.sva/files
01-11 16:59:49.233  1018  1692 I BackupManagerService: Backup enabled => false
01-11 16:59:49.240   720   720 D Zygote  : Forked child process 2644
01-11 16:59:49.242  1018  1171 W ActivityManager: Slow operation: 248ms so far, now at startProcess: returned from zygote!
01-11 16:59:49.243  1018  1171 W ActivityManager: Slow operation: 248ms so far, now at startProcess: done updating battery stats
01-11 16:59:49.243  1018  1171 W ActivityManager: Slow operation: 248ms so far, now at startProcess: building log message
01-11 16:59:49.243  1018  1171 I ActivityManager: Start proc 2644:com.android.se/1068 for added application com.android.se
01-11 16:59:49.243  1018  1171 W ActivityManager: Slow operation: 248ms so far, now at startProcess: starting to update pids map
01-11 16:59:49.243  1018  1171 W ActivityManager: Slow operation: 248ms so far, now at startProcess: done updating pids map
01-11 16:59:49.243  1018  1171 W ActivityManager: Slow operation: 248ms so far, now at startProcess: asking zygote to start proc
01-11 16:59:49.245  1018  2528 V BackupManagerConstants: getKeyValueBackupIntervalMilliseconds(...) returns 14400000
01-11 16:59:49.245  1018  2528 V BackupManagerConstants: getKeyValueBackupFuzzMilliseconds(...) returns 600000
01-11 16:59:49.245  1018  2528 V BackupManagerConstants: getKeyValueBackupRequiredNetworkType(...) returns 1
01-11 16:59:49.246  1018  2528 V BackupManagerConstants: getKeyValueBackupRequireCharging(...) returns true
01-11 16:59:49.247  2533  2533 D SVA-AssetsFileMgr: copyAssets: outputFilePath = /storage/emulated/0/Android/data/com.qualcomm.qti.sva/files/HeySnapdragon_HP.uim
01-11 16:59:49.248  2568  2568 I com.android.nf: The ClassLoaderContext is a special shared library.
01-11 16:59:49.248  2533  2533 D SVA-AssetsFileMgr: copyAssets: exists yet, ignore
01-11 16:59:49.248  2533  2533 D SVA-AssetsFileMgr: copyAssets: outputFilePath = /storage/emulated/0/Android/data/com.qualcomm.qti.sva/files/HeySnapdragon_LP.uim
01-11 16:59:49.249  1018  2528 V KeyValueBackupJob: Scheduling k/v pass in 246 minutes
01-11 16:59:49.252  2533  2533 D SVA-AssetsFileMgr: copyAssets: exists yet, ignore
01-11 16:59:49.252  2533  2533 D SVA-AssetsFileMgr: copyAssets: outputFilePath = /storage/emulated/0/Android/data/com.qualcomm.qti.sva/files/HsNhxl_LP.uim
01-11 16:59:49.254  2620  2620 I mhelper_servic: The ClassLoaderContext is a special shared library.
01-11 16:59:49.261  2585  2585 D libnativeloader: classloader namespace configured for unbundled vendor apk. library_path=/vendor/app/pasrservice/lib/arm64:/vendor/lib64
01-11 16:59:49.265  2568  2568 I Perf    : Connecting to perf service.
01-11 16:59:49.266  2533  2533 D SVA-AssetsFileMgr: copyAssets: exists yet, ignore
01-11 16:59:49.266  2533  2533 D SVA-AssetsFileMgr: copyAssets: outputFilePath = /storage/emulated/0/Android/data/com.qualcomm.qti.sva/files/NiHaoXiaoLong_LP.uim
01-11 16:59:49.268  2533  2533 D SVA-AssetsFileMgr: copyAssets: exists yet, ignore
01-11 16:59:49.268  2533  2533 D SVA-AssetsFileMgr: copyAssets: outputFilePath = /storage/emulated/0/Android/data/com.qualcomm.qti.sva/files/chinese_merged_language_model.lat
01-11 16:59:49.268  2533  2533 D SVA-AssetsFileMgr: copyAssets: exists yet, ignore
01-11 16:59:49.268  2533  2533 D SVA-AssetsFileMgr: copyAssets: outputFilePath = /storage/emulated/0/Android/data/com.qualcomm.qti.sva/files/default.lm
01-11 16:59:49.269  2533  2533 D SVA-AssetsFileMgr: copyAssets: exists yet, ignore
01-11 16:59:49.269  2533  2533 D SVA-AssetsFileMgr: copyAssets: outputFilePath = /storage/emulated/0/Android/data/com.qualcomm.qti.sva/files/images
01-11 16:59:49.270  2533  2533 D SVA-AssetsFileMgr: copyAssets: copy filename =  images to destDir
01-11 16:59:49.270  2533  2533 D SVA-AssetsFileMgr: copyAssets: non sound model or language model files, ignore
01-11 16:59:49.270  2533  2533 D SVA-AssetsFileMgr: copyAssets: outputFilePath = /storage/emulated/0/Android/data/com.qualcomm.qti.sva/files/merged_language_model.lat
01-11 16:59:49.270  2533  2533 D SVA-AssetsFileMgr: copyAssets: exists yet, ignore
01-11 16:59:49.270  2533  2533 D SVA-AssetsFileMgr: copyAssets: outputFilePath = /storage/emulated/0/Android/data/com.qualcomm.qti.sva/files/sm4_1stStage47k_2ndStagePDK4_HeySnapdragon.uim
01-11 16:59:49.270  2533  2533 D SVA-AssetsFileMgr: copyAssets: exists yet, ignore
01-11 16:59:49.270  2533  2533 D SVA-AssetsFileMgr: copyAssets: outputFilePath = /storage/emulated/0/Android/data/com.qualcomm.qti.sva/files/webkit
01-11 16:59:49.271  2533  2533 D SVA-AssetsFileMgr: copyAssets: copy filename =  webkit to destDir
01-11 16:59:49.271  2533  2533 D SVA-AssetsFileMgr: copyAssets: non sound model or language model files, ignore
01-11 16:59:49.271  2533  2533 D SVA-AssetsFileMgr: copyAssets: copy file number = 0
01-11 16:59:49.272  2533  2533 D SVA-ExtendedSmMgr: addSoundModel: smFullName = HeySnapdragon_HP.uim
01-11 16:59:49.272  2533  2533 D SVA-ExtendedSmMgr: getSoundModel: smFullName = HeySnapdragon_HP.uim
01-11 16:59:49.272  2533  2533 D SVA-ExtendedSmMgr: addSoundModel: new one sound model
01-11 16:59:49.272  2533  2533 D SVA-SmModel: SmModel: mSmFullFileName = HeySnapdragon_HP.uim mSmSuffix = .uim mSmUUID = ff7d1aeb-de31-4474-9a6c-1f45028c73aa
01-11 16:59:49.272  2533  2533 D SVA-ExtendedSmMgr: updateSoundModel: soundModel = com.qualcomm.qti.sva.data.ExtendedSmModel@c29c7f7
01-11 16:59:49.272  2533  2533 D SVA-ExtendedSmMgr: query: smFullName = HeySnapdragon_HP.uim
01-11 16:59:49.273  2620  2620 I Perf    : Connecting to perf service.
01-11 16:59:49.279  2585  2585 I Perf    : Connecting to perf service.
01-11 16:59:49.282   590   590 E SELinux : avc:  denied  { find } for service=vendor.perfservice pid=2620 uid=10121 scontext=u:r:systemhelper_app:s0:c512,c768 tcontext=u:object_r:vendor_perf_service:s0 tclass=service_manager permissive=0
01-11 16:59:49.283  2620  2620 E Perf    : Perf service is now down, set sPerfService as null.
01-11 16:59:49.283  2620  2620 E Perf    : Perf service is unavailable.
01-11 16:59:49.289  2533  2533 D ListenSoundModel: Load liblistenjni
01-11 16:59:49.290  1018  2528 V BackupManagerConstants: getKeyValueBackupIntervalMilliseconds(...) returns 14400000
01-11 16:59:49.290  1018  2528 V BackupManagerConstants: getKeyValueBackupFuzzMilliseconds(...) returns 600000
01-11 16:59:49.290  1018  2528 V BackupManagerConstants: getKeyValueBackupRequiredNetworkType(...) returns 1
01-11 16:59:49.293  2568  2568 I NfcService: Starting NFC service
01-11 16:59:49.294  2568  2568 E NfcService: WiredSeService Class not found
01-11 16:59:49.294  1018  2528 V BackupManagerConstants: getKeyValueBackupRequireCharging(...) returns true
01-11 16:59:49.294  1018  2528 V KeyValueBackupJob: Scheduling k/v pass in 247 minutes
01-11 16:59:49.295   907   950 E ANDR-IOP: io prefetch is disabled waiting for boot_completed
01-11 16:59:49.296  2568  2568 D NativeNfcManager: INqNfc 1.1 interface not initialized yet. Getting INqNfcV1_1 Service
01-11 16:59:49.297  1018  1018 W Looper  : Slow dispatch took 119ms main h=android.app.ActivityThread$H c=android.app.-$$Lambda$LoadedApk$ReceiverDispatcher$Args$_BumDX2UKsnxLVrE6UJsJZkotuA@7c1a178 m=0
01-11 16:59:49.297   720   720 D Zygote  : Forked child process 2671
01-11 16:59:49.301  2150  2150 D Tonal   : Tonal Palette - index: 10. Main color: ffeb9aa9
01-11 16:59:49.301  2150  2150 D Tonal   : Colors: ff140409, ff290813, ff3e0c1f, ff58112c, ff771841, ff971e46, ffb72455, ffc8537a, ffe06283, ffe57c95, ffeb9aa9, fff3c5cc, fff9e2e7
01-11 16:59:49.301  1018  2673 I chatty  : uid=1000(system) LBSSystemMonito expire 7 lines
01-11 16:59:49.301  2150  2150 D Tonal   : Gradients: 
01-11 16:59:49.301  2150  2150 D Tonal   : 	Normal GradientColors(ffeb9aa9, ffeb9aa9)
01-11 16:59:49.301  2150  2150 D Tonal   : 	Dark GradientColors(ff58112c, ff58112c)
01-11 16:59:49.301  2150  2150 D Tonal   : 	Extra dark: GradientColors(ff3e0c1f, ff3e0c1f)
01-11 16:59:49.302  2150  2150 V Launcher: LauncherAppState initiated
01-11 16:59:49.303  2568  2568 I android_os_HwBinder: HwBinder: Starting thread pool for getting: vendor.nxp.hardware.nfc@1.1::INqNfc/default
01-11 16:59:49.303  1018  1171 W ActivityManager: Slow operation: 309ms so far, now at startProcess: returned from zygote!
01-11 16:59:49.304   901   901 D NxpHal  : phNxpNciHal_getNfcChipId : enter
01-11 16:59:49.304  2568  2568 D NativeNfcManager: Chip-ID received from HAL interface: 0xa4
01-11 16:59:49.304  2568  2568 D NativeNfcManager: Loading library: sn100nfc_nci_jni
01-11 16:59:49.306  2533  2533 D ListenSoundModel: query() getTypeVersion
01-11 16:59:49.306  2533  2533 V ListenSM-JNI: Java_com_qualcomm_listen_ListenSoundModel_getTypeVersion entered
01-11 16:59:49.306  2533  2533 V SoundModel-helper-JNI: getSMFromByteBuff entered
01-11 16:59:49.306  2533  2533 V SoundModel-helper-JNI: Call ByteBuffer.hasArray()...
01-11 16:59:49.306  2533  2533 V SoundModel-helper-JNI: ... returns true
01-11 16:59:49.306  2533  2533 V SoundModel-helper-JNI: Call CallObjectMethod -> ByteBuffer.arrayOffset()...
01-11 16:59:49.306  2533  2533 V SoundModel-helper-JNI: ByteBuffer.arrayOffset() returned 4
01-11 16:59:49.306  2533  2533 V SoundModel-helper-JNI: Call CallObjectMethod -> ByteBuffer.array()...
01-11 16:59:49.306  2533  2533 V SoundModel-helper-JNI: cast jArrayObj = 0x81 to byteArray
01-11 16:59:49.306  2533  2533 V SoundModel-helper-JNI: GetArrayLength
01-11 16:59:49.306  2533  2533 V SoundModel-helper-JNI: Allocate byte array of size 2714463
01-11 16:59:49.306  2533  2533 V SoundModel-helper-JNI: GetByteArrayRegion w/ byteArray=0x81, len=2714463, into ppData=0x7ad3a2e680
01-11 16:59:49.308  1018  1171 W ActivityManager: Slow operation: 313ms so far, now at startProcess: done updating battery stats
01-11 16:59:49.308  1018  1171 W ActivityManager: Slow operation: 313ms so far, now at startProcess: building log message
01-11 16:59:49.308  1018  1171 I ActivityManager: Start proc 2671:com.qualcomm.qti.workloadclassifier/1000 for added application com.qualcomm.qti.workloadclassifier
01-11 16:59:49.308  1018  1171 W ActivityManager: Slow operation: 313ms so far, now at startProcess: starting to update pids map
01-11 16:59:49.308  1018  1171 W ActivityManager: Slow operation: 314ms so far, now at startProcess: done updating pids map
01-11 16:59:49.308  1018  1171 W ActivityManager: Slow operation: 313ms so far, now at startProcess: asking zygote to start proc
01-11 16:59:49.310  2533  2533 V SoundModel-helper-JNI: ... ByteBuffer.array() returns size, data (2714463, 0x7ad3a2e680)
01-11 16:59:49.310  2533  2533 V SoundModel-helper-JNI: checkSoundModel entered
01-11 16:59:49.310  2533  2533 D SoundModel-helper-JNI: checkSoundModel: NEW querySoundModel() called
01-11 16:59:49.310  2533  2533 I SoundModel-helper-JNI: querySoundModel() SM returned type 6: (Keyword=1, User=2, Mult-KW=4)
01-11 16:59:49.310  2533  2533 I SoundModel-helper-JNI:                                 returned version 768, size 2714456
01-11 16:59:49.310  2533  2533 V SoundModel-helper-JNI: checkSoundModel returns 0
01-11 16:59:49.310  2533  2533 V SoundModel-helper-JNI: getSMFromByteBuff returns type = 6, version = 768, size = 2714456
01-11 16:59:49.310  2533  2533 V ListenSM-JNI: _getTypeVersion: SetIntField type
01-11 16:59:49.310  2533  2533 V ListenSM-JNI: _getTypeVersion: SetIntField version
01-11 16:59:49.310  2533  2533 V ListenSM-JNI: _getTypeVersion: SetIntField size
01-11 16:59:49.310  2533  2533 V ListenSM-JNI: Java_com_qualcomm_listen_ListenSoundModel_getTypeVersion returns 0
01-11 16:59:49.310  2533  2533 D ListenSoundModel: query() getInfoV2 called
01-11 16:59:49.310  2533  2533 V ListenSM-JNI: Java_com_qualcomm_listen_ListenSoundModel_getInfo entered
01-11 16:59:49.310  2533  2533 V SoundModel-helper-JNI: getSMFromByteBuff entered
01-11 16:59:49.310  2533  2533 V SoundModel-helper-JNI: Call ByteBuffer.hasArray()...
01-11 16:59:49.310  2533  2533 V SoundModel-helper-JNI: ... returns true
01-11 16:59:49.311  2533  2533 V SoundModel-helper-JNI: Call CallObjectMethod -> ByteBuffer.arrayOffset()...
01-11 16:59:49.311  2533  2533 V SoundModel-helper-JNI: ByteBuffer.arrayOffset() returned 4
01-11 16:59:49.311  2533  2533 V SoundModel-helper-JNI: Call CallObjectMethod -> ByteBuffer.array()...
01-11 16:59:49.311  2533  2533 V SoundModel-helper-JNI: cast jArrayObj = 0x85 to byteArray
01-11 16:59:49.311  2533  2533 V SoundModel-helper-JNI: GetArrayLength
01-11 16:59:49.311  2533  2533 V SoundModel-helper-JNI: Allocate byte array of size 2714463
01-11 16:59:49.311  2533  2533 V SoundModel-helper-JNI: GetByteArrayRegion w/ byteArray=0x85, len=2714463, into ppData=0x7ad3a2e440
01-11 16:59:49.311  2533  2533 V SoundModel-helper-JNI: ... ByteBuffer.array() returns size, data (2714463, 0x7ad3a2e440)
01-11 16:59:49.311  2533  2533 V SoundModel-helper-JNI: checkSoundModel entered
01-11 16:59:49.311  2533  2533 D SoundModel-helper-JNI: checkSoundModel: NEW querySoundModel() called
01-11 16:59:49.311  2533  2533 I SoundModel-helper-JNI: querySoundModel() SM returned type 6: (Keyword=1, User=2, Mult-KW=4)
01-11 16:59:49.311  2533  2533 I SoundModel-helper-JNI:                                 returned version 768, size 2714456
01-11 16:59:49.311  2533  2533 V SoundModel-helper-JNI: checkSoundModel returns 0
01-11 16:59:49.311  2533  2533 V SoundModel-helper-JNI: getSMFromByteBuff returns type = 6, version = 768, size = 2714456
01-11 16:59:49.311  2533  2533 V SoundModel-helper-JNI: getSMInfoV2 entered
01-11 16:59:49.319  2533  2533 D SoundModel-helper-JNI: getSMInfoV2: numKeyphrasesHeader = 1, numUsersHeader = 0, numPairs = 0
01-11 16:59:49.319  2533  2533 D SoundModel-helper-JNI: getSMInfoV2: getKeywordPhrases 
01-11 16:59:49.319  2533  2533 V SoundModel-helper-JNI: allocStrArr enters - size 1, write into 0x7fd1f11f70
01-11 16:59:49.319  2533  2533 V SoundModel-helper-JNI: allocStrArr malloc's each element in Array
01-11 16:59:49.319  2533  2533 V SoundModel-helper-JNI: allocStrArr returns
01-11 16:59:49.320   872   872 V LocSvc_HIDL_HidlGnss: [getExtensionLocHidlRilInfoMonitor][312] [HS] <<<<= [HC]
01-11 16:59:49.320  2533  2533 D SoundModel-helper-JNI: getSMInfoV2: getKeywordPhrase output 1 KW strings
01-11 16:59:49.320  2533  2533 D SoundModel-helper-JNI: getSMInfoV2: KeywordPhrase[0] = HeySnapdragon_flt10p100
01-11 16:59:49.320  2533  2533 D SoundModel-helper-JNI: getSMInfoV2: allocate arrays
01-11 16:59:49.320  2533  2533 D SoundModel-helper-JNI: getSMInfoV2: place userNameArr within soundModelInfo
01-11 16:59:49.320  2533  2533 D SoundModel-helper-JNI: getSMInfoV2: place kwInfoArr within soundModelInfo
01-11 16:59:49.320  2533  2533 D SoundModel-helper-JNI: getSMInfoV2: place counts within soundModelInfo
01-11 16:59:49.320  2533  2533 D SoundModel-helper-JNI: getSMInfoV2: fill 1 KWs
01-11 16:59:49.320  2533  2533 D SoundModel-helper-JNI: getSMInfoV2 fill 0 users
01-11 16:59:49.320  2533  2533 V SoundModel-helper-JNI: freeStrArr 0x7b2b641798
01-11 16:59:49.320  2533  2533 V SoundModel-helper-JNI: freeStrArr free each element in Array size 1
01-11 16:59:49.320  2533  2533 V SoundModel-helper-JNI: freeStrArr returns
01-11 16:59:49.320  2533  2533 V SoundModel-helper-JNI: getSMInfoV2 returns 0
01-11 16:59:49.320  2533  2533 V ListenSM-JNI: Java_com_qualcomm_listen_ListenSoundModel_getInfo returns 0
01-11 16:59:49.320  2533  2533 D SVA-ExtendedSmMgr: convertVersion: version = 768 convertedVersion = VERSION_3_0
01-11 16:59:49.320  2533  2533 D SVA-ExtendedSmMgr: generateKeyphraseUserIndicesArray: HeySnapdragon_flt10p100 index = 0
01-11 16:59:49.320  2533  2533 D SVA-SmModel: addKeyphrase: keyphrase = HeySnapdragon_flt10p100 keyphraseId = 0
01-11 16:59:49.320  2533  2533 D SVA-SmModel: getKeyphraseModel: keyphrase = HeySnapdragon_flt10p100
01-11 16:59:49.320  2533  2533 D SVA-KeyphraseModel: setKeyphraseId: id = 0
01-11 16:59:49.320  2533  2533 E SVA-ExtendedSmMgr: addKeyphraseAndUsers: keyphrase com.qualcomm.listen.ListenTypes$KeywordInfo@b97b0cd 's keyphraseId = 0
01-11 16:59:49.320  2533  2533 E SVA-ExtendedSmMgr: addKeyphraseAndUsers: add HeySnapdragon_flt10p100 to mUIMKeyphraseList
01-11 16:59:49.320   872   872 V LocSvc_HIDL_RilInfoMonitor: [init][18] [HS] <<<<= [HC]
01-11 16:59:49.321  1018  1711 I SyncManager: Loaded persisted syncs: 0 periodic syncs, 0 oneshot syncs, 13 total system server jobs, JobStats: FirstLoad: 4/2/0 LastSave: -1/-1/-1
01-11 16:59:49.321  2533  2533 D SVA-ExtendedSmMgr: getSoundModel: smFullName = HeySnapdragon_HP.uim
01-11 16:59:49.325  2533  2533 D SVA-SettingsDAO: getActionIntent: result = null
01-11 16:59:49.326  2533  2533 D SVA-ExtendedSmMgr: getSoundModel: smFullName = HeySnapdragon_HP.uim
01-11 16:59:49.326  2533  2533 D SVA-ExtendedSmMgr: addSoundModel: 3.0 and 4.0 model set opaque data transfer enabled
01-11 16:59:49.327  2533  2533 D SVA-ExtendedSmMgr: addSoundModel: smFullName = HeySnapdragon_LP.uim
01-11 16:59:49.327  2533  2533 D SVA-ExtendedSmMgr: getSoundModel: smFullName = HeySnapdragon_LP.uim
01-11 16:59:49.327  2533  2533 D SVA-ExtendedSmMgr: addSoundModel: new one sound model
01-11 16:59:49.327  2533  2533 D SVA-SmModel: SmModel: mSmFullFileName = HeySnapdragon_LP.uim mSmSuffix = .uim mSmUUID = a2d6755b-5227-4607-a48e-c7a6e11d21bb
01-11 16:59:49.327  2644  2644 I com.android.se: The ClassLoaderContext is a special shared library.
01-11 16:59:49.327  2533  2533 D SVA-ExtendedSmMgr: updateSoundModel: soundModel = com.qualcomm.qti.sva.data.ExtendedSmModel@128ec93
01-11 16:59:49.328  2533  2533 D SVA-ExtendedSmMgr: query: smFullName = HeySnapdragon_LP.uim
01-11 16:59:49.329  2533  2533 D ListenSoundModel: query() getTypeVersion
01-11 16:59:49.329  2533  2533 V ListenSM-JNI: Java_com_qualcomm_listen_ListenSoundModel_getTypeVersion entered
01-11 16:59:49.329  2533  2533 V SoundModel-helper-JNI: getSMFromByteBuff entered
01-11 16:59:49.329  2533  2533 V SoundModel-helper-JNI: Call ByteBuffer.hasArray()...
01-11 16:59:49.329  2533  2533 V SoundModel-helper-JNI: ... returns true
01-11 16:59:49.329  2533  2533 V SoundModel-helper-JNI: Call CallObjectMethod -> ByteBuffer.arrayOffset()...
01-11 16:59:49.329  2533  2533 V SoundModel-helper-JNI: ByteBuffer.arrayOffset() returned 4
01-11 16:59:49.329  2533  2533 V SoundModel-helper-JNI: Call CallObjectMethod -> ByteBuffer.array()...
01-11 16:59:49.329  2533  2533 V SoundModel-helper-JNI: cast jArrayObj = 0x89 to byteArray
01-11 16:59:49.329  2533  2533 V SoundModel-helper-JNI: GetArrayLength
01-11 16:59:49.329  2533  2533 V SoundModel-helper-JNI: Allocate byte array of size 47199
01-11 16:59:49.329  2533  2533 V SoundModel-helper-JNI: GetByteArrayRegion w/ byteArray=0x89, len=47199, into ppData=0x7ad3a3c000
01-11 16:59:49.329  2533  2533 V SoundModel-helper-JNI: ... ByteBuffer.array() returns size, data (47199, 0x7ad3a3c000)
01-11 16:59:49.329  2533  2533 V SoundModel-helper-JNI: checkSoundModel entered
01-11 16:59:49.329  2533  2533 D SoundModel-helper-JNI: checkSoundModel: NEW querySoundModel() called
01-11 16:59:49.329  2533  2533 I SoundModel-helper-JNI: querySoundModel() SM returned type 4: (Keyword=1, User=2, Mult-KW=4)
01-11 16:59:49.329  2533  2533 I SoundModel-helper-JNI:                                 returned version 5, size 47192
01-11 16:59:49.329  2533  2533 V SoundModel-helper-JNI: checkSoundModel returns 0
01-11 16:59:49.329  2533  2533 V SoundModel-helper-JNI: getSMFromByteBuff returns type = 4, version = 5, size = 47192
01-11 16:59:49.329  2533  2533 V ListenSM-JNI: _getTypeVersion: SetIntField type
01-11 16:59:49.329  2533  2533 V ListenSM-JNI: _getTypeVersion: SetIntField version
01-11 16:59:49.329  2533  2533 V ListenSM-JNI: _getTypeVersion: SetIntField size
01-11 16:59:49.329  2533  2533 V ListenSM-JNI: Java_com_qualcomm_listen_ListenSoundModel_getTypeVersion returns 0
01-11 16:59:49.329  2533  2533 D ListenSoundModel: query() getInfoV2 called
01-11 16:59:49.329  2533  2533 V ListenSM-JNI: Java_com_qualcomm_listen_ListenSoundModel_getInfo entered
01-11 16:59:49.329  2533  2533 V SoundModel-helper-JNI: getSMFromByteBuff entered
01-11 16:59:49.329  2533  2533 V SoundModel-helper-JNI: Call ByteBuffer.hasArray()...
01-11 16:59:49.329  2533  2533 V SoundModel-helper-JNI: ... returns true
01-11 16:59:49.329  2533  2533 V SoundModel-helper-JNI: Call CallObjectMethod -> ByteBuffer.arrayOffset()...
01-11 16:59:49.329  2533  2533 V SoundModel-helper-JNI: ByteBuffer.arrayOffset() returned 4
01-11 16:59:49.329  2533  2533 V SoundModel-helper-JNI: Call CallObjectMethod -> ByteBuffer.array()...
01-11 16:59:49.329  2533  2533 V SoundModel-helper-JNI: cast jArrayObj = 0x81 to byteArray
01-11 16:59:49.329  2533  2533 V SoundModel-helper-JNI: GetArrayLength
01-11 16:59:49.329  2533  2533 V SoundModel-helper-JNI: Allocate byte array of size 47199
01-11 16:59:49.329  2533  2533 V SoundModel-helper-JNI: GetByteArrayRegion w/ byteArray=0x81, len=47199, into ppData=0x7ad3a3c000
01-11 16:59:49.329  2533  2533 V SoundModel-helper-JNI: ... ByteBuffer.array() returns size, data (47199, 0x7ad3a3c000)
01-11 16:59:49.329  2533  2533 V SoundModel-helper-JNI: checkSoundModel entered
01-11 16:59:49.329  2533  2533 D SoundModel-helper-JNI: checkSoundModel: NEW querySoundModel() called
01-11 16:59:49.329  2533  2533 I SoundModel-helper-JNI: querySoundModel() SM returned type 4: (Keyword=1, User=2, Mult-KW=4)
01-11 16:59:49.329  2533  2533 I SoundModel-helper-JNI:                                 returned version 5, size 47192
01-11 16:59:49.329  2533  2533 V SoundModel-helper-JNI: checkSoundModel returns 0
01-11 16:59:49.329  2533  2533 V SoundModel-helper-JNI: getSMFromByteBuff returns type = 4, version = 5, size = 47192
01-11 16:59:49.329  2533  2533 V SoundModel-helper-JNI: getSMInfoV2 entered
01-11 16:59:49.329  2533  2533 D SoundModel-helper-JNI: getSMInfoV2: numKeyphrasesHeader = 1, numUsersHeader = 0, numPairs = 0
01-11 16:59:49.329  2533  2533 D SoundModel-helper-JNI: getSMInfoV2: getKeywordPhrases 
01-11 16:59:49.329  2533  2533 V SoundModel-helper-JNI: allocStrArr enters - size 1, write into 0x7fd1f124b0
01-11 16:59:49.329  2533  2533 V SoundModel-helper-JNI: allocStrArr malloc's each element in Array
01-11 16:59:49.329  2533  2533 V SoundModel-helper-JNI: allocStrArr returns
01-11 16:59:49.329  2533  2533 D SoundModel-helper-JNI: getSMInfoV2: getKeywordPhrase output 1 KW strings
01-11 16:59:49.329  2533  2533 D SoundModel-helper-JNI: getSMInfoV2: KeywordPhrase[0] = Hey Snapdragon
01-11 16:59:49.329  2533  2533 D SoundModel-helper-JNI: getSMInfoV2: allocate arrays
01-11 16:59:49.329  2533  2533 D SoundModel-helper-JNI: getSMInfoV2: place userNameArr within soundModelInfo
01-11 16:59:49.329  2533  2533 D SoundModel-helper-JNI: getSMInfoV2: place kwInfoArr within soundModelInfo
01-11 16:59:49.329  2533  2533 D SoundModel-helper-JNI: getSMInfoV2: place counts within soundModelInfo
01-11 16:59:49.329  2533  2533 D SoundModel-helper-JNI: getSMInfoV2: fill 1 KWs
01-11 16:59:49.329  2533  2533 D SoundModel-helper-JNI: getSMInfoV2 fill 0 users
01-11 16:59:49.329  2533  2533 V SoundModel-helper-JNI: freeStrArr 0x7b2b6417a0
01-11 16:59:49.329  2533  2533 V SoundModel-helper-JNI: freeStrArr free each element in Array size 1
01-11 16:59:49.329  2533  2533 V SoundModel-helper-JNI: freeStrArr returns
01-11 16:59:49.329  2533  2533 V SoundModel-helper-JNI: getSMInfoV2 returns 0
01-11 16:59:49.329  2533  2533 V ListenSM-JNI: Java_com_qualcomm_listen_ListenSoundModel_getInfo returns 0
01-11 16:59:49.330  2533  2533 D SVA-ExtendedSmMgr: convertVersion: version = 512 convertedVersion = VERSION_2_0
01-11 16:59:49.330  2533  2533 D SVA-ExtendedSmMgr: generateKeyphraseUserIndicesArray: Hey Snapdragon index = 0
01-11 16:59:49.330  2533  2533 D SVA-SmModel: addKeyphrase: keyphrase = Hey Snapdragon keyphraseId = 0
01-11 16:59:49.330  2533  2533 D SVA-SmModel: getKeyphraseModel: keyphrase = Hey Snapdragon
01-11 16:59:49.330  2533  2533 D SVA-KeyphraseModel: setKeyphraseId: id = 0
01-11 16:59:49.330  2533  2533 E SVA-ExtendedSmMgr: addKeyphraseAndUsers: keyphrase com.qualcomm.listen.ListenTypes$KeywordInfo@6fb8cc9 's keyphraseId = 0
01-11 16:59:49.330  2533  2533 E SVA-ExtendedSmMgr: addKeyphraseAndUsers: add Hey Snapdragon to mUIMKeyphraseList
01-11 16:59:49.331  2533  2533 D SVA-ExtendedSmMgr: getSoundModel: smFullName = HeySnapdragon_LP.uim
01-11 16:59:49.339  2533  2533 D SVA-SettingsDAO: getActionIntent: result = null
01-11 16:59:49.340  2533  2533 D SVA-ExtendedSmMgr: getSoundModel: smFullName = HeySnapdragon_LP.uim
01-11 16:59:49.340  2533  2533 D SVA-ExtendedSmMgr: addSoundModel: smFullName = HsNhxl_LP.uim
01-11 16:59:49.340  2533  2533 D SVA-ExtendedSmMgr: getSoundModel: smFullName = HsNhxl_LP.uim
01-11 16:59:49.340  2533  2533 D SVA-ExtendedSmMgr: addSoundModel: new one sound model
01-11 16:59:49.340  2533  2533 D SVA-SmModel: SmModel: mSmFullFileName = HsNhxl_LP.uim mSmSuffix = .uim mSmUUID = 6f96aa10-ed05-4b14-9aeb-6db1d8f349cb
01-11 16:59:49.340  2533  2533 D SVA-ExtendedSmMgr: updateSoundModel: soundModel = com.qualcomm.qti.sva.data.ExtendedSmModel@a765fce
01-11 16:59:49.340  2533  2533 D SVA-ExtendedSmMgr: query: smFullName = HsNhxl_LP.uim
01-11 16:59:49.341  2644  2644 I Perf    : Connecting to perf service.
01-11 16:59:49.341  2533  2533 D ListenSoundModel: query() getTypeVersion
01-11 16:59:49.341  2533  2533 V ListenSM-JNI: Java_com_qualcomm_listen_ListenSoundModel_getTypeVersion entered
01-11 16:59:49.341  2533  2533 V SoundModel-helper-JNI: getSMFromByteBuff entered
01-11 16:59:49.341  2533  2533 V SoundModel-helper-JNI: Call ByteBuffer.hasArray()...
01-11 16:59:49.341  2533  2533 V SoundModel-helper-JNI: ... returns true
01-11 16:59:49.341  2533  2533 V SoundModel-helper-JNI: Call CallObjectMethod -> ByteBuffer.arrayOffset()...
01-11 16:59:49.341  2533  2533 V SoundModel-helper-JNI: ByteBuffer.arrayOffset() returned 4
01-11 16:59:49.341  2533  2533 V SoundModel-helper-JNI: Call CallObjectMethod -> ByteBuffer.array()...
01-11 16:59:49.341  2533  2533 V SoundModel-helper-JNI: cast jArrayObj = 0x85 to byteArray
01-11 16:59:49.341  2533  2533 V SoundModel-helper-JNI: GetArrayLength
01-11 16:59:49.341  2533  2533 V SoundModel-helper-JNI: Allocate byte array of size 95319
01-11 16:59:49.341  2533  2533 V SoundModel-helper-JNI: GetByteArrayRegion w/ byteArray=0x85, len=95319, into ppData=0x7ad3a6cf80
01-11 16:59:49.342  2533  2533 V SoundModel-helper-JNI: ... ByteBuffer.array() returns size, data (95319, 0x7ad3a6cf80)
01-11 16:59:49.342  2533  2533 V SoundModel-helper-JNI: checkSoundModel entered
01-11 16:59:49.342  2533  2533 D SoundModel-helper-JNI: checkSoundModel: NEW querySoundModel() called
01-11 16:59:49.342  2533  2533 I SoundModel-helper-JNI: querySoundModel() SM returned type 4: (Keyword=1, User=2, Mult-KW=4)
01-11 16:59:49.342  2533  2533 I SoundModel-helper-JNI:                                 returned version 5, size 95312
01-11 16:59:49.342  2533  2533 V SoundModel-helper-JNI: checkSoundModel returns 0
01-11 16:59:49.342  2533  2533 V SoundModel-helper-JNI: getSMFromByteBuff returns type = 4, version = 5, size = 95312
01-11 16:59:49.342  2533  2533 V ListenSM-JNI: _getTypeVersion: SetIntField type
01-11 16:59:49.342  2533  2533 V ListenSM-JNI: _getTypeVersion: SetIntField version
01-11 16:59:49.342  2533  2533 V ListenSM-JNI: _getTypeVersion: SetIntField size
01-11 16:59:49.342  2533  2533 V ListenSM-JNI: Java_com_qualcomm_listen_ListenSoundModel_getTypeVersion returns 0
01-11 16:59:49.342  2533  2533 D ListenSoundModel: query() getInfoV2 called
01-11 16:59:49.342  2533  2533 V ListenSM-JNI: Java_com_qualcomm_listen_ListenSoundModel_getInfo entered
01-11 16:59:49.342  2533  2533 V SoundModel-helper-JNI: getSMFromByteBuff entered
01-11 16:59:49.342  2533  2533 V SoundModel-helper-JNI: Call ByteBuffer.hasArray()...
01-11 16:59:49.342  2533  2533 V SoundModel-helper-JNI: ... returns true
01-11 16:59:49.342  2533  2533 V SoundModel-helper-JNI: Call CallObjectMethod -> ByteBuffer.arrayOffset()...
01-11 16:59:49.342  2533  2533 V SoundModel-helper-JNI: ByteBuffer.arrayOffset() returned 4
01-11 16:59:49.342  2533  2533 V SoundModel-helper-JNI: Call CallObjectMethod -> ByteBuffer.array()...
01-11 16:59:49.342  2533  2533 V SoundModel-helper-JNI: cast jArrayObj = 0x89 to byteArray
01-11 16:59:49.342  2533  2533 V SoundModel-helper-JNI: GetArrayLength
01-11 16:59:49.342  2533  2533 V SoundModel-helper-JNI: Allocate byte array of size 95319
01-11 16:59:49.342  2533  2533 V SoundModel-helper-JNI: GetByteArrayRegion w/ byteArray=0x89, len=95319, into ppData=0x7ad3a6b740
01-11 16:59:49.342  2533  2533 V SoundModel-helper-JNI: ... ByteBuffer.array() returns size, data (95319, 0x7ad3a6b740)
01-11 16:59:49.342  2533  2533 V SoundModel-helper-JNI: checkSoundModel entered
01-11 16:59:49.342  2533  2533 D SoundModel-helper-JNI: checkSoundModel: NEW querySoundModel() called
01-11 16:59:49.342  2533  2533 I SoundModel-helper-JNI: querySoundModel() SM returned type 4: (Keyword=1, User=2, Mult-KW=4)
01-11 16:59:49.342  2533  2533 I SoundModel-helper-JNI:                                 returned version 5, size 95312
01-11 16:59:49.342  2533  2533 V SoundModel-helper-JNI: checkSoundModel returns 0
01-11 16:59:49.342  2533  2533 V SoundModel-helper-JNI: getSMFromByteBuff returns type = 4, version = 5, size = 95312
01-11 16:59:49.342  2533  2533 V SoundModel-helper-JNI: getSMInfoV2 entered
01-11 16:59:49.342  2533  2533 D SoundModel-helper-JNI: getSMInfoV2: numKeyphrasesHeader = 2, numUsersHeader = 0, numPairs = 0
01-11 16:59:49.342  2533  2533 D SoundModel-helper-JNI: getSMInfoV2: getKeywordPhrases 
01-11 16:59:49.342  2533  2533 V SoundModel-helper-JNI: allocStrArr enters - size 2, write into 0x7fd1f124b0
01-11 16:59:49.342  2533  2533 V SoundModel-helper-JNI: allocStrArr malloc's each element in Array
01-11 16:59:49.342  2533  2533 V SoundModel-helper-JNI: allocStrArr returns
01-11 16:59:49.342  2533  2533 D SoundModel-helper-JNI: getSMInfoV2: getKeywordPhrase output 2 KW strings
01-11 16:59:49.342  2533  2533 D SoundModel-helper-JNI: getSMInfoV2: KeywordPhrase[0] = ni hao xiao long
01-11 16:59:49.342  2533  2533 D SoundModel-helper-JNI: getSMInfoV2: KeywordPhrase[1] = Hey Snapdragon
01-11 16:59:49.342  2533  2533 D SoundModel-helper-JNI: getSMInfoV2: allocate arrays
01-11 16:59:49.342  2533  2533 D SoundModel-helper-JNI: getSMInfoV2: place userNameArr within soundModelInfo
01-11 16:59:49.342  2533  2533 D SoundModel-helper-JNI: getSMInfoV2: place kwInfoArr within soundModelInfo
01-11 16:59:49.342  2533  2533 D SoundModel-helper-JNI: getSMInfoV2: place counts within soundModelInfo
01-11 16:59:49.342  2533  2533 D SoundModel-helper-JNI: getSMInfoV2: fill 2 KWs
01-11 16:59:49.342  2533  2533 D SoundModel-helper-JNI: getSMInfoV2 fill 0 users
01-11 16:59:49.342  2533  2533 V SoundModel-helper-JNI: freeStrArr 0x7bc19b1290
01-11 16:59:49.342  2533  2533 V SoundModel-helper-JNI: freeStrArr free each element in Array size 2
01-11 16:59:49.342  2533  2533 V SoundModel-helper-JNI: freeStrArr returns
01-11 16:59:49.342  2533  2533 V SoundModel-helper-JNI: getSMInfoV2 returns 0
01-11 16:59:49.342  2533  2533 V ListenSM-JNI: Java_com_qualcomm_listen_ListenSoundModel_getInfo returns 0
01-11 16:59:49.342  2533  2533 D SVA-ExtendedSmMgr: convertVersion: version = 512 convertedVersion = VERSION_2_0
01-11 16:59:49.342  2533  2533 D SVA-ExtendedSmMgr: generateKeyphraseUserIndicesArray: ni hao xiao long index = 0
01-11 16:59:49.343  2533  2533 D SVA-ExtendedSmMgr: generateKeyphraseUserIndicesArray: Hey Snapdragon index = 1
01-11 16:59:49.343  2533  2533 D SVA-SmModel: addKeyphrase: keyphrase = ni hao xiao long keyphraseId = 0
01-11 16:59:49.343  2533  2533 D SVA-SmModel: getKeyphraseModel: keyphrase = ni hao xiao long
01-11 16:59:49.343  2533  2533 D SVA-KeyphraseModel: setKeyphraseId: id = 0
01-11 16:59:49.343  2533  2533 E SVA-ExtendedSmMgr: addKeyphraseAndUsers: keyphrase com.qualcomm.listen.ListenTypes$KeywordInfo@674dfc 's keyphraseId = 0
01-11 16:59:49.343  2533  2533 E SVA-ExtendedSmMgr: addKeyphraseAndUsers: add ni hao xiao long to mUIMKeyphraseList
01-11 16:59:49.343  2533  2533 D SVA-SmModel: addKeyphrase: keyphrase = Hey Snapdragon keyphraseId = 1
01-11 16:59:49.343  2533  2533 D SVA-SmModel: getKeyphraseModel: keyphrase = Hey Snapdragon
01-11 16:59:49.343  2533  2533 D SVA-KeyphraseModel: setKeyphraseId: id = 1
01-11 16:59:49.343  2533  2533 E SVA-ExtendedSmMgr: addKeyphraseAndUsers: keyphrase com.qualcomm.listen.ListenTypes$KeywordInfo@2a72c85 's keyphraseId = 1
01-11 16:59:49.344  2533  2533 D SVA-ExtendedSmMgr: getSoundModel: smFullName = HsNhxl_LP.uim
01-11 16:59:49.346  2533  2533 D SVA-SettingsDAO: getActionIntent: result = null
01-11 16:59:49.347  2533  2533 D SVA-ExtendedSmMgr: getSoundModel: smFullName = HsNhxl_LP.uim
01-11 16:59:49.347  2533  2533 D SVA-ExtendedSmMgr: addSoundModel: smFullName = NiHaoXiaoLong_LP.uim
01-11 16:59:49.347  2533  2533 D SVA-ExtendedSmMgr: getSoundModel: smFullName = NiHaoXiaoLong_LP.uim
01-11 16:59:49.347  2533  2533 D SVA-ExtendedSmMgr: addSoundModel: new one sound model
01-11 16:59:49.347  2533  2533 D SVA-SmModel: SmModel: mSmFullFileName = NiHaoXiaoLong_LP.uim mSmSuffix = .uim mSmUUID = 925a19a8-a4b1-4760-8d14-9acd90fc8bb7
01-11 16:59:49.347  2533  2533 D SVA-ExtendedSmMgr: updateSoundModel: soundModel = com.qualcomm.qti.sva.data.ExtendedSmModel@49caada
01-11 16:59:49.347  2533  2533 D SVA-ExtendedSmMgr: query: smFullName = NiHaoXiaoLong_LP.uim
01-11 16:59:49.347   720   720 D Zygote  : Forked child process 2698
01-11 16:59:49.349  1018  1171 W ActivityManager: Slow operation: 353ms so far, now at startProcess: returned from zygote!
01-11 16:59:49.349  1018  1171 W ActivityManager: Slow operation: 353ms so far, now at startProcess: done updating battery stats
01-11 16:59:49.349  1018  1171 W ActivityManager: Slow operation: 353ms so far, now at startProcess: building log message
01-11 16:59:49.349  1018  1171 I ActivityManager: Start proc 2698:com.qualcomm.qti.services.secureui:sui_service/1000 for added application com.qualcomm.qti.services.secureui:sui_service
01-11 16:59:49.349  1018  1171 W ActivityManager: Slow operation: 353ms so far, now at startProcess: starting to update pids map
01-11 16:59:49.349  1018  1171 W ActivityManager: Slow operation: 353ms so far, now at startProcess: done updating pids map
01-11 16:59:49.349  1018  1171 W ActivityManager: Slow operation: 320ms so far, now at startProcess: asking zygote to start proc
01-11 16:59:49.351  2533  2533 D ListenSoundModel: query() getTypeVersion
01-11 16:59:49.351  1018  1063 I chatty  : uid=1000(system) HeapTaskDaemon expire 1 line
01-11 16:59:49.351  2533  2533 V ListenSM-JNI: Java_com_qualcomm_listen_ListenSoundModel_getTypeVersion entered
01-11 16:59:49.351  2533  2533 V SoundModel-helper-JNI: getSMFromByteBuff entered
01-11 16:59:49.351  2533  2533 V SoundModel-helper-JNI: Call ByteBuffer.hasArray()...
01-11 16:59:49.351  2533  2533 V SoundModel-helper-JNI: ... returns true
01-11 16:59:49.351  2533  2533 V SoundModel-helper-JNI: Call CallObjectMethod -> ByteBuffer.arrayOffset()...
01-11 16:59:49.351  2533  2533 V SoundModel-helper-JNI: ByteBuffer.arrayOffset() returned 4
01-11 16:59:49.351  2533  2533 V SoundModel-helper-JNI: Call CallObjectMethod -> ByteBuffer.array()...
01-11 16:59:49.351  2533  2533 V SoundModel-helper-JNI: cast jArrayObj = 0x81 to byteArray
01-11 16:59:49.351  2533  2533 V SoundModel-helper-JNI: GetArrayLength
01-11 16:59:49.351  2533  2533 V SoundModel-helper-JNI: Allocate byte array of size 48303
01-11 16:59:49.351  2533  2533 V SoundModel-helper-JNI: GetByteArrayRegion w/ byteArray=0x81, len=48303, into ppData=0x7ad3a3c000
01-11 16:59:49.351  2533  2533 V SoundModel-helper-JNI: ... ByteBuffer.array() returns size, data (48303, 0x7ad3a3c000)
01-11 16:59:49.351  2533  2533 V SoundModel-helper-JNI: checkSoundModel entered
01-11 16:59:49.351  2533  2533 D SoundModel-helper-JNI: checkSoundModel: NEW querySoundModel() called
01-11 16:59:49.351  2533  2533 I SoundModel-helper-JNI: querySoundModel() SM returned type 4: (Keyword=1, User=2, Mult-KW=4)
01-11 16:59:49.351  2533  2533 I SoundModel-helper-JNI:                                 returned version 5, size 48296
01-11 16:59:49.351  2533  2533 V SoundModel-helper-JNI: checkSoundModel returns 0
01-11 16:59:49.351  2533  2533 V SoundModel-helper-JNI: getSMFromByteBuff returns type = 4, version = 5, size = 48296
01-11 16:59:49.351  2533  2533 V ListenSM-JNI: _getTypeVersion: SetIntField type
01-11 16:59:49.351  2533  2533 V ListenSM-JNI: _getTypeVersion: SetIntField version
01-11 16:59:49.351  2533  2533 V ListenSM-JNI: _getTypeVersion: SetIntField size
01-11 16:59:49.351  2533  2533 V ListenSM-JNI: Java_com_qualcomm_listen_ListenSoundModel_getTypeVersion returns 0
01-11 16:59:49.351  2533  2533 D ListenSoundModel: query() getInfoV2 called
01-11 16:59:49.351  2533  2533 V ListenSM-JNI: Java_com_qualcomm_listen_ListenSoundModel_getInfo entered
01-11 16:59:49.351  2533  2533 V SoundModel-helper-JNI: getSMFromByteBuff entered
01-11 16:59:49.351  2533  2533 V SoundModel-helper-JNI: Call ByteBuffer.hasArray()...
01-11 16:59:49.351  2533  2533 V SoundModel-helper-JNI: ... returns true
01-11 16:59:49.351  2533  2533 V SoundModel-helper-JNI: Call CallObjectMethod -> ByteBuffer.arrayOffset()...
01-11 16:59:49.351  2533  2533 V SoundModel-helper-JNI: ByteBuffer.arrayOffset() returned 4
01-11 16:59:49.351  2533  2533 V SoundModel-helper-JNI: Call CallObjectMethod -> ByteBuffer.array()...
01-11 16:59:49.351  2533  2533 V SoundModel-helper-JNI: cast jArrayObj = 0x85 to byteArray
01-11 16:59:49.351  2533  2533 V SoundModel-helper-JNI: GetArrayLength
01-11 16:59:49.351  2533  2533 V SoundModel-helper-JNI: Allocate byte array of size 48303
01-11 16:59:49.352  2533  2533 V SoundModel-helper-JNI: GetByteArrayRegion w/ byteArray=0x85, len=48303, into ppData=0x7ad3a3c000
01-11 16:59:49.352  2533  2533 V SoundModel-helper-JNI: ... ByteBuffer.array() returns size, data (48303, 0x7ad3a3c000)
01-11 16:59:49.352  2533  2533 V SoundModel-helper-JNI: checkSoundModel entered
01-11 16:59:49.352  2533  2533 D SoundModel-helper-JNI: checkSoundModel: NEW querySoundModel() called
01-11 16:59:49.352  2533  2533 I SoundModel-helper-JNI: querySoundModel() SM returned type 4: (Keyword=1, User=2, Mult-KW=4)
01-11 16:59:49.352  2533  2533 I SoundModel-helper-JNI:                                 returned version 5, size 48296
01-11 16:59:49.352  2533  2533 V SoundModel-helper-JNI: checkSoundModel returns 0
01-11 16:59:49.352  2533  2533 V SoundModel-helper-JNI: getSMFromByteBuff returns type = 4, version = 5, size = 48296
01-11 16:59:49.352  2533  2533 V SoundModel-helper-JNI: getSMInfoV2 entered
01-11 16:59:49.352  2533  2533 D SoundModel-helper-JNI: getSMInfoV2: numKeyphrasesHeader = 1, numUsersHeader = 0, numPairs = 0
01-11 16:59:49.352  2533  2533 D SoundModel-helper-JNI: getSMInfoV2: getKeywordPhrases 
01-11 16:59:49.352  2533  2533 V SoundModel-helper-JNI: allocStrArr enters - size 1, write into 0x7fd1f124b0
01-11 16:59:49.352  2533  2533 V SoundModel-helper-JNI: allocStrArr malloc's each element in Array
01-11 16:59:49.352  2533  2533 V SoundModel-helper-JNI: allocStrArr returns
01-11 16:59:49.352  2533  2533 D SoundModel-helper-JNI: getSMInfoV2: getKeywordPhrase output 1 KW strings
01-11 16:59:49.352  2533  2533 D SoundModel-helper-JNI: getSMInfoV2: KeywordPhrase[0] = ni hao xiao long
01-11 16:59:49.352  2533  2533 D SoundModel-helper-JNI: getSMInfoV2: allocate arrays
01-11 16:59:49.352  2533  2533 D SoundModel-helper-JNI: getSMInfoV2: place userNameArr within soundModelInfo
01-11 16:59:49.352  2533  2533 D SoundModel-helper-JNI: getSMInfoV2: place kwInfoArr within soundModelInfo
01-11 16:59:49.352  2533  2533 D SoundModel-helper-JNI: getSMInfoV2: place counts within soundModelInfo
01-11 16:59:49.352  2533  2533 D SoundModel-helper-JNI: getSMInfoV2: fill 1 KWs
01-11 16:59:49.352  2533  2533 D SoundModel-helper-JNI: getSMInfoV2 fill 0 users
01-11 16:59:49.352  2533  2533 V SoundModel-helper-JNI: freeStrArr 0x7b2b6417c0
01-11 16:59:49.352  2533  2533 V SoundModel-helper-JNI: freeStrArr free each element in Array size 1
01-11 16:59:49.352  2533  2533 V SoundModel-helper-JNI: freeStrArr returns
01-11 16:59:49.352  2533  2533 V SoundModel-helper-JNI: getSMInfoV2 returns 0
01-11 16:59:49.352  2533  2533 V ListenSM-JNI: Java_com_qualcomm_listen_ListenSoundModel_getInfo returns 0
01-11 16:59:49.352  2533  2533 D SVA-ExtendedSmMgr: convertVersion: version = 512 convertedVersion = VERSION_2_0
01-11 16:59:49.352  2533  2533 D SVA-ExtendedSmMgr: generateKeyphraseUserIndicesArray: ni hao xiao long index = 0
01-11 16:59:49.352  2533  2533 D SVA-SmModel: addKeyphrase: keyphrase = ni hao xiao long keyphraseId = 0
01-11 16:59:49.352  2533  2533 D SVA-SmModel: getKeyphraseModel: keyphrase = ni hao xiao long
01-11 16:59:49.352  2533  2533 D SVA-KeyphraseModel: setKeyphraseId: id = 0
01-11 16:59:49.352  2533  2533 E SVA-ExtendedSmMgr: addKeyphraseAndUsers: keyphrase com.qualcomm.listen.ListenTypes$KeywordInfo@8d94de8 's keyphraseId = 0
01-11 16:59:49.353  2568  2568 I         : [0111/165949.353597:INFO:NfcJniUtil.cpp(67)] NFC Service: loading nci JNI
01-11 16:59:49.353  2533  2533 D SVA-ExtendedSmMgr: getSoundModel: smFullName = NiHaoXiaoLong_LP.uim
01-11 16:59:49.354   872   872 V LocSvc_HIDL_HidlGnss: [getExtensionLocHidlIzatSubscription][304] [HS] <<<<= [HC]
01-11 16:59:49.355   872   872 V LocSvc_HIDL_IzatSubscription: [init][171] [HS] <<<<= [HC]
01-11 16:59:49.355   872   872 V LocSvc_HIDL_IzatSubscription: [updateSubscribe][58] [HS] =>>>> [HC]
01-11 16:59:49.356  2533  2533 D SVA-SettingsDAO: getActionIntent: result = null
01-11 16:59:49.356   872   872 V LocSvc_HIDL_IzatSubscription: [requestData][88] [HS] =>>>> [HC]
01-11 16:59:49.356   872   872 V LocSvc_HIDL_IzatSubscription: [updateSubscribe][58] [HS] =>>>> [HC]
01-11 16:59:49.356  2533  2533 D SVA-ExtendedSmMgr: getSoundModel: smFullName = NiHaoXiaoLong_LP.uim
01-11 16:59:49.356  2533  2533 D SVA-ExtendedSmMgr: addSoundModel: smFullName = sm4_1stStage47k_2ndStagePDK4_HeySnapdragon.uim
01-11 16:59:49.356  2533  2533 D SVA-ExtendedSmMgr: getSoundModel: smFullName = sm4_1stStage47k_2ndStagePDK4_HeySnapdragon.uim
01-11 16:59:49.356  2533  2533 D SVA-ExtendedSmMgr: addSoundModel: new one sound model
01-11 16:59:49.356  2533  2533 D SVA-SmModel: SmModel: mSmFullFileName = sm4_1stStage47k_2ndStagePDK4_HeySnapdragon.uim mSmSuffix = .uim mSmUUID = 7642c6d2-0f20-4787-af35-871aadeee18a
01-11 16:59:49.356  2533  2533 D SVA-ExtendedSmMgr: updateSoundModel: soundModel = com.qualcomm.qti.sva.data.ExtendedSmModel@3b30c01
01-11 16:59:49.357  2533  2533 D SVA-ExtendedSmMgr: query: smFullName = sm4_1stStage47k_2ndStagePDK4_HeySnapdragon.uim
01-11 16:59:49.357   907   950 E ANDR-IOP: io prefetch is disabled waiting for boot_completed
01-11 16:59:49.359  2644  2644 I SecureElementService: main onCreate
01-11 16:59:49.359  2568  2568 I com.android.nf: ConfigFile - Parsing file '/vendor/etc/libnfc-nci.conf'
01-11 16:59:49.359  2568  2568 I com.android.nf: ConfigFile - [NFC_DEBUG_ENABLED] = 1
01-11 16:59:49.359  2568  2568 I com.android.nf: ConfigFile - [NFA_STORAGE] = "/data/nfc"
01-11 16:59:49.359  2568  2568 I com.android.nf: ConfigFile - [NFA_DM_DISC_DURATION_POLL] = 500
01-11 16:59:49.359  2568  2568 I com.android.nf: ConfigFile - [UICC_LISTEN_TECH_MASK] = 0x07
01-11 16:59:49.359  2568  2568 I com.android.nf: ConfigFile - [HOST_LISTEN_ENABLE] = 0x01
01-11 16:59:49.359  2568  2568 I com.android.nf: ConfigFile - [SCREEN_OFF_POWER_STATE] = 1
01-11 16:59:49.359  2568  2568 I com.android.nf: ConfigFile - [POLLING_TECH_MASK] = 0x4F
01-11 16:59:49.359  2568  2568 I com.android.nf: ConfigFile - [P2P_LISTEN_TECH_MASK] = 0x45
01-11 16:59:49.359  2568  2568 I com.android.nf: ConfigFile - [PRESERVE_STORAGE] = 0x01
01-11 16:59:49.359  2568  2568 I com.android.nf: ConfigFile - [NFA_MAX_EE_SUPPORTED] = 0x03
01-11 16:59:49.359  2568  2568 I com.android.nf: ConfigFile - [NFA_DM_DISC_NTF_TIMEOUT] = 0
01-11 16:59:49.359  2568  2568 I com.android.nf: ConfigFile - [AID_MATCHING_MODE] = 0x03
01-11 16:59:49.359  2568  2568 I com.android.nf: ConfigFile - [NXP_PRFD_TECH_SE] = 0x01
01-11 16:59:49.359  2568  2568 I com.android.nf: ConfigFile - [NFA_AID_BLOCK_ROUTE] = 0x00
01-11 16:59:49.359  2568  2568 I com.android.nf: ConfigFile - [NXP_WM_MAX_WTX_COUNT] = 30
01-11 16:59:49.359  2568  2568 I com.android.nf: ConfigFile - [DEFAULT_SYS_CODE] = {FE:FF}
01-11 16:59:49.359  2568  2568 I com.android.nf: ConfigFile - [NXP_NCI_CREDIT_NTF_TIMEOUT] = 2
01-11 16:59:49.359  2568  2568 I         : [0111/165949.359771:INFO:NfcAdaptation.cc(558)] NfcAdaptation::InitializeHalDeviceContext: INfc::getService()
01-11 16:59:49.361  2644  2644 D SecureElement-Terminal-eSE1: SE Hal V1.1 is not supported
01-11 16:59:49.363  2568  2568 I         : [0111/165949.363587:INFO:NfcAdaptation.cc(567)] NfcAdaptation::InitializeHalDeviceContext: INfc::getService() returned 0x7b2b4d8300 (remote)
01-11 16:59:49.363  2568  2568 I         : [0111/165949.363640:INFO:NfcAdaptation.cc(571)] NfcAdaptation::InitializeHalDeviceContext: Try INqNfcV1_1::getService()
01-11 16:59:49.364  2644  2644 I android_os_HwBinder: HwBinder: Starting thread pool for getting: android.hardware.secure_element@1.0::ISecureElement/eSE1
01-11 16:59:49.364   947   986 D GPTEEC  : [TEE_client_api.cpp:120 TEEC_InitializeContext] No variant specified, using default: GPQTEEC
01-11 16:59:49.364   947   986 D GPTEEC  : [TEE_client_api.cpp:136 TEEC_InitializeContext] Loading module: libGPQTEEC_vendor.so
01-11 16:59:49.366  2568  2568 I         : [0111/165949.366628:INFO:NfcAdaptation.cc(580)] NfcAdaptation::InitializeHalDeviceContext: INqNfc::getService() returned 0x7b2b4d83e0 (remote)
01-11 16:59:49.367   901   901 E         : get vendor.qti.nfc.chipid fail, rc = 0
01-11 16:59:49.367   901   901 E         : get vendor.qti.nfc.fwver fail, rc = 0
01-11 16:59:49.367   901   901 I         : config file used = /vendor/etc/libnfc-mtp-SN100.conf
01-11 16:59:49.367  1018  2679 I chatty  : uid=1000(system) LocationService expire 24 lines
01-11 16:59:49.368   872   872 V LocSvc_HIDL_IzatSubscription: [stringDataItemUpdate][278] [HS] <<<<= [HC]
01-11 16:59:49.368   901   901 D         : readConfig; filename is /vendor/etc/libnfc-mtp-SN100.conf
01-11 16:59:49.368   901   901 D         : readNxpRFConfig-Enter..Reading /system/vendor/libnfc-nxp_RF.conf
01-11 16:59:49.368   872   890 I LocSvc_SystemStatusOsObserver: DataItem: MCCMNC: - >> XtraSystemStatusObserver
01-11 16:59:49.368   901   901 E         : readConfig Cannot open config file /system/vendor/libnfc-nxp_RF.conf
01-11 16:59:49.368   901   901 D         : readNxpTransitConfig-Enter..Reading /data/vendor/nfc/libnfc-nxpTransit.conf
01-11 16:59:49.369   901   901 E         : readConfig Cannot open config file /data/vendor/nfc/libnfc-nxpTransit.conf
01-11 16:59:49.369   901   901 D NxpExtns: find found NXP_AUTONOMOUS_ENABLE=(0x0)
01-11 16:59:49.369   901   901 D NxpExtns: find found NXP_GUARD_TIMER_VALUE=(0xf)
01-11 16:59:49.369   901   901 D NxpExtns: find found NFA_POLL_BAIL_OUT_MODE=(0x0)
01-11 16:59:49.369   901   901 D NxpExtns: find found ISO_DEP_MAX_TRANSCEIVE=(0xfeff)
01-11 16:59:49.369   901   901 D NxpExtns: find found DEFAULT_OFFHOST_ROUTE=(0x1)
01-11 16:59:49.369   901   901 D NxpExtns: find found DEFAULT_SYS_CODE_ROUTE=(0x0)
01-11 16:59:49.369   901   901 D NxpExtns: find found DEFAULT_SYS_CODE_PWR_STATE=(0x0)
01-11 16:59:49.369   901   901 D NxpExtns: find found DEVICE_HOST_WHITE_LIST=
01-11 16:59:49.369   901   901 D NxpExtns: find found OFF_HOST_ESE_PIPE_ID=(0x16)
01-11 16:59:49.369   901   901 D NxpExtns: find found OFF_HOST_SIM_PIPE_ID=(0xa)
01-11 16:59:49.369   901   901 D NxpExtns: find found NFA_PROPRIETARY_CFG=
01-11 16:59:49.369   901   901 D NxpExtns: find found PRESENCE_CHECK_ALGORITHM=(0x2)
01-11 16:59:49.369   901   901 D NxpExtns: find found OFFHOST_ROUTE_UICC=
01-11 16:59:49.369   901   901 D NxpExtns: find found OFFHOST_ROUTE_ESE=
01-11 16:59:49.369   901   901 D NxpExtns: find found DEFAULT_ISODEP_ROUTE=(0x1)
01-11 16:59:49.369   901   901 D NxpHal  : phNxpNciHal_ioctlIf : enter - arg = 167
01-11 16:59:49.369   901   901 D NxpHal  : phNxpNciHal_getNxpConfig: Enter
01-11 16:59:49.369   901   901 D NxpExtns: find found NXP_SE_COLD_TEMP_ERROR_DELAY=(0x5)
01-11 16:59:49.369   901   901 D NxpExtns: find found NXP_SWP_RD_TAG_OP_TIMEOUT=(0x14)
01-11 16:59:49.369   901   901 D NxpExtns: find found NXP_DUAL_UICC_ENABLE=(0x1)
01-11 16:59:49.369   901   901 D NxpExtns: find found DEFAULT_AID_ROUTE=(0x1)
01-11 16:59:49.369   901   901 D NxpExtns: find found DEFAULT_MIFARE_CLT_ROUTE=(0x1)
01-11 16:59:49.369   901   901 D NxpExtns: find found DEFAULT_FELICA_CLT_ROUTE=(0x1)
01-11 16:59:49.369   901   901 D NxpExtns: find found DEFAULT_AID_PWR_STATE=(0x39)
01-11 16:59:49.369   901   901 D NxpExtns: find found DEFAULT_DESFIRE_PWR_STATE=(0x3b)
01-11 16:59:49.369   901   901 D NxpExtns: find found DEFAULT_MIFARE_CLT_PWR_STATE=(0x3b)
01-11 16:59:49.369   901   901 D NxpExtns: find found HOST_LISTEN_TECH_MASK=(0x7)
01-11 16:59:49.369   901   901 D NxpExtns: find found FORWARD_FUNCTIONALITY_ENABLE=(0x1)
01-11 16:59:49.369   901   901 D NxpExtns: find found NXP_DEFAULT_UICC2_SELECT=(0x3)
