01-11 16:59:46.023   945   945 D SystemServiceManager: onStartUser-0 com.android.server.lights.LightsService took to complete: 0ms
01-11 16:59:46.023   945   945 D SystemServiceManager: onStartUser-0 com.android.server.display.DisplayManagerService took to complete: 0ms
01-11 16:59:46.023   945   945 D SystemServiceManager: onStartUser-0 com.android.server.pm.UserManagerService$LifeCycle took to complete: 0ms
01-11 16:59:46.023   945   945 D SystemServiceManager: onStartUser-0 com.android.server.om.OverlayManagerService took to complete: 0ms
01-11 16:59:46.024   945   945 D SystemServiceManager: onStartUser-0 com.android.server.SensorPrivacyService took to complete: 0ms
01-11 16:59:46.024   945   945 D SystemServiceManager: onStartUser-0 com.android.server.BatteryService took to complete: 0ms
01-11 16:59:46.024   945   945 D SystemServiceManager: onStartUser-0 com.android.server.usage.UsageStatsService took to complete: 0ms
01-11 16:59:46.024   945   945 D SystemServiceManager: onStartUser-0 com.android.server.webkit.WebViewUpdateService took to complete: 0ms
01-11 16:59:46.024   945   945 D SystemServiceManager: onStartUser-0 com.android.server.CachedDeviceStateService took to complete: 0ms
01-11 16:59:46.024   945   945 D SystemServiceManager: onStartUser-0 com.android.server.BinderCallsStatsService$LifeCycle took to complete: 0ms
01-11 16:59:46.024   945   945 D SystemServiceManager: onStartUser-0 com.android.server.LooperStatsService$Lifecycle took to complete: 0ms
01-11 16:59:46.024   945   945 D SystemServiceManager: onStartUser-0 com.android.server.rollback.RollbackManagerService took to complete: 0ms
01-11 16:59:46.024   945   945 D SystemServiceManager: onStartUser-0 com.android.server.os.BugreportManagerService took to complete: 0ms
01-11 16:59:46.024   945   945 D SystemServiceManager: onStartUser-0 com.android.server.gpu.GpuService took to complete: 0ms
01-11 16:59:46.024   945   945 D SystemServiceManager: onStartUser-0 com.android.server.security.KeyChainSystemService took to complete: 0ms
01-11 16:59:46.024   945   945 D SystemServiceManager: onStartUser-0 com.android.server.telecom.TelecomLoaderService took to complete: 0ms
01-11 16:59:46.024   945   945 D SystemServiceManager: onStartUser-0 com.android.server.accounts.AccountManagerService$Lifecycle took to complete: 0ms
01-11 16:59:46.024   945   945 D SystemServiceManager: onStartUser-0 com.android.server.content.ContentService$Lifecycle took to complete: 0ms
01-11 16:59:46.024   945   945 D SystemServiceManager: onStartUser-0 com.android.server.DropBoxManagerService took to complete: 0ms
01-11 16:59:46.024   945   945 D SystemServiceManager: onStartUser-0 com.android.server.AlarmManagerService took to complete: 0ms
01-11 16:59:46.024   945   945 D SystemServiceManager: onStartUser-0 com.android.server.BluetoothService took to complete: 0ms
01-11 16:59:46.024   945   945 D SystemServiceManager: onStartUser-0 com.android.server.connectivity.IpConnectivityMetrics took to complete: 0ms
01-11 16:59:46.024   945   945 D SystemServiceManager: onStartUser-0 com.android.server.net.watchlist.NetworkWatchlistService$Lifecycle took to complete: 0ms
01-11 16:59:46.024   945   945 D SystemServiceManager: onStartUser-0 com.android.server.PinnerService took to complete: 0ms
01-11 16:59:46.024   945   945 D SystemServiceManager: onStartUser-0 com.android.server.ActivityTriggerService took to complete: 0ms
01-11 16:59:46.024   945   945 D SystemServiceManager: onStartUser-0 com.android.server.inputmethod.InputMethodManagerService$Lifecycle took to complete: 0ms
01-11 16:59:46.025   945   945 D SystemServiceManager: onStartUser-0 com.android.server.accessibility.AccessibilityManagerService$Lifecycle took to complete: 0ms
01-11 16:59:46.025   945   945 D SystemServiceManager: onStartUser-0 com.android.server.StorageManagerService$Lifecycle took to complete: 0ms
01-11 16:59:46.025   945   945 D SystemServiceManager: onStartUser-0 com.android.server.usage.StorageStatsService$Lifecycle took to complete: 0ms
01-11 16:59:46.025   945   945 D SystemServiceManager: onStartUser-0 com.android.server.UiModeManagerService took to complete: 0ms
01-11 16:59:46.025   945   945 D SystemServiceManager: onStartUser-0 com.android.server.locksettings.LockSettingsService$Lifecycle took to complete: 0ms
01-11 16:59:46.025   945   945 D SystemServiceManager: onStartUser-0 com.android.server.PersistentDataBlockService took to complete: 0ms
01-11 16:59:46.025   945   945 D SystemServiceManager: onStartUser-0 com.android.server.testharness.TestHarnessModeService took to complete: 0ms
01-11 16:59:46.025   945   945 D SystemServiceManager: onStartUser-0 com.android.server.oemlock.OemLockService took to complete: 0ms
01-11 16:59:46.025   945   945 D SystemServiceManager: onStartUser-0 com.android.server.DeviceIdleController took to complete: 0ms
01-11 16:59:46.025   945   945 D SystemServiceManager: onStartUser-0 com.android.server.devicepolicy.DevicePolicyManagerService$Lifecycle took to complete: 0ms
01-11 16:59:46.025   945   945 D SystemServiceManager: onStartUser-0 com.android.server.textservices.TextServicesManagerService$Lifecycle took to complete: 0ms
01-11 16:59:46.025   945   945 D SystemServiceManager: onStartUser-0 com.android.server.textclassifier.TextClassificationManagerService$Lifecycle took to complete: 0ms
01-11 16:59:46.025   945   945 D SystemServiceManager: onStartUser-0 com.android.server.NetworkScoreService$Lifecycle took to complete: 0ms
01-11 16:59:46.025   945   945 D SystemServiceManager: onStartUser-0 com.android.server.wifi.WifiService took to complete: 0ms
01-11 16:59:46.025   945   945 D SystemServiceManager: onStartUser-0 com.android.server.wifi.scanner.WifiScanningService took to complete: 0ms
01-11 16:59:46.025   945   945 D SystemServiceManager: onStartUser-0 com.android.server.wifi.rtt.RttService took to complete: 0ms
01-11 16:59:46.025   945   945 D SystemServiceManager: onStartUser-0 com.android.server.wifi.aware.WifiAwareService took to complete: 0ms
01-11 16:59:46.025   945   945 D SystemServiceManager: onStartUser-0 com.android.server.wifi.p2p.WifiP2pService took to complete: 0ms
01-11 16:59:46.025   945   945 D SystemServiceManager: onStartUser-0 com.android.server.ethernet.EthernetService took to complete: 0ms
01-11 16:59:46.026   945   945 D SystemServiceManager: onStartUser-0 com.android.server.notification.NotificationManagerService took to complete: 0ms
01-11 16:59:46.026   945   945 D SystemServiceManager: onStartUser-0 com.android.server.storage.DeviceStorageMonitorService took to complete: 0ms
01-11 16:59:46.026   945   945 D SystemServiceManager: onStartUser-0 com.android.server.timedetector.TimeDetectorService$Lifecycle took to complete: 0ms
01-11 16:59:46.026   945   945 D SystemServiceManager: onStartUser-0 com.android.server.search.SearchManagerService$Lifecycle took to complete: 0ms
01-11 16:59:46.026   945   945 D SystemServiceManager: onStartUser-0 com.android.server.wallpaper.WallpaperManagerService$Lifecycle took to complete: 0ms
01-11 16:59:46.026   945   945 D SystemServiceManager: onStartUser-0 com.android.server.audio.AudioService$Lifecycle took to complete: 0ms
01-11 16:59:46.026   945   945 D SystemServiceManager: onStartUser-0 com.android.server.DockObserver took to complete: 0ms
01-11 16:59:46.026   945   945 D SystemServiceManager: onStartUser-0 com.android.server.midi.MidiService$Lifecycle took to complete: 0ms
01-11 16:59:46.026   945   945 D SystemServiceManager: onStartUser-0 com.android.server.adb.AdbService$Lifecycle took to complete: 0ms
01-11 16:59:46.026   945   945 D SystemServiceManager: onStartUser-0 com.android.server.usb.UsbService$Lifecycle took to complete: 0ms
01-11 16:59:46.026   945   945 D SystemServiceManager: onStartUser-0 com.android.server.twilight.TwilightService took to complete: 0ms
01-11 16:59:46.026   945   945 D SystemServiceManager: onStartUser-0 com.android.server.display.color.ColorDisplayService took to complete: 0ms
01-11 16:59:46.026   945   945 D SystemServiceManager: onStartUser-0 com.android.server.job.JobSchedulerService took to complete: 0ms
01-11 16:59:46.026   945   945 D SystemServiceManager: onStartUser-0 com.android.server.soundtrigger.SoundTriggerService took to complete: 0ms
01-11 16:59:46.026   945   945 D SystemServiceManager: onStartUser-0 com.android.server.trust.TrustManagerService took to complete: 0ms
01-11 16:59:46.026   945   945 D SystemServiceManager: onStartUser-0 com.android.server.backup.BackupManagerService$Lifecycle took to complete: 0ms
01-11 16:59:46.026   945   945 D SystemServiceManager: onStartUser-0 com.android.server.appwidget.AppWidgetService took to complete: 0ms
01-11 16:59:46.030   945   945 D SystemServiceManager: onStartUser-0 com.android.server.role.RoleManagerService took to complete: 4ms
01-11 16:59:46.035   945   945 D VoiceInteractionManagerService: initForUser(0) took to complete: 2ms
01-11 16:59:46.035   945   945 D SystemServiceManager: onStartUser-0 com.android.server.voiceinteraction.VoiceInteractionManagerService took to complete: 5ms
01-11 16:59:46.035   945   945 D SystemServiceManager: onStartUser-0 com.android.server.GestureLauncherService took to complete: 0ms
01-11 16:59:46.035   945   945 D SystemServiceManager: onStartUser-0 com.android.server.SensorNotificationService took to complete: 0ms
01-11 16:59:46.035   945   945 D SystemServiceManager: onStartUser-0 com.android.server.ContextHubSystemService took to complete: 0ms
01-11 16:59:46.035   945   945 D SystemServiceManager: onStartUser-0 com.android.server.emergency.EmergencyAffordanceService took to complete: 0ms
01-11 16:59:46.035   945   945 D SystemServiceManager: onStartUser-0 com.android.server.dreams.DreamManagerService took to complete: 0ms
01-11 16:59:46.035   945   945 D SystemServiceManager: onStartUser-0 com.android.server.print.PrintManagerService took to complete: 0ms
01-11 16:59:46.036   945   945 D SystemServiceManager: onStartUser-0 com.android.server.companion.CompanionDeviceManagerService took to complete: 0ms
01-11 16:59:46.036   945   945 D SystemServiceManager: onStartUser-0 com.android.server.restrictions.RestrictionsManagerService took to complete: 0ms
01-11 16:59:46.036   945   945 D SystemServiceManager: onStartUser-0 com.android.server.media.MediaSessionService took to complete: 0ms
01-11 16:59:46.036   945   945 D SystemServiceManager: onStartUser-0 com.android.server.hdmi.HdmiControlService took to complete: 0ms
01-11 16:59:46.037   945   945 D SystemServiceManager: onStartUser-0 com.android.server.media.MediaResourceMonitorService took to complete: 0ms
01-11 16:59:46.037   945   945 D SystemServiceManager: onStartUser-0 com.android.server.biometrics.face.FaceService took to complete: 0ms
01-11 16:59:46.037   945   945 D SystemServiceManager: onStartUser-0 com.android.server.biometrics.fingerprint.FingerprintService took to complete: 0ms
01-11 16:59:46.037   945   945 D SystemServiceManager: onStartUser-0 com.android.server.biometrics.BiometricService took to complete: 0ms
01-11 16:59:46.037   945   945 D SystemServiceManager: onStartUser-0 com.android.server.pm.ShortcutService$Lifecycle took to complete: 0ms
01-11 16:59:46.037   945   945 D SystemServiceManager: onStartUser-0 com.android.server.pm.LauncherAppsService took to complete: 0ms
01-11 16:59:46.037   945   945 D SystemServiceManager: onStartUser-0 com.android.server.pm.CrossProfileAppsService took to complete: 0ms
01-11 16:59:46.037   945   945 D SystemServiceManager: onStartUser-0 com.android.server.media.projection.MediaProjectionManagerService took to complete: 0ms
01-11 16:59:46.037   945   945 D SystemServiceManager: onStartUser-0 com.android.server.slice.SliceManagerService$Lifecycle took to complete: 0ms
01-11 16:59:46.045   945   945 W CameraService_proxy: Could not notify cameraserver, camera service not available.
01-11 16:59:46.045   945   945 I CameraService_proxy: Could not notify camera service of user switch, retrying...
01-11 16:59:46.045   945   945 D SystemServiceManager: onStartUser-0 com.android.server.camera.CameraServiceProxy took to complete: 8ms
01-11 16:59:46.045   945   945 D SystemServiceManager: onStartUser-0 com.android.server.stats.StatsCompanionService$Lifecycle took to complete: 0ms
01-11 16:59:46.045   945   945 D SystemServiceManager: onStartUser-0 com.android.server.incident.IncidentCompanionService took to complete: 0ms
01-11 16:59:46.045   945   945 D SystemServiceManager: onStartUser-0 com.android.server.MmsServiceBroker took to complete: 0ms
01-11 16:59:46.045   945   945 D SystemServiceManager: onStartUser-0 com.android.server.autofill.AutofillManagerService took to complete: 0ms
01-11 16:59:46.045   945   945 D SystemServiceManager: onStartUser-0 com.android.server.clipboard.ClipboardService took to complete: 0ms
01-11 16:59:46.046   945   945 D SystemServiceManager: onStartUser-0 com.android.server.appbinding.AppBindingService$Lifecycle took to complete: 1ms
01-11 16:59:46.046   945   945 D SystemServiceManager: onStartUser-0 com.android.server.policy.PermissionPolicyService took to complete: 0ms
01-11 16:59:46.046   945   945 D SystemServiceManager: ssm.startUser-0 took to complete: 23ms
01-11 16:59:46.055   945   945 I ActivityTaskManager: START u0 {act=android.intent.action.MAIN cat=[android.intent.category.HOME] flg=0x10000100 cmp=com.android.settings/.FallbackHome} from uid 0
01-11 16:59:46.066   945  1704 W CameraService_proxy: Could not notify cameraserver, camera service not available.
01-11 16:59:46.066   945  1704 I CameraService_proxy: Could not notify camera service of user switch, retrying...
01-11 16:59:46.067   945   945 I ActivityTaskManager: Loaded persisted task ids for user 0
01-11 16:59:46.075   945  1679 V NetPluginDelegate: ConnectivityExt jar loaded
01-11 16:59:46.087   945  1704 W CameraService_proxy: Could not notify cameraserver, camera service not available.
01-11 16:59:46.087   945  1704 I CameraService_proxy: Could not notify camera service of user switch, retrying...
01-11 16:59:46.107   945  1704 W CameraService_proxy: Could not notify cameraserver, camera service not available.
01-11 16:59:46.107   945  1704 I CameraService_proxy: Could not notify camera service of user switch, retrying...
01-11 16:59:46.109   945   945 D SystemServerTiming: ActivityManagerStartApps took to complete: 86ms
01-11 16:59:46.109   945   945 D SystemServerTiming: PhaseActivityManagerReady took to complete: 517ms
01-11 16:59:46.109   945  1065 I ActivityManager: Process WebViewLoader-armeabi-v7a (pid 1801) has died: psvc PER 
01-11 16:59:46.111   945   945 D SystemServerInitThreadPool: Shutdown successful
01-11 16:59:46.111   945   945 D SystemServerTiming: StartServices took to complete: 3891ms
01-11 16:59:46.115   945   945 W Looper  : Slow delivery took 1234ms main h=android.app.ActivityThread$H c=null m=156
01-11 16:59:46.116   945  1445 E KernelCpuSpeedReader: Failed to read cpu-freq: /sys/devices/system/cpu/cpu0/cpufreq/stats/time_in_state: open failed: ENOENT (No such file or directory)
01-11 16:59:46.116   945  1445 E KernelCpuSpeedReader: Failed to read cpu-freq: /sys/devices/system/cpu/cpu4/cpufreq/stats/time_in_state: open failed: ENOENT (No such file or directory)
01-11 16:59:46.128   945  1704 W CameraService_proxy: Could not notify cameraserver, camera service not available.
01-11 16:59:46.128   945  1704 I CameraService_proxy: Could not notify camera service of user switch, retrying...
01-11 16:59:46.129   945  1438 W ActivityManager: Slow operation: 81ms so far, now at startProcess: done updating battery stats
01-11 16:59:46.129   945  1438 W ActivityManager: Slow operation: 81ms so far, now at startProcess: building log message
01-11 16:59:46.129   945  1438 I ActivityManager: Start proc 1924:.dataservices/1001 for added application .dataservices
01-11 16:59:46.129   945  1438 W ActivityManager: Slow operation: 81ms so far, now at startProcess: starting to update pids map
01-11 16:59:46.129   945  1438 W ActivityManager: Slow operation: 81ms so far, now at startProcess: done updating pids map
01-11 16:59:46.129   945  1438 W ActivityManager: Slow operation: 79ms so far, now at startProcess: asking zygote to start proc
01-11 16:59:46.136   945  1420 W Looper  : Slow dispatch took 172ms android.fg h=android.os.Handler c=com.android.server.wallpaper.-$$Lambda$WallpaperManagerService$xeJGAwCI8tssclwKFf8jMsYdoKQ@edcf87a m=0
01-11 16:59:46.147  1745  1745 D SystemUIBootTiming: StartServicescom.android.systemui.volume.VolumeUI took to complete: 195ms
01-11 16:59:46.148   945   945 D ConditionProviders.SCP: onConnected
01-11 16:59:46.149   945  1704 W CameraService_proxy: Could not notify cameraserver, camera service not available.
01-11 16:59:46.149   945  1704 I CameraService_proxy: Could not notify camera service of user switch, retrying...
01-11 16:59:46.150   945   945 D ConditionProviders: Subscribing to condition://android/event?userId=-10000&calendar=&reply=1 with ComponentInfo{android/com.android.server.notification.EventConditionProvider}
01-11 16:59:46.151   945   945 D ConditionProviders: Subscribing to condition://android/schedule?days=1.2.3.4.5.6.7&start=22.0&end=7.0&exitAtAlarm=true with ComponentInfo{android/com.android.server.notification.ScheduleConditionProvider}
01-11 16:59:46.152   945  1421 D VoiceInteractionManagerService: switchImplementation(0) took to complete: 0ms
01-11 16:59:46.152   945   945 V SettingsProvider: Notifying for 0: content://settings/secure/voice_interaction_service
01-11 16:59:46.152   945   945 V SettingsProvider: Notifying for 0: content://settings/secure/voice_recognition_service
01-11 16:59:46.161   945  1700 W HdmiCecController: Failed to send <Report Physical Address> 4F:84:FF:FF:04 with errorCode=-25
01-11 16:59:46.162   945  1700 W HdmiCecController: Failed to send <Device Vendor Id> 4F:87:A4:77:33 with errorCode=-25
01-11 16:59:46.162   945  1700 W HdmiCecController: Failed to send <Give System Audio Mode Status> 45:7D with errorCode=-25
01-11 16:59:46.168   945   945 V FingerprintService: starting client EnumerateClient(android) targetUserId: 0 currentUserId: 0 cookie: 0/0
01-11 16:59:46.169   945  1420 W LocationProviderProxy: Odd, no component found for service com.android.location.service.v3.NetworkLocationProvider
01-11 16:59:46.169   945  1704 W CameraService_proxy: Could not notify cameraserver, camera service not available.
01-11 16:59:46.169   945  1704 I CameraService_proxy: Could not notify camera service of user switch, retrying...
01-11 16:59:46.185   945  1420 W LocationProviderProxy: Odd, no component found for service com.android.location.service.v3.NetworkLocationProvider
01-11 16:59:46.185   945   945 V SettingsProvider: Notifying for 0: content://settings/secure/location_mode
01-11 16:59:46.186   945   945 V SettingsProvider: Notifying for 0: content://settings/global/location_global_kill_switch
01-11 16:59:46.188   945  1438 W ActivityManager: Slow operation: 138ms so far, now at startProcess: returned from zygote!
01-11 16:59:46.188   945  1438 W ActivityManager: Slow operation: 138ms so far, now at startProcess: done updating battery stats
01-11 16:59:46.188   945  1438 W ActivityManager: Slow operation: 138ms so far, now at startProcess: building log message
01-11 16:59:46.188   945  1438 I ActivityManager: Start proc 1964:.qtidataservices/1001 for added application .qtidataservices
01-11 16:59:46.188   945  1438 W ActivityManager: Slow operation: 138ms so far, now at startProcess: starting to update pids map
01-11 16:59:46.189   945  1438 W ActivityManager: Slow operation: 139ms so far, now at startProcess: done updating pids map
01-11 16:59:46.189   945  1438 W ActivityManager: Slow operation: 138ms so far, now at startProcess: asking zygote to start proc
01-11 16:59:46.190   945  1704 W CameraService_proxy: Could not notify cameraserver, camera service not available.
01-11 16:59:46.190   945  1704 I CameraService_proxy: Could not notify camera service of user switch, retrying...
01-11 16:59:46.209  1745  1745 D SystemUIBootTiming: StartServicescom.android.systemui.stackdivider.Divider took to complete: 61ms
01-11 16:59:46.209   945  1850 I ActivityManager: Process WebViewLoader-arm64-v8a (pid 1815) has died: psvc PER 
01-11 16:59:46.210   945  1704 W CameraService_proxy: Could not notify cameraserver, camera service not available.
01-11 16:59:46.210   945  1704 I CameraService_proxy: Could not notify camera service of user switch, retrying...
01-11 16:59:46.232   945  1704 W CameraService_proxy: Could not notify cameraserver, camera service not available.
01-11 16:59:46.232   945  1704 I CameraService_proxy: Could not notify camera service of user switch, retrying...
01-11 16:59:46.234   945  1438 W ActivityManager: Slow operation: 182ms so far, now at startProcess: returned from zygote!
01-11 16:59:46.234   945  1438 W ActivityManager: Slow operation: 183ms so far, now at startProcess: done updating battery stats
01-11 16:59:46.234   945  1438 W ActivityManager: Slow operation: 183ms so far, now at startProcess: building log message
01-11 16:59:46.234   945  1438 I ActivityManager: Start proc 1994:com.qualcomm.qti.telephonyservice/1001 for added application com.qualcomm.qti.telephonyservice
01-11 16:59:46.234   945  1438 W ActivityManager: Slow operation: 183ms so far, now at startProcess: starting to update pids map
01-11 16:59:46.234   945  1438 W ActivityManager: Slow operation: 183ms so far, now at startProcess: done updating pids map
01-11 16:59:46.234   945  1438 W ActivityManager: Slow operation: 181ms so far, now at startProcess: asking zygote to start proc
01-11 16:59:46.252   945  1704 W CameraService_proxy: Could not notify cameraserver, camera service not available.
01-11 16:59:46.252   945  1704 I CameraService_proxy: Could not notify camera service of user switch, retrying...
01-11 16:59:46.262   945  1424 I DropBoxManagerService: add tag=system_app_strictmode isTagEnabled=true flags=0x2
01-11 16:59:46.264   945  1424 I DropBoxManagerService: add tag=system_app_strictmode isTagEnabled=true flags=0x2
01-11 16:59:46.270   945   945 W BluetoothManagerService: bindBluetoothProfileService:Trying to bind to profile: 1, while Bluetooth is disabled
01-11 16:59:46.272   945  1424 I DropBoxManagerService: add tag=system_app_strictmode isTagEnabled=true flags=0x2
01-11 16:59:46.272   945  1704 W CameraService_proxy: Could not notify cameraserver, camera service not available.
01-11 16:59:46.273   945  1704 I CameraService_proxy: Could not notify camera service of user switch, retrying...
01-11 16:59:46.273   945  2017 I Telecom : BluetoothRouteManager: getBluetoothAudioConnectedDevice: no service available.
01-11 16:59:46.276   945   945 I Telecom : SystemStateHelper: Registering car mode receiver: android.content.IntentFilter@f7be74b: TS.init@AAA
01-11 16:59:46.278   945  1424 I DropBoxManagerService: add tag=system_app_strictmode isTagEnabled=true flags=0x2
01-11 16:59:46.283   945  1438 W ActivityManager: Slow operation: 230ms so far, now at startProcess: returned from zygote!
01-11 16:59:46.283   945  1438 W ActivityManager: Slow operation: 230ms so far, now at startProcess: done updating battery stats
01-11 16:59:46.283   945  1438 W ActivityManager: Slow operation: 230ms so far, now at startProcess: building log message
01-11 16:59:46.283   945  1438 I ActivityManager: Start proc 2026:com.qualcomm.qti.devicestatisticsservice/1001 for added application com.qualcomm.qti.devicestatisticsservice
01-11 16:59:46.283   945  1438 W ActivityManager: Slow operation: 230ms so far, now at startProcess: starting to update pids map
01-11 16:59:46.284   945  1438 W ActivityManager: Slow operation: 230ms so far, now at startProcess: done updating pids map
01-11 16:59:46.284   945  1438 W ActivityManager: Slow operation: 230ms so far, now at startProcess: asking zygote to start proc
01-11 16:59:46.292   945  1704 W CameraService_proxy: Could not notify cameraserver, camera service not available.
01-11 16:59:46.292   945  1704 I CameraService_proxy: Could not notify camera service of user switch, retrying...
01-11 16:59:46.300   945  2039 I Telecom : Logging.Events: Non-call EVENT: AUDIO_ROUTE, Entering state QuiescentSpeakerRoute
01-11 16:59:46.300   945  2039 I Telecom : BluetoothRouteManager: getBluetoothAudioConnectedDevice: no service available.
01-11 16:59:46.302   945  2040 I Telecom : CallAudioModeStateMachine: Message received: null.: TS.init->CAMSM.pM_1@AAA
01-11 16:59:46.313   945  1704 W CameraService_proxy: Could not notify cameraserver, camera service not available.
01-11 16:59:46.313   945  1704 I CameraService_proxy: Could not notify camera service of user switch, retrying...
01-11 16:59:46.315   945   945 I Telecom : MissedCallNotifierImpl: reloadFromDatabase: Boot not yet complete -- call log db may not be available. Deferring loading until boot complete for user 0: TS.init@AAA
01-11 16:59:46.317   945   945 W BluetoothManagerService: bindBluetoothProfileService:Trying to bind to profile: 1, while Bluetooth is disabled
01-11 16:59:46.317   945  1850 D ConnectivityService: requestNetwork for uid/pid:10115/1745 NetworkRequest [ TRACK_DEFAULT id=12, [ Capabilities: INTERNET&NOT_RESTRICTED&TRUSTED Uid: 10115] ]
01-11 16:59:46.319   945   945 I Telecom : Class: TelecomSystem.INSTANCE being set
01-11 16:59:46.319   945   945 W ContextImpl: Calling a method in the system process without a qualified user: android.app.ContextImpl.startService:1570 android.content.ContextWrapper.startService:669 com.android.server.telecom.components.TelecomService.initializeTelecomSystem:196 com.android.server.telecom.components.TelecomService.onBind:71 android.app.ActivityThread.handleBindService:3981 
01-11 16:59:46.323   945   945 V FaceService: starting client EnumerateClient(android) targetUserId: 0 currentUserId: 0 cookie: 0/0
01-11 16:59:46.324   945   945 D PackageWatchdog: Getting all observed packages pending health checks
01-11 16:59:46.324   945   945 I PackageWatchdog: Syncing health check requests for packages: {}
01-11 16:59:46.325   945   945 I ExplicitHealthCheckController: Service not ready to get health check supported packages. Binding...
01-11 16:59:46.325   945  1068 D ActivityTaskManager: Top Process State changed to PROCESS_STATE_TOP_SLEEPING
01-11 16:59:46.327   945  1438 W ActivityManager: Slow operation: 273ms so far, now at startProcess: returned from zygote!
01-11 16:59:46.328   945  1426 W UsageStatsService: Event reported without a package name, eventType:17
01-11 16:59:46.328   945  1438 W ActivityManager: Slow operation: 274ms so far, now at startProcess: done updating battery stats
01-11 16:59:46.328   945  1438 W ActivityManager: Slow operation: 274ms so far, now at startProcess: building log message
01-11 16:59:46.328   945  1438 I ActivityManager: Start proc 2048:com.qualcomm.qti.ustaservice/1000 for added application com.qualcomm.qti.ustaservice
01-11 16:59:46.328   945  1438 W ActivityManager: Slow operation: 274ms so far, now at startProcess: starting to update pids map
01-11 16:59:46.329   945  1438 W ActivityManager: Slow operation: 275ms so far, now at startProcess: done updating pids map
01-11 16:59:46.329   945  1438 W ActivityManager: Slow operation: 275ms so far, now at startProcess: asking zygote to start proc
01-11 16:59:46.329   945   945 I ExplicitHealthCheckController: Explicit health check service is bound
01-11 16:59:46.332   601   601 D vold    : /system/bin/sgdisk
01-11 16:59:46.332   601   601 D vold    :     --android-dump
01-11 16:59:46.332   601   601 D vold    :     /dev/block/vold/disk:179,0
01-11 16:59:46.332   945   945 V SettingsProvider: Notifying for 0: content://settings/global/boot_count
01-11 16:59:46.332   945   945 D BluetoothManagerService: Bluetooth Adapter name changed to QCOM-BTD
01-11 16:59:46.332   945   945 D BluetoothManagerService: Stored Bluetooth name: QCOM-BTD
01-11 16:59:46.333   945  1704 W CameraService_proxy: Could not notify cameraserver, camera service not available.
01-11 16:59:46.333   945  1704 I CameraService_proxy: Could not notify camera service of user switch, retrying...
01-11 16:59:46.354   945  1704 W CameraService_proxy: Could not notify cameraserver, camera service not available.
01-11 16:59:46.354   945  1704 I CameraService_proxy: Could not notify camera service of user switch, retrying...
01-11 16:59:46.370   945  1438 W ActivityManager: Slow operation: 316ms so far, now at startProcess: returned from zygote!
01-11 16:59:46.370   945  1438 W ActivityManager: Slow operation: 316ms so far, now at startProcess: done updating battery stats
01-11 16:59:46.370   945  1438 W ActivityManager: Slow operation: 316ms so far, now at startProcess: building log message
01-11 16:59:46.370   945  1438 I ActivityManager: Start proc 2073:com.android.phone/1001 for added application com.android.phone
01-11 16:59:46.370   945  1438 W ActivityManager: Slow operation: 316ms so far, now at startProcess: starting to update pids map
01-11 16:59:46.371   945  1438 W ActivityManager: Slow operation: 317ms so far, now at startProcess: done updating pids map
01-11 16:59:46.371   945  1438 W ActivityManager: Slow operation: 251ms so far, now at startProcess: asking zygote to start proc
01-11 16:59:46.376   945  1704 W CameraService_proxy: Could not notify cameraserver, camera service not available.
01-11 16:59:46.376   945  1704 I CameraService_proxy: Could not notify camera service of user switch, retrying...
01-11 16:59:46.386   945  1065 I StatusBarManagerService: registerStatusBar bar=com.android.internal.statusbar.IStatusBar$Stub$Proxy@9542597
01-11 16:59:46.393   945   945 V SettingsProvider: Notifying for 0: content://settings/secure/location_providers_allowed
01-11 16:59:46.394   945   945 V SettingsProvider: Notifying for 0: content://settings/secure/location_providers_allowed
01-11 16:59:46.394   945   945 D BluetoothManagerService: BluetoothServiceConnection: com.android.bluetooth.btservice.AdapterService
01-11 16:59:46.394   945  1424 D BluetoothManagerService: MESSAGE_BLUETOOTH_SERVICE_CONNECTED: 1
01-11 16:59:46.396   945  1424 D BluetoothManagerService: MESSAGE_INFORM_ADAPTER_SERVICE_UP
01-11 16:59:46.396   945  1424 D BluetoothManagerService: Broadcasting onBluetoothServiceUp() to 2 receivers.
01-11 16:59:46.397   945  1704 W CameraService_proxy: Could not notify cameraserver, camera service not available.
01-11 16:59:46.397   945  1704 I CameraService_proxy: Could not notify camera service of user switch, retrying...
01-11 16:59:46.398   945  1424 D BluetoothManagerService: MESSAGE_BLUETOOTH_STATE_CHANGE: OFF > BLE_TURNING_ON
01-11 16:59:46.398   945  1424 D BluetoothManagerService: Sending BLE State Change: OFF > BLE_TURNING_ON
01-11 16:59:46.402   945  1421 D VoiceInteractionManagerService: switchImplementation(0) took to complete: 0ms
01-11 16:59:46.403   945   945 V SettingsProvider: Notifying for 0: content://settings/secure/voice_interaction_service
01-11 16:59:46.403   945   945 V SettingsProvider: Notifying for 0: content://settings/secure/voice_recognition_service
01-11 16:59:46.404   945   945 E TrustManagerService: EXTRA_USER_HANDLE missing or invalid, value=0
01-11 16:59:46.406   945  1437 I DropBoxManagerService: add tag=system_server_wtf isTagEnabled=true flags=0x2
01-11 16:59:46.409   945   945 V NotificationListeners: enabling notification listener for 0: ComponentInfo{com.android.launcher3/com.android.launcher3.notification.NotificationListener}
01-11 16:59:46.409   945   945 V NotificationListeners: binding: Intent { act=android.service.notification.NotificationListenerService cmp=com.android.launcher3/.notification.NotificationListener (has extras) }
01-11 16:59:46.409   945   945 W ActivityManager: Unable to start service Intent { act=android.service.notification.NotificationListenerService cmp=com.android.launcher3/.notification.NotificationListener } U=0: not found
01-11 16:59:46.409   945   945 W NotificationListeners: Unable to bind notification listener service: Intent { act=android.service.notification.NotificationListenerService cmp=com.android.launcher3/.notification.NotificationListener (has extras) } in user 0
01-11 16:59:46.409   945   945 V NotificationAssistants: enabling notification assistant for 0: ComponentInfo{android.ext.services/android.ext.services.notification.Assistant}
01-11 16:59:46.409   945   945 V NotificationAssistants: binding: Intent { act=android.service.notification.NotificationAssistantService cmp=android.ext.services/.notification.Assistant (has extras) }
01-11 16:59:46.417   945  1704 W CameraService_proxy: Could not notify cameraserver, camera service not available.
01-11 16:59:46.417   945  1704 I CameraService_proxy: Could not notify camera service of user switch, retrying...
01-11 16:59:46.428   945  1438 W ActivityManager: Slow operation: 308ms so far, now at startProcess: returned from zygote!
01-11 16:59:46.428   945  1438 W ActivityManager: Slow operation: 308ms so far, now at startProcess: done updating battery stats
01-11 16:59:46.428   945  1438 W ActivityManager: Slow operation: 308ms so far, now at startProcess: building log message
01-11 16:59:46.429   945  1438 I ActivityManager: Start proc 2115:com.android.settings/1000 for activity {com.android.settings/com.android.settings.FallbackHome}
01-11 16:59:46.429   945  1438 W ActivityManager: Slow operation: 308ms so far, now at startProcess: starting to update pids map
01-11 16:59:46.429   945  1438 W ActivityManager: Slow operation: 309ms so far, now at startProcess: done updating pids map
01-11 16:59:46.429   945  1438 W ActivityManager: Slow operation: 103ms so far, now at startProcess: asking zygote to start proc
01-11 16:59:46.438   945  1704 W CameraService_proxy: Could not notify cameraserver, camera service not available.
01-11 16:59:46.438   945  1704 I CameraService_proxy: Could not notify camera service of user switch, retrying...
01-11 16:59:46.458   945  1704 W CameraService_proxy: Could not notify cameraserver, camera service not available.
01-11 16:59:46.458   945  1704 I CameraService_proxy: Could not notify camera service of user switch, retrying...
01-11 16:59:46.476   945  2137 I DropBoxManagerService: add tag=system_app_wtf isTagEnabled=true flags=0x2
01-11 16:59:46.480   945  1704 W CameraService_proxy: Could not notify cameraserver, camera service not available.
01-11 16:59:46.480   945  1704 I CameraService_proxy: Could not notify camera service of user switch, retrying...
01-11 16:59:46.487   945   945 D ConditionProviders.SCP: onSubscribe condition://android/schedule?days=1.2.3.4.5.6.7&start=22.0&end=7.0&exitAtAlarm=true
01-11 16:59:46.487   945   945 D ConditionProviders.SCP: setRegistered true
01-11 16:59:46.496   945   945 D ConditionProviders.SCP: evaluateSubscriptionLocked cal=ScheduleCalendar[mDays={1, 2, 3, 4, 5, 6, 7}, mSchedule=ScheduleInfo{days=[1, 2, 3, 4, 5, 6, 7], startHour=22, startMinute=0, endHour=7, endMinute=0, exitAtAlarm=true, nextAlarm=Thu Jan 01 00:00:00 GMT 1970 (0)}], now=Thu Jan 11 16:59:46 GMT 2024 (1704992386487), nextUserAlarmTime=Thu Jan 01 00:00:00 GMT 1970 (0)
01-11 16:59:46.496   945   945 D ConditionProviders.SCP: notifyCondition condition://android/schedule?days=1.2.3.4.5.6.7&start=22.0&end=7.0&exitAtAlarm=true STATE_FALSE reason=!meetsSchedule
01-11 16:59:46.496   945   945 D ConditionProviders.SCP: Scheduling evaluate for Thu Jan 11 22:00:00 GMT 2024 (1705010400000), in +5h0m13s513ms, now=Thu Jan 11 16:59:46 GMT 2024 (1704992386487)
01-11 16:59:46.501   945  1704 W CameraService_proxy: Could not notify cameraserver, camera service not available.
01-11 16:59:46.501   945  1704 I CameraService_proxy: Could not notify camera service of user switch, retrying...
01-11 16:59:46.503   601   601 D vold    : DISK gpt 6F04D497-7DFE-45F9-AAD4-ADBBBE8E7AD7
01-11 16:59:46.503   601   601 D vold    : 
01-11 16:59:46.503   601   601 D vold    : PART 1 19A710A2-B3CA-11E4-B026-10604B889DCF ACF649A5-2E4E-4509-A310-646EA3710688 android_meta
01-11 16:59:46.503   601   601 D vold    : 
01-11 16:59:46.503   601   601 D vold    : PART 2 193D1EA4-B3CA-11E4-B075-10604B889DCF B8A74ED2-7A68-4A99-BEE4-BE140D151F26 android_expand
01-11 16:59:46.503   601   601 D vold    : 
01-11 16:59:46.505   601   601 E vold    : Failed to load key for GUID b8a74ed27a684a99bee4be140d151f26: No such file or directory
01-11 16:59:46.514   945  1685 E ActivityThread: Failed to find provider info for com.android.calendar
01-11 16:59:46.516   945  1685 E ActivityThread: Failed to find provider info for com.android.calendar
01-11 16:59:46.516   945  1438 W ActivityManager: Slow operation: 190ms so far, now at startProcess: returned from zygote!
01-11 16:59:46.519   945   945 V SettingsProvider: Notifying for 0: content://settings/secure/location_providers_allowed
01-11 16:59:46.520   945   945 V FingerprintService: handleError(client=android, error = 2)
01-11 16:59:46.520   945   945 V FingerprintService: clearEnumerateState()
01-11 16:59:46.520   945  1438 W ActivityManager: Slow operation: 194ms so far, now at startProcess: done updating battery stats
01-11 16:59:46.520   945   945 V BiometricStats: Error latency: -1
01-11 16:59:46.520   945  1438 W ActivityManager: Slow operation: 194ms so far, now at startProcess: building log message
01-11 16:59:46.520   945  1438 I ActivityManager: Start proc 2155:android.ext.services/u0a57 for service {android.ext.services/android.ext.services.watchdog.ExplicitHealthCheckServiceImpl}
01-11 16:59:46.520   945  1438 W ActivityManager: Slow operation: 194ms so far, now at startProcess: starting to update pids map
01-11 16:59:46.521   945   945 V FingerprintService: Done with client: android
01-11 16:59:46.521   945  1438 W ActivityManager: Slow operation: 194ms so far, now at startProcess: done updating pids map
01-11 16:59:46.521   945  1704 W CameraService_proxy: Could not notify cameraserver, camera service not available.
01-11 16:59:46.521   945  1704 I CameraService_proxy: Could not notify camera service of user switch, retrying...
01-11 16:59:46.542   945  1704 W CameraService_proxy: Could not notify cameraserver, camera service not available.
01-11 16:59:46.542   945  1704 I CameraService_proxy: Could not notify camera service of user switch, retrying...
01-11 16:59:46.554   945   945 I Telecom : WiredHeadsetManager: ACTION_HEADSET_PLUG event, plugged in: false, : WHC.oADA@AAE
01-11 16:59:46.562   945  1704 W CameraService_proxy: Could not notify cameraserver, camera service not available.
01-11 16:59:46.562   945  1704 I CameraService_proxy: Could not notify camera service of user switch, retrying...
01-11 16:59:46.563   945   945 V FaceService: Done with client: android
01-11 16:59:46.563   945   945 V FaceService: clearEnumerateState()
01-11 16:59:46.570   945   945 D AutofillManagerService: Restriction did not change for user 0
01-11 16:59:46.573   945   945 W Looper  : Drained
01-11 16:59:46.583   945  1704 W CameraService_proxy: Could not notify cameraserver, camera service not available.
01-11 16:59:46.583   945  1704 I CameraService_proxy: Could not notify camera service of user switch, retrying...
01-11 16:59:46.587   945  1424 D BluetoothManagerService: MESSAGE_REGISTER_ADAPTER
01-11 16:59:46.597   945  1065 W BluetoothManagerService: bindBluetoothProfileService:Trying to bind to profile: 1, while Bluetooth is disabled
01-11 16:59:46.604   945  1704 W CameraService_proxy: Could not notify cameraserver, camera service not available.
01-11 16:59:46.604   945  1704 I CameraService_proxy: Could not notify camera service of user switch, retrying...
01-11 16:59:46.625   945  1704 W CameraService_proxy: Could not notify cameraserver, camera service not available.
01-11 16:59:46.625   945  1704 I CameraService_proxy: Could not notify camera service of user switch, retrying...
01-11 16:59:46.637   945   945 I ExplicitHealthCheckController: Explicit health check service is connected ComponentInfo{android.ext.services/android.ext.services.watchdog.ExplicitHealthCheckServiceImpl}
01-11 16:59:46.638   945   945 I ExplicitHealthCheckController: Service initialized, syncing requests
01-11 16:59:46.638   945   945 D PackageWatchdog: Getting all observed packages pending health checks
01-11 16:59:46.638   945   945 I PackageWatchdog: Syncing health check requests for packages: {}
01-11 16:59:46.638   945   945 D ExplicitHealthCheckController: Getting health check supported packages
01-11 16:59:46.647   945  1704 W CameraService_proxy: Could not notify cameraserver, camera service not available.
01-11 16:59:46.647   945  1704 I CameraService_proxy: Could not notify camera service of user switch, retrying...
01-11 16:59:46.659   945  1426 W KeyguardServiceDelegate: onScreenTurningOn(): no keyguard service!
01-11 16:59:46.665   945   945 V NotificationAssistants: 0 notification assistant service connected: ComponentInfo{android.ext.services/android.ext.services.notification.Assistant}
01-11 16:59:46.667   945  1065 I ExplicitHealthCheckController: Explicit health check supported packages []
01-11 16:59:46.667   945  1065 D PackageWatchdog: Received supported packages []
01-11 16:59:46.667   945  1065 D ExplicitHealthCheckController: Getting health check requested packages
01-11 16:59:46.668   945  1704 W CameraService_proxy: Could not notify cameraserver, camera service not available.
01-11 16:59:46.668   945  1850 I ExplicitHealthCheckController: Explicit health check requested packages []
01-11 16:59:46.668   945  1850 I ExplicitHealthCheckController: No more health check requests, unbinding...
01-11 16:59:46.670   945  1850 I ExplicitHealthCheckController: Explicit health check service is unbound
01-11 16:59:46.674  1745  1745 D SystemUIBootTiming: StartServicescom.android.systemui.SystemBars took to complete: 465ms
01-11 16:59:46.677  1745  2099 E ActivityThread: Failed to find provider info for com.android.contacts
01-11 16:59:46.685  1745  1745 D SystemUIBootTiming: StartServicescom.android.systemui.usb.StorageNotification took to complete: 11ms
01-11 16:59:46.689   945  1424 I DropBoxManagerService: add tag=system_app_strictmode isTagEnabled=true flags=0x2
01-11 16:59:46.692   945  1424 I DropBoxManagerService: add tag=system_app_strictmode isTagEnabled=true flags=0x2
01-11 16:59:46.705  1745  1745 D SystemUIBootTiming: StartServicescom.android.systemui.power.PowerUI took to complete: 20ms
01-11 16:59:46.707  1745  1745 D SystemUIBootTiming: StartServicescom.android.systemui.media.RingtonePlayer took to complete: 2ms
01-11 16:59:46.708  1745  1745 D SystemUIBootTiming: StartServicescom.android.systemui.keyboard.KeyboardUI took to complete: 1ms
01-11 16:59:46.722  1745  1745 D SystemUIBootTiming: StartServicescom.android.systemui.pip.PipUI took to complete: 14ms
01-11 16:59:46.723  1745  1745 D SystemUIBootTiming: StartServicescom.android.systemui.shortcut.ShortcutKeyDispatcher took to complete: 1ms
01-11 16:59:46.724  1745  1745 D SystemUIBootTiming: StartServicescom.android.systemui.VendorServices took to complete: 0ms
01-11 16:59:46.725  1745  1745 D SystemUIBootTiming: StartServicescom.android.systemui.util.leak.GarbageMonitor$Service took to complete: 1ms
01-11 16:59:46.726  1745  1745 D SystemUIBootTiming: StartServicescom.android.systemui.LatencyTester took to complete: 1ms
01-11 16:59:46.727  1745  1745 D SystemUIBootTiming: StartServicescom.android.systemui.globalactions.GlobalActionsComponent took to complete: 1ms
01-11 16:59:46.739  1745  1745 D SystemUIBootTiming: StartServicescom.android.systemui.ScreenDecorations took to complete: 12ms
01-11 16:59:46.739  1745  1745 D SystemUIBootTiming: StartServicescom.android.systemui.biometrics.BiometricDialogImpl took to complete: 0ms
01-11 16:59:46.740  1745  1745 D SystemUIBootTiming: StartServicescom.android.systemui.SliceBroadcastRelayHandler took to complete: 1ms
01-11 16:59:46.740  1745  1745 D SystemUIBootTiming: StartServicescom.android.systemui.SizeCompatModeActivityController took to complete: 0ms
01-11 16:59:46.743  1745  1745 D SystemUIBootTiming: StartServicescom.android.systemui.statusbar.notification.InstantAppNotifier took to complete: 3ms
01-11 16:59:46.745  1745  1745 D SystemUIBootTiming: StartServicescom.android.systemui.theme.ThemeOverlayController took to complete: 2ms
01-11 16:59:46.756  1745  1745 D SystemUIBootTiming: StartServices took to complete: 895ms
01-11 16:59:46.757   945  1438 W ActivityManager: Slow operation: 65ms so far, now at startProcess: returned from zygote!
01-11 16:59:46.757   945  1438 W ActivityManager: Slow operation: 65ms so far, now at startProcess: done updating battery stats
01-11 16:59:46.757   945  1438 W ActivityManager: Slow operation: 65ms so far, now at startProcess: building log message
01-11 16:59:46.757   945  1438 I ActivityManager: Start proc 2230:com.qualcomm.qcrilmsgtunnel/1001 for service {com.qualcomm.qcrilmsgtunnel/com.qualcomm.qcrilmsgtunnel.QcrilMsgTunnelService}
01-11 16:59:46.757   945  1438 W ActivityManager: Slow operation: 65ms so far, now at startProcess: starting to update pids map
01-11 16:59:46.758   945  1438 W ActivityManager: Slow operation: 66ms so far, now at startProcess: done updating pids map
01-11 16:59:46.894  1745  2099 E ActivityThread: Failed to find provider info for com.android.contacts
01-11 16:59:46.925  1745  2099 E ActivityThread: Failed to find provider info for com.android.contacts
01-11 16:59:46.998  2073  2073 E SystemConfig: SystemConfig is being accessed by a process other than system_server.
01-11 16:59:47.001   945  2273 I DropBoxManagerService: add tag=system_app_wtf isTagEnabled=true flags=0x2
--------- beginning of main
01-11 16:59:47.032  1097  1261 I MediaCodecsXmlParser: limit: block-size = 16x16
01-11 16:59:47.032  1097  1261 I MediaCodecsXmlParser: limit: blocks-per-second-range = 12-1485
01-11 16:59:47.032  1097  1261 I MediaCodecsXmlParser: limit: bitrate-range = 1-64000
01-11 16:59:47.032  1097  1261 I MediaCodecsXmlParser: limit: alignment = 2x2
01-11 16:59:47.032  1097  1261 I MediaCodecsXmlParser: limit: block-size = 16x16
01-11 16:59:47.033  1097  1261 I MediaCodecsXmlParser: limit: size-range = 16x16-2048x2048
01-11 16:59:47.033  1097  1261 I MediaCodecsXmlParser: limit: block-count-range = 1-8192
01-11 16:59:47.033  1097  1261 I MediaCodecsXmlParser: limit: blocks-per-second-range = 1-245760
01-11 16:59:47.033  1097  1261 I MediaCodecsXmlParser: limit: bitrate-range = 1-12000000
01-11 16:59:47.033  1097  1261 I MediaCodecsXmlParser: limit: size-range = 16x16-1808x1808
01-11 16:59:47.033  1097  1261 I MediaCodecsXmlParser: limit: block-count-range = 1-1620
01-11 16:59:47.033  1097  1261 I MediaCodecsXmlParser: limit: blocks-per-second-range = 1-40500
01-11 16:59:47.033  1097  1261 I MediaCodecsXmlParser: limit: bitrate-range = 1-2000000
01-11 16:59:47.033  1097  1261 I MediaCodecsXmlParser: limit: feature-intra-refresh = 0
01-11 16:59:47.033  1097  1261 I MediaCodecsXmlParser: limit: alignment = 2x2
01-11 16:59:47.033  1097  1261 I MediaCodecsXmlParser: limit: block-size = 16x16
01-11 16:59:47.033  1097  1261 I MediaCodecsXmlParser: limit: size-range = 2x2-2048x2048
01-11 16:59:47.033  1097  1261 I MediaCodecsXmlParser: limit: block-count-range = 1-16384
01-11 16:59:47.033  1097  1261 I MediaCodecsXmlParser: limit: bitrate-range = 1-40000000
01-11 16:59:47.033  1097  1261 I MediaCodecsXmlParser: limit: size-range = 2x2-1280x1280
01-11 16:59:47.033  1097  1261 I MediaCodecsXmlParser: limit: block-count-range = 1-3600
01-11 16:59:47.033  1097  1261 I MediaCodecsXmlParser: limit: bitrate-range = 1-20000000
01-11 16:59:47.033  1097  1261 I MediaCodecsXmlParser: limit: feature-bitrate-modes = VBR,CBR
01-11 16:59:47.033  1097  1261 I MediaCodecsXmlParser: limit: size-range = 2x2-512x512
01-11 16:59:47.033  1097  1261 I MediaCodecsXmlParser: limit: alignment = 2x2
01-11 16:59:47.033  1097  1261 I MediaCodecsXmlParser: limit: block-size = 8x8
01-11 16:59:47.033  1097  1261 I MediaCodecsXmlParser: limit: block-count-range = 1-4096
01-11 16:59:47.033  1097  1261 I MediaCodecsXmlParser: limit: blocks-per-second-range = 1-122880
01-11 16:59:47.033  1097  1261 I MediaCodecsXmlParser: limit: frame-rate-range = 1-120
01-11 16:59:47.033  1097  1261 I MediaCodecsXmlParser: limit: bitrate-range = 1-10000000
01-11 16:59:47.033  1097  1261 I MediaCodecsXmlParser: limit: complexity-default = 0
01-11 16:59:47.033  1097  1261 I MediaCodecsXmlParser: limit: complexity-range = 0-10
01-11 16:59:47.033  1097  1261 I MediaCodecsXmlParser: limit: quality-scale = linear
01-11 16:59:47.033  1097  1261 I MediaCodecsXmlParser: limit: quality-default = 80
01-11 16:59:47.033  1097  1261 I MediaCodecsXmlParser: limit: quality-range = 0-100
01-11 16:59:47.033  1097  1261 I MediaCodecsXmlParser: limit: feature-bitrate-modes = VBR,CBR,CQ
01-11 16:59:47.033  1097  1261 I MediaCodecsXmlParser: limit: size-range = 2x2-2048x2048
01-11 16:59:47.033  1097  1261 I MediaCodecsXmlParser: limit: alignment = 2x2
01-11 16:59:47.033  1097  1261 I MediaCodecsXmlParser: limit: block-size = 16x16
01-11 16:59:47.033  1097  1261 I MediaCodecsXmlParser: limit: block-count-range = 1-3600
01-11 16:59:47.033  1097  1261 I MediaCodecsXmlParser: limit: bitrate-range = 1-40000000
01-11 16:59:47.033  1097  1261 I MediaCodecsXmlParser: limit: feature-bitrate-modes = VBR,CBR
01-11 16:59:47.034  1097  1261 D MediaCodecsXmlParser: Cannot find 
01-11 16:59:47.034  1097  1261 I chatty  : uid=1013(media) Binder:1097_1 identical 212 lines
01-11 16:59:47.036  2073  2073 W SystemConfig: No directory /product/etc/sysconfig, skipping
01-11 16:59:47.048  2073  2073 W SystemConfig: No directory /product_services/etc/sysconfig, skipping
01-11 16:59:47.049  2073  2073 W SystemConfig: No directory /product_services/etc/permissions, skipping
01-11 16:59:47.050  1097  1261 I MediaCodecsXmlParser: limit: performance-point-8192x4320-range = 48-48
