--------- beginning of system
01-01 00:00:34.389   601   601 I vold    : Vold 3.0 (the awakening) firing up
01-01 00:00:34.390   601   601 D vold    : Detected support for: ext4 f2fs vfat
01-01 00:00:34.393   601   601 D vold    : Found unmanaged dm device named odm_a
01-01 00:00:34.393   601   601 D vold    : Found unmanaged dm device named system_a
01-01 00:00:34.393   601   601 D vold    : Found unmanaged dm device named vendor_a
01-01 00:00:34.393   601   601 D vold    : Found unmanaged dm device named scratch
01-01 00:00:34.393   601   601 D vold    : Found unmanaged dm device named product_a
01-01 00:00:34.393   601   601 W vold    : Failed to LOOP_GET_STATUS64 /dev/block/loop10: No such device or address
01-01 00:00:34.393   601   601 W vold    : Failed to LOOP_GET_STATUS64 /dev/block/loop5: No such device or address
01-01 00:00:34.393   601   601 W vold    : Failed to LOOP_GET_STATUS64 /dev/block/loop9: No such device or address
01-01 00:00:34.393   601   601 W vold    : Failed to LOOP_GET_STATUS64 /dev/block/loop11: No such device or address
01-01 00:00:34.393   601   601 W vold    : Failed to LOOP_GET_STATUS64 /dev/block/loop6: No such device or address
01-01 00:00:34.394   601   601 W vold    : Failed to LOOP_GET_STATUS64 /dev/block/loop13: No such device or address
01-01 00:00:34.394   601   601 W vold    : Failed to LOOP_GET_STATUS64 /dev/block/loop0: No such device or address
01-01 00:00:34.394   601   601 W vold    : Failed to LOOP_GET_STATUS64 /dev/block/loop8: No such device or address
01-01 00:00:34.394   601   601 W vold    : Failed to LOOP_GET_STATUS64 /dev/block/loop3: No such device or address
01-01 00:00:34.394   601   601 W vold    : Failed to LOOP_GET_STATUS64 /dev/block/loop15: No such device or address
01-01 00:00:34.394   601   601 W vold    : Failed to LOOP_GET_STATUS64 /dev/block/loop14: No such device or address
01-01 00:00:34.394   601   601 W vold    : Failed to LOOP_GET_STATUS64 /dev/block/loop4: No such device or address
01-01 00:00:34.394   601   601 W vold    : Failed to LOOP_GET_STATUS64 /dev/block/loop12: No such device or address
01-01 00:00:34.394   601   601 W vold    : Failed to LOOP_GET_STATUS64 /dev/block/loop7: No such device or address
01-01 00:00:34.394   601   601 W vold    : Failed to LOOP_GET_STATUS64 /dev/block/loop2: No such device or address
01-01 00:00:34.394   601   601 W vold    : Failed to LOOP_GET_STATUS64 /dev/block/loop1: No such device or address
01-01 00:00:34.395   601   601 I vold    : [libfs_mgr]dt_fstab: Skip disabled entry for partition vendor
01-01 00:00:34.397   601   601 D vold    : VoldNativeService::start() completed OK
01-01 00:00:34.399   595   615 I QISL    : QSEE Interrupt Service Listener Thread is started
01-01 00:00:34.415   595   615 I QISL    : QSEE Interrupt Service Listener was activated successfully
01-01 00:00:34.417   595   595 D SPL     : Call QSEECom_register_listener()
01-01 00:00:34.417   595   595 D SPL     : Registered listener sucessfully!
01-01 00:00:34.417   595   595 D SPL     : pipe read-fd [32] write-fd [33]
01-01 00:00:34.417   595   595 D SPL     : Create thread
01-01 00:00:34.418   595   595 D SPL     : Thread created sucessfully.
01-01 00:00:34.418   595   616 D SPL     : spl_dispatch() started
01-01 00:00:34.418   595   616 D SPL     : ==== Wait For Request ======
01-01 00:00:34.534   601   612 I vold    : Found disk at /devices/platform/soc/8804000.sdhci/mmc_host/mmc0/mmc0:59b4/block/mmcblk0 but delaying scan due to secure keyguard
01-01 00:00:34.629   627   627 D spdaemon: Firmware Name [spss2p].
01-01 00:00:34.629   627   627 D spdaemon: Prod FW.
01-01 00:00:34.629   627   627 D spdaemon: firmware_type [p].
01-01 00:00:34.629   627   627 D spdaemon: machine_name [KONA]
01-01 00:00:34.630   628   628 E secnvm  : No channel names file.
01-01 00:00:34.630   628   628 D secnvm  : Suppors [4] threads
01-01 00:00:34.631   628   628 D secnvm  : successfully created thread #[0] [sp_nvm]
01-01 00:00:34.631   628   628 D secnvm  : successfully created thread #[1] [sp_keymaster]
01-01 00:00:34.631   628   628 D secnvm  : successfully created thread #[2] [sampleapp]
01-01 00:00:34.631   628   628 D secnvm  : successfully created thread #[3] [iuicc]
01-01 00:00:34.631   628   637 D secnvm  : start routine of appName [sampleapp]
01-01 00:00:34.631   628   637 D secnvm  : ch [sec_nvm_sampleapp] Wait for link UP...
01-01 00:00:34.631   628   638 D secnvm  : start routine of appName [iuicc]
01-01 00:00:34.631   628   638 D secnvm  : ch [sec_nvm_iuicc] Wait for link UP...
01-01 00:00:34.631   628   636 D secnvm  : start routine of appName [sp_keymaster]
01-01 00:00:34.631   628   636 D secnvm  : ch [sec_nvm_sp_keymaster] Wait for link UP...
01-01 00:00:34.632   628   635 D secnvm  : start routine of appName [sp_nvm]
01-01 00:00:34.632   628   635 D secnvm  : ch [sec_nvm_sp_nvm] Wait for link UP...
01-01 00:00:34.636   627   627 E iardb   : [iar_db_get_iar_state] failed to open file /mnt/vendor/spunvm/iar_db/iar_state.bin [2] [No such file or directory]
01-01 00:00:34.636   627   627 D iarlib  : [iar_get_state] Can't get iar_state, return DISABLED
01-01 00:00:34.636   627   627 I spdaemon: IAR is not activated
01-01 00:00:34.636   627   627 D spdaemon: ------ going to start SP From kernel ------
01-01 00:00:34.636   627   627 I spcomlib: [spcom_restart_sp_subsystem] restart_sp starts
01-01 00:00:34.636   627   627 D spcomlib: [spcom_restart_sp_subsystem] restart_sp - Send PIL request [1]
01-01 00:00:34.646   627   627 D spcomlib: [spcom_restart_sp_subsystem] restart_sp - Restart SP command ok.
01-01 00:00:34.646   627   627 D spcomlib: [spcom_signal_event] event [0] [pil_called] EVENT_STATUS_SIGNALED
01-01 00:00:34.646   627   627 I spcomlib: [spcom_reset_all_app_loaded_prop] start reset all spcomlib apploaded props.
01-01 00:00:34.722   628   637 D secnvm  : ch [sec_nvm_sampleapp] SP LINK is UP
01-01 00:00:34.722   628   638 D secnvm  : ch [sec_nvm_iuicc] SP LINK is UP
01-01 00:00:34.722   628   637 D secnvm  : ch [sec_nvm_sampleapp] register spcom service, channel:sec_nvm_sampleapp
01-01 00:00:34.722   628   638 D secnvm  : ch [sec_nvm_iuicc] register spcom service, channel:sec_nvm_iuicc
01-01 00:00:34.737   628   636 D secnvm  : ch [sec_nvm_sp_keymaster] SP LINK is UP
01-01 00:00:34.737   628   635 D secnvm  : ch [sec_nvm_sp_nvm] SP LINK is UP
01-01 00:00:34.737   628   636 D secnvm  : ch [sec_nvm_sp_keymaster] register spcom service, channel:sec_nvm_sp_keymaster
01-01 00:00:34.737   628   635 D secnvm  : ch [sec_nvm_sp_nvm] register spcom service, channel:sec_nvm_sp_nvm
01-01 00:00:34.737   628   636 D spcomlib: [spcom_register_service] spcom_register_service() name [sec_nvm_sp_keymaster] pid [509298601296]
01-01 00:00:34.737   628   636 D spcomlib: [spcom_open] ch [sec_nvm_sp_keymaster] doesn't exist, create it.
01-01 00:00:34.737   628   636 D spcomlib: [spcom_create_channel] Create Channel [sec_nvm_sp_keymaster].
01-01 00:00:34.828   628   636 D spcomlib: [add_ssr_cb] ssr cb added!
01-01 00:00:34.828   628   636 D spcomlib: [start_ssr_thread] ch [spcom] ready!
01-01 00:00:34.828   628   636 D spcomlib: [start_ssr_thread] main pthread self_id [0x948fed50].
01-01 00:00:34.829   628   636 D spcomlib: [start_ssr_thread] pthread_create() ret [0] thread-id [0x901fbd50].
01-01 00:00:34.829   628   636 D spcomlib: [start_ssr_thread] Wait for SSR thread to run.
01-01 00:00:34.829   628   646 D spcomlib: [notify_ssr_thread] SSR pthread self_id [0x901fbd50].
01-01 00:00:34.829   601   601 D vold    : fscrypt_mount_metadata_encrypted: /data 0
01-01 00:00:34.829   601   601 D vold    : key_dir/key: /metadata/vold/metadata_encryption/key
01-01 00:00:34.832   601   601 I vold    : List of Keymaster HALs found:
01-01 00:00:34.832   601   601 I vold    : Keymaster HAL #1: Keymaster HAL: 4 from QTI SecurityLevel: TRUSTED_ENVIRONMENT HAL: android.hardware.keymaster@4.0::IKeymasterDevice/default
01-01 00:00:34.833   601   601 D vold    : Computing HMAC with params { (seed: a3d68b42cf8f4613d5567bf33a1ec3456bec413541aec9afcf89d1cb755d506a, nonce: 0672d571d841a8f244342df4a6867b78324f7373e717721d38f77bde053) }
01-01 00:00:34.833   601   601 D vold    : Computing HMAC for Keymaster HAL: 4 from QTI SecurityLevel: TRUSTED_ENVIRONMENT HAL: android.hardware.keymaster@4.0::IKeymasterDevice/default
01-01 00:00:34.835   601   601 I vold    : Using Keymaster HAL: 4 from QTI for encryption.  Security level: TRUSTED_ENVIRONMENT, HAL: android.hardware.keymaster@4.0::IKeymasterDevice/default
01-01 00:00:34.836   628   636 D spcomlib: [start_ssr_thread] pthread_cond_wait() ret [0].
01-01 00:00:34.836   628   636 D spcomlib: [start_ssr_thread] done.
01-01 00:00:34.836   628   636 D spcomlib: [add_ch] add ch [sec_nvm_sp_keymaster].
01-01 00:00:34.836   628   636 D spcomlib: [spcom_register_service] spcom_register_service() name [sec_nvm_sp_keymaster] pid [509298601296] done
01-01 00:00:34.836   601   601 D vold    : Key exists, using: /metadata/vold/metadata_encryption/key
01-01 00:00:34.836   628   635 D spcomlib: [spcom_register_service] spcom_register_service() name [sec_nvm_sp_nvm] pid [509299637584]
01-01 00:00:34.837   628   635 D spcomlib: [spcom_open] ch [sec_nvm_sp_nvm] doesn't exist, create it.
01-01 00:00:34.837   628   635 D spcomlib: [spcom_create_channel] Create Channel [sec_nvm_sp_nvm].
01-01 00:00:34.850   601   601 I vold    : List of Keymaster HALs found:
01-01 00:00:34.850   601   601 I vold    : Keymaster HAL #1: Keymaster HAL: 4 from QTI SecurityLevel: TRUSTED_ENVIRONMENT HAL: android.hardware.keymaster@4.0::IKeymasterDevice/default
01-01 00:00:34.850   601   601 I vold    : Using Keymaster HAL: 4 from QTI for encryption.  Security level: TRUSTED_ENVIRONMENT, HAL: android.hardware.keymaster@4.0::IKeymasterDevice/default
01-01 00:00:34.858   601   601 I vold    : List of Keymaster HALs found:
01-01 00:00:34.858   601   601 I vold    : Keymaster HAL #1: Keymaster HAL: 4 from QTI SecurityLevel: TRUSTED_ENVIRONMENT HAL: android.hardware.keymaster@4.0::IKeymasterDevice/default
01-01 00:00:34.858   601   601 I vold    : Using Keymaster HAL: 4 from QTI for encryption.  Security level: TRUSTED_ENVIRONMENT, HAL: android.hardware.keymaster@4.0::IKeymasterDevice/default
01-01 00:00:34.862   628   635 D spcomlib: [add_ssr_cb] ssr cb already exist!
01-01 00:00:34.862   628   635 D spcomlib: [start_ssr_thread] SSR thread already started
01-01 00:00:34.862   628   635 D spcomlib: [add_ch] add ch [sec_nvm_sp_nvm].
01-01 00:00:34.862   628   635 D spcomlib: [spcom_register_service] spcom_register_service() name [sec_nvm_sp_nvm] pid [509299637584] done
01-01 00:00:34.862   628   635 D spcomlib: [spcom_server_get_next_request_size] Rx (read) ok ch [sec_nvm_sp_nvm] , next_req_size = 2.
01-01 00:00:34.862   628   635 D spcomlib: [spcom_server_wait_for_request] Rx (read) ok ch [sec_nvm_sp_nvm], actual buf size = 2.
01-01 00:00:34.862   628   638 D spcomlib: [spcom_register_service] spcom_register_service() name [sec_nvm_iuicc] pid [509296528720]
01-01 00:00:34.862   628   635 D secnvm  : ch [sec_nvm_sp_nvm] create new request: reqId = 5
01-01 00:00:34.862   628   635 D secnvm  : IsCommitOp
01-01 00:00:34.862   628   635 D secnvm  : NVM version is supported: 3
01-01 00:00:34.862   628   638 D spcomlib: [spcom_open] ch [sec_nvm_iuicc] doesn't exist, create it.
01-01 00:00:34.862   628   635 D spcomlib: [spcom_server_send_response] size [21].
01-01 00:00:34.862   628   635 D spcomlib: [spcom_server_send_response] Write tx_size [33].
01-01 00:00:34.862   628   638 D spcomlib: [spcom_create_channel] Create Channel [sec_nvm_iuicc].
01-01 00:00:34.862   628   635 D secnvm  : setNvmManagerState: is_skp:0, reqId:5, m_state=0
01-01 00:00:34.862   628   635 D spcomlib: [spcom_server_get_next_request_size] Rx (read) ok ch [sec_nvm_sp_nvm] , next_req_size = 150.
01-01 00:00:34.862   628   635 D spcomlib: [spcom_server_wait_for_request] Rx (read) ok ch [sec_nvm_sp_nvm], actual buf size = 150.
01-01 00:00:34.862   628   635 D secnvm  : ch [sec_nvm_sp_nvm] create new request: reqId = 12
01-01 00:00:34.863   628   635 D secnvm  : OpenPartitionOp
01-01 00:00:34.863   628   635 D secnvm  : ch [sec_nvm_sp_nvm] allocate segment#0 out of 1
01-01 00:00:34.863   628   635 D secnvm  : Log file [/mnt/vendor/persist/secnvm/552412310573718226167662182032189844128] does not exist
01-01 00:00:34.863   628   635 D spcomlib: [spcom_ion_alloc] ion_fd = [7], round up ion size = [36864].
01-01 00:00:34.864   601   601 D vold    : Mounting metadata-encrypted filesystem:/data
01-01 00:00:34.866   628   635 D spcomlib: [spcom_ion_alloc] ion buf fd = [8].
01-01 00:00:34.866   628   635 D secnvm  : ch [sec_nvm_sp_nvm] ari, skp: marker points to req ARC
01-01 00:00:34.867   628   635 D secnvm  : found marker for file
01-01 00:00:34.867   628   635 D secnvm  : found marker for file
01-01 00:00:34.867   628   635 D secnvm  : m_is_ari: 1, m_is_ari_bypass: 1
01-01 00:00:34.867   628   635 D secnvm  : ari bypass: check counters
01-01 00:00:34.867   628   635 D secnvm  : counters: cnt0: 82, cnt1: 83
01-01 00:00:34.867   628   635 D secnvm  : match counter 83 of /mnt/vendor/persist/secnvm/552412310573718226167662182032189844128_0_1
01-01 00:00:34.867   628   635 D secnvm  : load 32 blocks starting from 0
01-01 00:00:34.868   628   635 D secnvm  : load 32 hash blocks starting from 32768
01-01 00:00:34.868   628   635 D secnvm  : actual transaction counter: 83
01-01 00:00:34.868   628   635 D secnvm  : successfully uploaded segment to DDR
01-01 00:00:34.868   628   635 D spcomlib: [find_ch] found ch [sec_nvm_sp_nvm].
01-01 00:00:34.868   628   635 D spcomlib: [spcom_lock_ion_buffer] Write() lock ION buf.
01-01 00:00:34.868   628   635 D spcomlib: [spcom_is_ch_connected] channel connection state:1
01-01 00:00:34.882   628   638 D spcomlib: [add_ssr_cb] ssr cb already exist!
01-01 00:00:34.882   628   638 D spcomlib: [start_ssr_thread] SSR thread already started
01-01 00:00:34.882   628   638 D spcomlib: [add_ch] add ch [sec_nvm_iuicc].
01-01 00:00:34.882   628   638 D spcomlib: [spcom_register_service] spcom_register_service() name [sec_nvm_iuicc] pid [509296528720] done
01-01 00:00:34.882   628   635 D spcomlib: [spcom_server_get_next_request_size] Rx (read) ok ch [sec_nvm_sp_nvm] , next_req_size = 135.
01-01 00:00:34.882   628   635 D spcomlib: [spcom_server_wait_for_request] Rx (read) ok ch [sec_nvm_sp_nvm], actual buf size = 135.
01-01 00:00:34.882   628   637 D spcomlib: [spcom_register_service] spcom_register_service() name [sec_nvm_sampleapp] pid [509297565008]
01-01 00:00:34.882   628   635 D secnvm  : ch [sec_nvm_sp_nvm] create new request: reqId = 8
01-01 00:00:34.882   628   635 D secnvm  : CommitOp::execute() start, m_is_skp [1]
01-01 00:00:34.882   628   635 D secnvm  : ch [sec_nvm_sp_nvm] update segment#0 out of 1
01-01 00:00:34.882   628   637 D spcomlib: [spcom_open] ch [sec_nvm_sampleapp] doesn't exist, create it.
01-01 00:00:34.882   628   635 D secnvm  : ch [sec_nvm_sp_nvm] ari, skp: marker points to req ARC
01-01 00:00:34.882   628   635 D secnvm  : found marker for file
01-01 00:00:34.882   628   637 D spcomlib: [spcom_create_channel] Create Channel [sec_nvm_sampleapp].
01-01 00:00:34.882   628   635 D secnvm  : found marker for file
01-01 00:00:34.882   628   635 D secnvm  : m_is_ari: 1, m_is_ari_bypass: 1
01-01 00:00:34.882   628   635 D secnvm  : ari bypass: check counters
01-01 00:00:34.882   628   635 D secnvm  : counters: cnt0: 82, cnt1: 83
01-01 00:00:34.882   628   635 D secnvm  : match counter 83 of /mnt/vendor/persist/secnvm/552412310573718226167662182032189844128_0_1
01-01 00:00:34.884   628   635 D secnvm  : commit 2 blocks starting from 0
01-01 00:00:34.885   628   635 D secnvm  : commit 2 hash blocks starting from 32768
01-01 00:00:34.885   628   635 D secnvm  : updated active file with transaction counter: 84, m_is_ari_bypass: 1
01-01 00:00:34.885   628   635 D secnvm  : successfully updated DDR->flash (transaction counter: 84)
01-01 00:00:34.885   628   635 D secnvm  : successfully commited to the backup file, save bytemap for the next time
01-01 00:00:34.885   628   635 D secnvm  : CommitOp::execute: m_is_skp [1] t_avg usec [2843] t_min [2843] t_max [2843]
01-01 00:00:34.885   628   635 D spcomlib: [spcom_server_send_response] size [18].
01-01 00:00:34.885   628   635 D spcomlib: [spcom_server_send_response] Write tx_size [30].
01-01 00:00:34.885   628   635 D secnvm  : SKP's segment opened/create success
01-01 00:00:34.885   628   635 D spcomlib: [spcom_signal_event] event [1] [nvm_ready] EVENT_STATUS_SIGNALED
01-01 00:00:34.885   627   627 D spcomlib: [spcom_wait_for_event] event [1] [nvm_ready] EVENT_STATUS_SIGNALED
01-01 00:00:34.886   628   635 D spcomlib: [spcom_server_get_next_request_size] Rx (read) ok ch [sec_nvm_sp_nvm] , next_req_size = 32.
01-01 00:00:34.886   628   635 D spcomlib: [spcom_server_wait_for_request] Rx (read) ok ch [sec_nvm_sp_nvm], actual buf size = 32.
01-01 00:00:34.886   628   635 D secnvm  : ch [sec_nvm_sp_nvm] create new request: reqId = 13
01-01 00:00:34.886   628   635 D spcomlib: [spcom_ion_alloc] ion_fd = [9], round up ion size = [4096].
01-01 00:00:34.887   628   635 D spcomlib: [spcom_ion_alloc] ion buf fd = [10].
01-01 00:00:34.887   628   635 D spcomlib: [find_ch] found ch [sec_nvm_sp_nvm].
01-01 00:00:34.887   628   635 D spcomlib: [spcom_lock_ion_buffer] Write() lock ION buf.
01-01 00:00:34.887   628   635 D spcomlib: [spcom_is_ch_connected] channel connection state:1
01-01 00:00:34.887   628   635 D secnvm  : setNvmManagerState: is_skp:0, reqId:13, m_state=4
01-01 00:00:34.891   628   635 D spcomlib: [spcom_server_get_next_request_size] Rx (read) ok ch [sec_nvm_sp_nvm] , next_req_size = 135.
01-01 00:00:34.891   628   635 D spcomlib: [spcom_server_wait_for_request] Rx (read) ok ch [sec_nvm_sp_nvm], actual buf size = 135.
01-01 00:00:34.891   628   635 D secnvm  : ch [sec_nvm_sp_nvm] create new request: reqId = 8
01-01 00:00:34.891   628   635 D secnvm  : CommitOp::execute() start, m_is_skp [1]
01-01 00:00:34.891   628   635 D secnvm  : ch [sec_nvm_sp_nvm] update segment#0 out of 1
01-01 00:00:34.891   628   635 D secnvm  : ch [sec_nvm_sp_nvm] ari, skp: marker points to req ARC
01-01 00:00:34.891   628   635 D secnvm  : found marker for file
01-01 00:00:34.891   628   635 D secnvm  : found marker for file
01-01 00:00:34.891   628   635 D secnvm  : m_is_ari: 1, m_is_ari_bypass: 1
01-01 00:00:34.891   628   635 D secnvm  : ari bypass: check counters
01-01 00:00:34.891   628   635 D secnvm  : counters: cnt0: 84, cnt1: 83
01-01 00:00:34.891   628   635 D secnvm  : match counter 84 of /mnt/vendor/persist/secnvm/552412310573718226167662182032189844128_0_0
01-01 00:00:34.892   628   635 D secnvm  : commit 2 blocks starting from 0
01-01 00:00:34.892   628   635 D secnvm  : commit 2 hash blocks starting from 32768
01-01 00:00:34.892   628   635 D secnvm  : updated active file with transaction counter: 85, m_is_ari_bypass: 1
01-01 00:00:34.892   628   635 D secnvm  : successfully updated DDR->flash (transaction counter: 85)
01-01 00:00:34.892   628   635 D secnvm  : successfully commited to the backup file, save bytemap for the next time
01-01 00:00:34.892   628   635 D secnvm  : CommitOp::execute: m_is_skp [1] t_avg usec [2285] t_min [1728] t_max [2843]
01-01 00:00:34.892   628   635 D spcomlib: [spcom_server_send_response] size [18].
01-01 00:00:34.892   628   635 D spcomlib: [spcom_server_send_response] Write tx_size [30].
01-01 00:00:34.892   628   635 D secnvm  : setNvmManagerState: is_skp:1, reqId:8, m_state=4
01-01 00:00:34.903   628   637 D spcomlib: [add_ssr_cb] ssr cb already exist!
01-01 00:00:34.903   628   637 D spcomlib: [start_ssr_thread] SSR thread already started
01-01 00:00:34.903   628   637 D spcomlib: [add_ch] add ch [sec_nvm_sampleapp].
01-01 00:00:34.903   628   637 D spcomlib: [spcom_register_service] spcom_register_service() name [sec_nvm_sampleapp] pid [509297565008] done
01-01 00:00:34.906   627   627 D spcomlib: [spcom_register_client_with_max_retry] spcom_register_client() name [spdaemon_ssr] pid [491717242576]
01-01 00:00:34.906   627   627 D spcomlib: [spcom_open] ch [spdaemon_ssr] doesn't exist, create it.
01-01 00:00:34.906   627   627 D spcomlib: [spcom_create_channel] Create Channel [spdaemon_ssr].
01-01 00:00:34.926   627   627 D spcomlib: [add_ssr_cb] ssr cb added!
01-01 00:00:34.926   627   627 D spcomlib: [start_ssr_thread] ch [spcom] ready!
01-01 00:00:34.926   627   627 D spcomlib: [start_ssr_thread] main pthread self_id [0x7ca1aed0].
01-01 00:00:34.927   627   627 D spcomlib: [start_ssr_thread] pthread_create() ret [0] thread-id [0xfa9d0d50].
01-01 00:00:34.927   627   627 D spcomlib: [start_ssr_thread] Wait for SSR thread to run.
01-01 00:00:34.927   627   664 D spcomlib: [notify_ssr_thread] SSR pthread self_id [0xfa9d0d50].
01-01 00:00:34.949   627   627 D spcomlib: [start_ssr_thread] pthread_cond_wait() ret [0].
01-01 00:00:34.949   627   627 D spcomlib: [start_ssr_thread] done.
01-01 00:00:34.949   627   627 D spcomlib: [add_ch] add ch [spdaemon_ssr].
01-01 00:00:34.949   627   627 D spcomlib: [spcom_register_client_with_max_retry] spcom_register_client() name [spdaemon_ssr] fd [6] pid [491717242576] done.
01-01 00:00:34.949   627   627 D spdaemon: SSR callback registered ok.
01-01 00:00:34.949   627   627 D spdaemon: Wait for sp link up.
01-01 00:00:34.959   627   627 D spdaemon: SP LINK is UP in [10] msec.
01-01 00:00:34.959   601   601 I vold    : [libfs_mgr]Running /system/bin/fsck.f2fs -a /dev/block/dm-5
01-01 00:00:34.959   627   627 D spcomlib: [spcom_register_client_with_max_retry] spcom_register_client() name [cryptoapp] pid [491717242576]
01-01 00:00:34.959   627   627 D spcomlib: [spcom_open] ch [cryptoapp] doesn't exist, create it.
01-01 00:00:34.959   627   627 D spcomlib: [spcom_create_channel] Create Channel [cryptoapp].
01-01 00:00:34.979   601   601 I vold    : [libfs_mgr]Running /system/bin/resize.f2fs/dev/block/dm-5
01-01 00:00:34.984   627   627 D spcomlib: [add_ssr_cb] ssr cb added!
01-01 00:00:34.984   627   627 D spcomlib: [start_ssr_thread] SSR thread already started
01-01 00:00:34.984   627   627 D spcomlib: [add_ch] add ch [cryptoapp].
01-01 00:00:34.984   627   627 D spcomlib: [spcom_register_client_with_max_retry] spcom_register_client() name [cryptoapp] fd [8] pid [491717242576] done.
01-01 00:00:34.984   627   627 D spcomlib: [spcom_is_ch_connected] channel connection state:1
01-01 00:00:34.984   627   627 D spcomlib: [spcom_sp_sysparam_read_ext] Issue SP_CMD_ID_SYSPARAM_READ (3).
01-01 00:00:34.984   627   627 D spcomlib: [spcom_client_send_message_sync] req_size [16] resp_size [8] pid [491717242576].
01-01 00:00:34.991   627   627 D spcomlib: [spcom_client_send_message_sync] resp_size [8] pid [491717242576] done.
01-01 00:00:34.991   627   627 D spcomlib: [spcom_sp_sysparam_read_ext] SP_CMD_ID_SYSPARAM_READ returned value (0x00520000).
01-01 00:00:34.991   627   627 D spcomlib: [spcom_sp_sysparam_read_ext] Issue SP_CMD_ID_SYSPARAM_READ (4).
01-01 00:00:34.991   627   627 D spcomlib: [spcom_client_send_message_sync] req_size [16] resp_size [8] pid [491717242576].
01-01 00:00:34.995   627   627 D spcomlib: [spcom_client_send_message_sync] resp_size [8] pid [491717242576] done.
01-01 00:00:34.995   627   627 D spcomlib: [spcom_sp_sysparam_read_ext] SP_CMD_ID_SYSPARAM_READ returned value (0x762BEC00).
01-01 00:00:35.840   601   601 I vold    : [libfs_mgr]__mount(source=/dev/block/dm-5,target=/data,type=f2fs)=0: Success
01-01 00:00:35.840   601   601 D vold    : Mounted /data
01-01 00:00:35.840   601   612 D vold    : Disk at 252:5 changed
01-01 00:00:35.859   627   627 D spcomlib: [spcom_sp_sysparam_read_ext] Issue SP_CMD_ID_SYSPARAM_READ (3).
01-01 00:00:35.859   627   627 D spcomlib: [spcom_client_send_message_sync] req_size [16] resp_size [8] pid [491717242576].
01-01 00:00:35.864   627   627 D spcomlib: [spcom_client_send_message_sync] resp_size [8] pid [491717242576] done.
01-01 00:00:35.864   627   627 D spcomlib: [spcom_sp_sysparam_read_ext] SP_CMD_ID_SYSPARAM_READ returned value (0x00520000).
01-01 00:00:35.864   627   627 D spcomlib: [spcom_sp_sysparam_read_ext] Issue SP_CMD_ID_SYSPARAM_READ (4).
01-01 00:00:35.864   627   627 D spcomlib: [spcom_client_send_message_sync] req_size [16] resp_size [8] pid [491717242576].
01-01 00:00:35.868   627   627 D spcomlib: [spcom_client_send_message_sync] resp_size [8] pid [491717242576] done.
01-01 00:00:35.868   627   627 D spcomlib: [spcom_sp_sysparam_read_ext] SP_CMD_ID_SYSPARAM_READ returned value (0x762BEC00).
01-01 00:00:35.868   627   627 I spdaemon: cryptoapp, v82.0.762BEC00
01-01 00:00:35.869   627   627 D spcomlib: [spcom_sp_sysparam_read_ext] Issue SP_CMD_ID_SYSPARAM_READ (3).
01-01 00:00:35.869   627   627 D spcomlib: [spcom_client_send_message_sync] req_size [16] resp_size [8] pid [491717242576].
01-01 00:00:35.872   627   627 D spcomlib: [spcom_client_send_message_sync] resp_size [8] pid [491717242576] done.
01-01 00:00:35.872   627   627 D spcomlib: [spcom_sp_sysparam_read_ext] SP_CMD_ID_SYSPARAM_READ returned value (0x00520000).
01-01 00:00:35.872   627   627 D spcomlib: [spcom_sp_sysparam_read_ext] Issue SP_CMD_ID_SYSPARAM_READ (4).
01-01 00:00:35.872   627   627 D spcomlib: [spcom_client_send_message_sync] req_size [16] resp_size [8] pid [491717242576].
01-01 00:00:35.876   601   601 I Checkpoint: cp_prepareCheckpoint called
01-01 00:00:35.876   627   627 D spcomlib: [spcom_client_send_message_sync] resp_size [8] pid [491717242576] done.
01-01 00:00:35.876   627   627 D spcomlib: [spcom_sp_sysparam_read_ext] SP_CMD_ID_SYSPARAM_READ returned value (0x762BEC00).
01-01 00:00:35.876   627   627 I spdaemon: sp_keymaster, v82.0.762BEC00
01-01 00:00:35.876   627   627 D spdaemon: Load SP App [macchiato].
01-01 00:00:35.877   627   627 E iardb   : [iar_db_get_iar_state] failed to open file /mnt/vendor/spunvm/iar_db/iar_state.bin [2] [No such file or directory]
01-01 00:00:35.877   627   627 D iarlib  : [iar_get_state] Can't get iar_state, return DISABLED
01-01 00:00:35.877   627   627 D spcomlib: [spcom_load_app] Version 4.0.
01-01 00:00:35.878   627   627 D spcomlib: [spcom_load_app] file [/vendor/firmware_mnt/image/macch2p.sig] size [34160] st_nlink #1.
01-01 00:00:35.878   627   627 D spcomlib: [spcom_load_app] file [/vendor/firmware_mnt/image/macch2p.sig] read size [34160].
01-01 00:00:35.878   627   627 D spcomlib: [get_file_name_from_path] file_name [macch2p]
01-01 00:00:35.878   627   627 D spcomlib: [spcom_load_app_from_buffer] load app from buffer: [macch2p]
01-01 00:00:35.878   627   627 D spcomlib: [spcom_ion_alloc] ion_fd = [9], round up ion size = [524288].
01-01 00:00:35.879   627   627 D spcomlib: [spcom_ion_alloc] ion buf fd = [10].
01-01 00:00:35.879   627   627 D spcomlib: [spcom_load_app_from_buffer] app buf successfully created for [macchiato].
01-01 00:00:35.879   627   627 D iarlib  : [iar_handle_pre_app_load] pre load app.
01-01 00:00:35.879   627   627 E iardb   : [iar_db_get_iar_state] failed to open file /mnt/vendor/spunvm/iar_db/iar_state.bin [2] [No such file or directory]
01-01 00:00:35.879   627   627 D iarlib  : [iar_get_state] Can't get iar_state, return DISABLED
01-01 00:00:35.879   627   627 I iarlib  : [iar_handle_pre_app_load] IAR is NOT Activated.
01-01 00:00:35.879   627   627 D spcomlib: [spcom_load_app_from_buffer] IAR handle pre-app load: 0
01-01 00:00:35.879   627   627 D spcomlib: [spcom_register_client_with_max_retry] spcom_register_client() name [sp_kernel] pid [491717242576]
01-01 00:00:35.879   627   627 D spcomlib: [add_ch] add ch [sp_kernel].
01-01 00:00:35.879   627   627 D spcomlib: [spcom_register_client_with_max_retry] spcom_register_client() name [sp_kernel] fd [9] pid [491717242576] done.
01-01 00:00:35.879   627   627 D spcomlib: [spcom_is_ch_connected] channel connection state:1
01-01 00:00:35.879   627   627 D spcomlib: [spcom_is_ch_connected] channel connection state:1
01-01 00:00:35.879   627   627 D spcomlib: [spcom_client_send_modified_command] timeout_msec [9000].
01-01 00:00:35.898   601   601 I vold    : fscrypt_initialize_systemwide_keys
01-01 00:00:35.899   601   601 D vold    : Key exists, using: /data/unencrypted/key
01-01 00:00:35.903   601   601 I vold    : List of Keymaster HALs found:
01-01 00:00:35.903   601   601 I vold    : Keymaster HAL #1: Keymaster HAL: 4 from QTI SecurityLevel: TRUSTED_ENVIRONMENT HAL: android.hardware.keymaster@4.0::IKeymasterDevice/default
01-01 00:00:35.904   601   601 I vold    : Using Keymaster HAL: 4 from QTI for encryption.  Security level: TRUSTED_ENVIRONMENT, HAL: android.hardware.keymaster@4.0::IKeymasterDevice/default
01-01 00:00:35.911   601   601 I vold    : List of Keymaster HALs found:
01-01 00:00:35.911   601   601 I vold    : Keymaster HAL #1: Keymaster HAL: 4 from QTI SecurityLevel: TRUSTED_ENVIRONMENT HAL: android.hardware.keymaster@4.0::IKeymasterDevice/default
01-01 00:00:35.911   601   601 I vold    : Using Keymaster HAL: 4 from QTI for encryption.  Security level: TRUSTED_ENVIRONMENT, HAL: android.hardware.keymaster@4.0::IKeymasterDevice/default
01-01 00:00:35.914   601   601 E vold    : Inserting using old mechanism  Error 19: No such device
01-01 00:00:35.914   601   601 D vold    : Added key 818591248 (ext4:e839b855841c098b) to keyring 971636332 in process 601key size64
01-01 00:00:35.914   601   601 E vold    : Inserting using old mechanism  Error 19: No such device
01-01 00:00:35.914   601   601 D vold    : Added key 893840704 (f2fs:e839b855841c098b) to keyring 971636332 in process 601key size64
01-01 00:00:35.914   601   601 E vold    : Inserting using old mechanism  Error 19: No such device
01-01 00:00:35.914   601   601 D vold    : Added key 773652475 (fscrypt:e839b855841c098b) to keyring 971636332 in process 601key size64
01-01 00:00:35.916   601   601 I vold    : Wrote system DE key reference to:/data/unencrypted/ref
01-01 00:00:35.916   601   601 E vold    : Inserting using old mechanism  Error 19: No such device
01-01 00:00:35.916   601   601 D vold    : Added key 231392469 (ext4:fc1fc8d34020b178) to keyring 971636332 in process 601key size64
01-01 00:00:35.916   601   601 E vold    : Inserting using old mechanism  Error 19: No such device
01-01 00:00:35.916   601   601 D vold    : Added key 438695633 (f2fs:fc1fc8d34020b178) to keyring 971636332 in process 601key size64
01-01 00:00:35.916   601   601 E vold    : Inserting using old mechanism  Error 19: No such device
01-01 00:00:35.916   601   601 D vold    : Added key 700623759 (fscrypt:fc1fc8d34020b178) to keyring 971636332 in process 601key size64
01-01 00:00:35.917   601   601 I vold    : Wrote per boot key reference to:/data/unencrypted/per_boot_ref
01-01 00:00:35.921   627   627 D spcomlib: [spcom_load_app_from_buffer] Load App [macchiato] ret [20]
01-01 00:00:35.921   627   627 E iardb   : [iar_db_get_iar_state] failed to open file /mnt/vendor/spunvm/iar_db/iar_state.bin [2] [No such file or directory]
01-01 00:00:35.921   627   627 D iarlib  : [iar_get_state] Can't get iar_state, return DISABLED
01-01 00:00:35.921   627   627 I iarlib  : [iar_handle_post_app_load] IAR not activated
01-01 00:00:35.921   627   627 D spcomlib: [spcom_load_app_from_buffer] IAR handle post-app load: 0
01-01 00:00:35.921   627   627 D spcomlib: [find_ch] found ch [sp_kernel].
01-01 00:00:35.921   627   627 D spcomlib: [spcom_lock_ion_buffer] Write() lock ION buf.
01-01 00:00:35.921   627   627 D spcomlib: [spcom_unregister_client] spcom_unregister_client() name [sp_kernel] fd [9] pid [491717242576].
01-01 00:00:35.921   627   627 D spcomlib: [del_ch] del ch [sp_kernel].
01-01 00:00:35.921   627   627 D spcomlib: [spcom_unregister_client] spcom_unregister_client() pid [491717242576] done.
01-01 00:00:35.921   627   627 D spcomlib: [spcom_load_app_from_buffer] Load App resp->error_code: [0].
01-01 00:00:35.921   627   627 D spcomlib: [spcom_load_app_from_buffer] Load App [macchiato] completed ok.
01-01 00:00:35.941   627   627 D spdaemon: SP App [macchiato] is loaded successfully.
01-01 00:00:35.941   627   627 D spcomlib: [spcom_sp_sysparam_read_ext] Issue SP_CMD_ID_SYSPARAM_READ (3).
01-01 00:00:35.941   627   627 D spcomlib: [spcom_client_send_message_sync] req_size [16] resp_size [8] pid [491717242576].
01-01 00:00:35.948   627   627 D spcomlib: [spcom_client_send_message_sync] resp_size [8] pid [491717242576] done.
01-01 00:00:35.948   627   627 D spcomlib: [spcom_sp_sysparam_read_ext] SP_CMD_ID_SYSPARAM_READ returned value (0x00520000).
01-01 00:00:35.948   627   627 D spcomlib: [spcom_sp_sysparam_read_ext] Issue SP_CMD_ID_SYSPARAM_READ (4).
01-01 00:00:35.948   627   627 D spcomlib: [spcom_client_send_message_sync] req_size [16] resp_size [8] pid [491717242576].
01-01 00:00:35.952   627   627 D spcomlib: [spcom_client_send_message_sync] resp_size [8] pid [491717242576] done.
01-01 00:00:35.952   627   627 D spcomlib: [spcom_sp_sysparam_read_ext] SP_CMD_ID_SYSPARAM_READ returned value (0x762BEC00).
01-01 00:00:35.952   627   627 I spdaemon: macchiato, v82.0.762BEC00
01-01 00:00:35.952   627   627 D spdaemon: SP Apps were loaded successfully.
01-01 00:00:35.952   627   627 D spcomlib: [spcom_client_send_message_sync] req_size [8] resp_size [56] pid [491717242576].
01-01 00:00:35.998   627   627 D spcomlib: [spcom_client_send_message_sync] resp_size [56] pid [491717242576] done.
01-01 00:00:35.998   627   627 E iardb   : [iar_db_get_iar_state] failed to open file /mnt/vendor/spunvm/iar_db/iar_state.bin [2] [No such file or directory]
01-01 00:00:35.998   627   627 D iarlib  : [iar_get_state] Can't get iar_state, return DISABLED
01-01 00:00:35.999   627   627 E iardb   : [iar_db_get_iar_state] failed to open file /mnt/vendor/spunvm/iar_db/iar_state.bin [2] [No such file or directory]
01-01 00:00:35.999   627   627 D iarlib  : [iar_get_state] Can't get iar_state, return DISABLED
01-01 00:00:35.999   627   627 D spcomlib: [spcom_sp_sysparam_read_ext] Issue SP_CMD_ID_SYSPARAM_READ (0).
01-01 00:00:35.999   627   627 D spcomlib: [spcom_client_send_message_sync] req_size [16] resp_size [8] pid [491717242576].
01-01 00:00:36.002   627   627 D spcomlib: [spcom_client_send_message_sync] resp_size [8] pid [491717242576] done.
01-01 00:00:36.002   627   627 D spcomlib: [spcom_sp_sysparam_read_ext] SP_CMD_ID_SYSPARAM_READ returned value (0x00520000).
01-01 00:00:36.002   627   627 D spcomlib: [spcom_sp_sysparam_read_ext] Issue SP_CMD_ID_SYSPARAM_READ (1).
01-01 00:00:36.002   627   627 D spcomlib: [spcom_client_send_message_sync] req_size [16] resp_size [8] pid [491717242576].
01-01 00:00:36.006   627   627 D spcomlib: [spcom_client_send_message_sync] resp_size [8] pid [491717242576] done.
01-01 00:00:36.006   627   627 D spcomlib: [spcom_sp_sysparam_read_ext] SP_CMD_ID_SYSPARAM_READ returned value (0x762BEC00).
01-01 00:00:36.006   627   627 D spcomlib: [spcom_sp_sysparam_read_ext] Issue SP_CMD_ID_SYSPARAM_READ (5).
01-01 00:00:36.006   627   627 D spcomlib: [spcom_client_send_message_sync] req_size [16] resp_size [8] pid [491717242576].
01-01 00:00:36.010   627   627 D spcomlib: [spcom_client_send_message_sync] resp_size [8] pid [491717242576] done.
01-01 00:00:36.010   627   627 D spcomlib: [spcom_sp_sysparam_read_ext] SP_CMD_ID_SYSPARAM_READ returned value (0x04000000).
01-01 00:00:36.010   627   627 I spdaemon: SP Build v82.0.762BEC00, HW v04000000
01-01 00:00:36.010   627   627 D spcomlib: [spcom_client_send_message_sync] req_size [8] resp_size [56] pid [491717242576].
01-01 00:00:36.057   627   627 D spcomlib: [spcom_client_send_message_sync] resp_size [56] pid [491717242576] done.
01-01 00:00:36.057   627   627 I spdaemon: Sensors Calibration: Ok, ARI mode: 0, ARI fuse: 0, ARI Gauge: 1095714374
01-01 00:00:36.057   627   627 D spcomlib: [spcom_sp_sysparam_read_ext] Issue SP_CMD_ID_SYSPARAM_READ (6).
01-01 00:00:36.057   627   627 D spcomlib: [spcom_client_send_message_sync] req_size [16] resp_size [8] pid [491717242576].
01-01 00:00:36.065   627   627 D spcomlib: [spcom_client_send_message_sync] resp_size [8] pid [491717242576] done.
01-01 00:00:36.065   627   627 D spcomlib: [spcom_sp_sysparam_read_ext] SP_CMD_ID_SYSPARAM_READ returned value (0x00000000).
01-01 00:00:36.065   627   627 I spdaemon: FIPS: off, FIPS override: off
01-01 00:00:36.065   627   627 D spcomlib: [spcom_unregister_client] spcom_unregister_client() name [cryptoapp] fd [8] pid [491717242576].
01-01 00:00:36.065   627   627 D spcomlib: [del_ssr_cb] ssr cb deleted!
01-01 00:00:36.065   627   627 D spcomlib: [stop_ssr_thread] ssr_cb_num [1] > 0 , Don't kill yet
01-01 00:00:36.065   627   627 D spcomlib: [del_ch] del ch [cryptoapp].
01-01 00:00:36.065   627   627 D spcomlib: [spcom_unregister_client] spcom_unregister_client() pid [491717242576] done.
01-01 00:00:36.065   627   627 D spcomlib: [spcom_signal_event] event [2] [spu_ready] EVENT_STATUS_SIGNALED
01-01 00:00:36.065   627   627 D sp_uim_remote: [sp_uim_remote_create_thread] created thread for modem uim remote communication with SP for instance [0]
01-01 00:00:36.065   627   686 D sp_uim_remote: [sp_uim_remote_start_func] Slot in sp_uim_remote_start_func 0 
01-01 00:00:36.065   627   627 D sp_uim_remote: [sp_uim_remote_create_thread] created thread for modem uim remote communication with SP for instance [1]
01-01 00:00:36.065   627   627 D spdaemon: Go to sleep , nothing to do now , wake up upon SP reset event.
01-01 00:00:36.066   627   687 D sp_uim_remote: [sp_uim_remote_start_func] Slot in sp_uim_remote_start_func 1 
01-01 00:00:36.117   601   601 D vold    : fscrypt_init_user0
01-01 00:00:36.117   601   601 D vold    : Preparing: /data/misc/vold/user_keys
01-01 00:00:36.118   601   601 D vold    : Preparing: /data/misc/vold/user_keys/ce
01-01 00:00:36.119   601   601 D vold    : Preparing: /data/misc/vold/user_keys/de
01-01 00:00:36.120   601   601 D vold    : Skipping non-de-key .
01-01 00:00:36.120   601   601 D vold    : Skipping non-de-key ..
01-01 00:00:36.125   601   601 I vold    : List of Keymaster HALs found:
01-01 00:00:36.125   601   601 I vold    : Keymaster HAL #1: Keymaster HAL: 4 from QTI SecurityLevel: TRUSTED_ENVIRONMENT HAL: android.hardware.keymaster@4.0::IKeymasterDevice/default
01-01 00:00:36.125   601   601 I vold    : Using Keymaster HAL: 4 from QTI for encryption.  Security level: TRUSTED_ENVIRONMENT, HAL: android.hardware.keymaster@4.0::IKeymasterDevice/default
01-01 00:00:36.132   601   601 I vold    : List of Keymaster HALs found:
01-01 00:00:36.132   601   601 I vold    : Keymaster HAL #1: Keymaster HAL: 4 from QTI SecurityLevel: TRUSTED_ENVIRONMENT HAL: android.hardware.keymaster@4.0::IKeymasterDevice/default
01-01 00:00:36.132   601   601 I vold    : Using Keymaster HAL: 4 from QTI for encryption.  Security level: TRUSTED_ENVIRONMENT, HAL: android.hardware.keymaster@4.0::IKeymasterDevice/default
01-01 00:00:36.135   601   601 E vold    : Inserting using old mechanism  Error 19: No such device
01-01 00:00:36.136   601   601 D vold    : Added key 661490579 (ext4:8e57064d34242e32) to keyring 971636332 in process 601key size64
01-01 00:00:36.136   601   601 E vold    : Inserting using old mechanism  Error 19: No such device
01-01 00:00:36.136   601   601 D vold    : Added key 761360759 (f2fs:8e57064d34242e32) to keyring 971636332 in process 601key size64
01-01 00:00:36.136   601   601 E vold    : Inserting using old mechanism  Error 19: No such device
01-01 00:00:36.136   601   601 D vold    : Added key 707358109 (fscrypt:8e57064d34242e32) to keyring 971636332 in process 601key size64
01-01 00:00:36.136   601   601 D vold    : Installed de key for user 0
01-01 00:00:36.136   601   601 D vold    : fscrypt_prepare_user_storage for volume null, user 0, serial 0, flags 1
01-01 00:00:36.136   601   601 D vold    : Preparing: /data/system/users/0
01-01 00:00:36.137   601   601 D vold    : Preparing: /data/misc/profiles/cur/0
01-01 00:00:36.137   601   601 D vold    : Preparing: /data/system_de/0
01-01 00:00:36.137   601   601 D vold    : Preparing: /data/misc_de/0
01-01 00:00:36.138   601   601 D vold    : Preparing: /data/vendor_de/0
01-01 00:00:36.138   601   601 D vold    : Preparing: /data/user_de/0
01-01 00:00:36.139   601   601 I vold    : Found policy 8e57064d34242e32 at /data/system_de/0 which matches expected value
01-01 00:00:36.139   601   601 I vold    : Found policy 8e57064d34242e32 at /data/misc_de/0 which matches expected value
01-01 00:00:36.139   601   601 I vold    : Found policy 8e57064d34242e32 at /data/vendor_de/0 which matches expected value
01-01 00:00:36.143   601   601 I vold    : Found policy 8e57064d34242e32 at /data/user_de/0 which matches expected value
01-01 00:00:36.143   601   601 D vold    : /system/bin/vold_prepare_subdirs
01-01 00:00:36.143   601   601 D vold    :     prepare
01-01 00:00:36.143   601   601 D vold    :     
01-01 00:00:36.143   601   601 D vold    :     0
01-01 00:00:36.143   601   601 D vold    :     1
01-01 00:00:37.115   721   721 D Zygote32Timing: PostZygoteInitGC took to complete: 5ms
01-01 00:00:37.115   721   721 D Zygote32Timing: ZygoteInit took to complete: 5ms
01-01 00:00:37.131   720   720 D Zygote64Timing: BeginPreload took to complete: 21ms
01-01 00:00:37.546   720   720 D Zygote64Timing: PreloadClasses took to complete: 415ms
01-01 00:00:37.555   720   720 D Zygote64Timing: CacheNonBootClasspathClassLoaders took to complete: 8ms
01-01 00:00:37.869   893   893 I android.hardware.wifi@1.0-service: Wifi Hal is booting up...
01-01 00:00:37.895   893   893 I ServiceManagement: Registered android.hardware.wifi@1.3::IWifi/default (start delay of 249ms)
01-01 00:00:37.929   895   895 D spcomlib: [spcom_register_client_with_max_retry] spcom_register_client() name [spu_hal_ssr] pid [502243233488]
01-01 00:00:37.929   895   895 D spcomlib: [spcom_open] ch [spu_hal_ssr] doesn't exist, create it.
01-01 00:00:37.929   895   895 D spcomlib: [spcom_create_channel] Create Channel [spu_hal_ssr].
01-01 00:00:37.961   895   895 D spcomlib: [add_ssr_cb] ssr cb added!
01-01 00:00:37.961   895   895 D spcomlib: [start_ssr_thread] ch [spcom] ready!
01-01 00:00:37.961   895   895 D spcomlib: [start_ssr_thread] main pthread self_id [0xf0078ed0].
01-01 00:00:37.961   895   895 D spcomlib: [start_ssr_thread] pthread_create() ret [0] thread-id [0x6c5fbd50].
01-01 00:00:37.961   895   895 D spcomlib: [start_ssr_thread] Wait for SSR thread to run.
01-01 00:00:37.961   895   946 D spcomlib: [notify_ssr_thread] SSR pthread self_id [0x6c5fbd50].
01-01 00:00:37.962   895   895 D spcomlib: [start_ssr_thread] pthread_cond_wait() ret [0].
01-01 00:00:37.962   895   895 D spcomlib: [start_ssr_thread] done.
01-01 00:00:37.962   895   895 D spcomlib: [add_ch] add ch [spu_hal_ssr].
01-01 00:00:37.962   895   895 D spcomlib: [spcom_register_client_with_max_retry] spcom_register_client() name [spu_hal_ssr] fd [4] pid [502243233488] done.
01-01 00:00:37.962   895   895 D spcomlib: [spcom_wait_for_event] event [2] [spu_ready] EVENT_STATUS_SIGNALED
01-01 00:00:38.073   720   720 D Zygote64Timing: PreloadResources took to complete: 519ms
01-01 00:00:38.087   955   955 I irsc_util: Starting irsc tool
01-01 00:00:38.090   955   955 I irsc_util: Num of entries:299
01-01 00:00:38.090   955   955 I irsc_util: Ending irsc tool
01-01 00:00:38.219   720   720 D Zygote64Timing: ZygotePreload took to complete: 1109ms
01-01 00:00:38.250   720   720 D Zygote64Timing: PostZygoteInitGC took to complete: 31ms
01-01 00:00:38.250   720   720 D Zygote64Timing: ZygoteInit took to complete: 1140ms
01-01 00:00:38.670  1018  1018 I SystemServer: InitBeforeStartServices
01-01 00:00:38.704  1018  1018 W SystemServer: System clock is before 1970; setting to 1970.
01-01 00:00:38.705  1018  1018 I SystemServer: Entered the Android system server!
01-01 00:00:39.012  1118  1118 I installd: installd firing up
01-01 00:00:39.154  1018  1018 D SystemServerTiming: InitBeforeStartServices took to complete: 485ms
01-01 00:00:39.154  1018  1018 I SystemServer: StartServices
01-01 00:00:39.155  1018  1018 I SystemServer: StartWatchdog
01-01 00:00:39.288  1018  1018 D SystemServerTiming: StartWatchdog took to complete: 133ms
01-01 00:00:39.288  1018  1018 I SystemServer: Reading configuration...
01-01 00:00:39.288  1018  1018 I SystemServer: ReadingSystemConfig
01-01 00:00:39.289  1018  1018 D SystemServerTiming: ReadingSystemConfig took to complete: 0ms
01-01 00:00:39.289  1018  1018 I SystemServer: StartInstaller
01-01 00:00:39.289  1018  1018 I SystemServiceManager: Starting com.android.server.pm.Installer
01-01 00:00:39.296  1018  1018 D SystemServerTiming: StartInstaller took to complete: 8ms
01-01 00:00:39.296  1018  1018 I SystemServer: DeviceIdentifiersPolicyService
01-01 00:00:39.296  1018  1018 I SystemServiceManager: Starting com.android.server.os.DeviceIdentifiersPolicyService
01-01 00:00:39.297  1018  1018 D SystemServerTiming: DeviceIdentifiersPolicyService took to complete: 1ms
01-01 00:00:39.297  1018  1018 I SystemServer: UriGrantsManagerService
01-01 00:00:39.297  1018  1018 I SystemServiceManager: Starting com.android.server.uri.UriGrantsManagerService$Lifecycle
01-01 00:00:39.298  1018  1167 D SystemServerInitThreadPool: Started executing ReadingSystemConfig
01-01 00:00:39.298  1018  1018 D SystemServerTiming: UriGrantsManagerService took to complete: 1ms
01-01 00:00:39.298  1018  1018 I SystemServer: StartActivityManager
01-01 00:00:39.298  1018  1018 I SystemServiceManager: Starting com.android.server.wm.ActivityTaskManagerService$Lifecycle
01-01 00:00:39.301  1018  1018 I SystemServiceManager: Starting com.android.server.am.ActivityManagerService$Lifecycle
01-01 00:00:39.315  1018  1018 I ActivityManager: Memory class: 512
01-01 00:00:39.336  1018  1018 D BatteryStatsImpl: Reading daily items from /data/system/batterystats-daily.xml
01-01 00:00:39.359  1151  1151 I wificond: wificond is starting up...
01-01 00:00:39.371  1018  1181 E BatteryExternalStatsWorker: no controller energy info supplied for telephony
01-01 00:00:39.372  1018  1181 I KernelCpuUidFreqTimeReader: mPerClusterTimesAvailable=false
01-01 00:00:39.376  1018  1181 E KernelCpuSpeedReader: Failed to read cpu-freq: /sys/devices/system/cpu/cpu4/cpufreq/stats/time_in_state: open failed: ENOENT (No such file or directory)
01-01 00:00:39.376  1018  1181 E KernelCpuSpeedReader: Failed to read cpu-freq: /sys/devices/system/cpu/cpu0/cpufreq/stats/time_in_state: open failed: ENOENT (No such file or directory)
01-01 00:00:39.384  1018  1181 W KernelMemoryBandwidthStats: No kernel memory bandwidth stats available
01-01 00:00:39.418  1018  1018 I IntentFirewall: Read new rules (A:0 B:0 S:0)
01-01 00:00:39.438  1018  1018 D AppOps  : AppOpsService published
01-01 00:00:39.454  1018  1167 W SystemConfig: No directory /product/etc/sysconfig, skipping
01-01 00:00:39.485  1018  1018 W SystemServiceManager: Service com.android.server.am.ActivityManagerService$Lifecycle took 63 ms in onStart
01-01 00:00:39.485  1018  1018 D SystemServerTiming: StartActivityManager took to complete: 186ms
01-01 00:00:39.485  1018  1018 I SystemServer: StartPowerManager
01-01 00:00:39.485  1018  1018 I SystemServiceManager: Starting com.android.server.power.PowerManagerService
01-01 00:00:39.503  1018  1167 W SystemConfig: No directory /product_services/etc/sysconfig, skipping
01-01 00:00:39.503  1018  1167 W SystemConfig: No directory /product_services/etc/permissions, skipping
01-01 00:00:39.503  1018  1167 D SystemServerInitThreadPool: Finished executing ReadingSystemConfig
01-01 00:00:39.513  1018  1018 D SystemServerTiming: StartPowerManager took to complete: 28ms
01-01 00:00:39.513  1018  1018 I SystemServer: StartThermalManager
01-01 00:00:39.513  1018  1018 I SystemServiceManager: Starting com.android.server.power.ThermalManagerService
01-01 00:00:39.514  1018  1018 D SystemServerTiming: StartThermalManager took to complete: 1ms
01-01 00:00:39.514  1018  1018 I SystemServer: InitPowerManagement
01-01 00:00:39.515  1018  1018 D SystemServerTiming: InitPowerManagement took to complete: 1ms
01-01 00:00:39.515  1018  1018 I SystemServer: StartRecoverySystemService
01-01 00:00:39.515  1018  1018 I SystemServiceManager: Starting com.android.server.RecoverySystemService
01-01 00:00:39.515  1018  1018 D SystemServerTiming: StartRecoverySystemService took to complete: 1ms
01-01 00:00:39.614  1220  1220 I imsrcsd : Uce Service HAL  is starting up...
01-01 00:00:39.699  1018  1072 W ContextImpl: Missing ActivityManager; assuming 1047 does not hold android.permission.UPDATE_DEVICE_STATS
01-01 00:00:39.700  1018  1072 W ContextImpl: Missing ActivityManager; assuming 1047 does not hold android.permission.UPDATE_DEVICE_STATS
01-01 00:00:39.889  1018  1207 W ProcessCpuTracker: Failed to stat(/proc/1206): android.system.ErrnoException: stat failed: ENOENT (No such file or directory)
01-01 00:00:39.889  1018  1207 W ProcessCpuTracker: Skipping unknown process pid 1206
01-01 00:00:39.890  1018  1207 W ProcessCpuTracker: Failed to stat(/proc/1218): android.system.ErrnoException: stat failed: ENOENT (No such file or directory)
01-01 00:00:39.891  1018  1207 W ProcessCpuTracker: Skipping unknown process pid 1218
01-01 00:00:40.197  1018  1072 W ContextImpl: Missing ActivityManager; assuming 1013 does not hold android.permission.UPDATE_DEVICE_STATS
01-01 00:00:40.198  1018  1072 W ContextImpl: Missing ActivityManager; assuming 1013 does not hold android.permission.UPDATE_DEVICE_STATS
01-01 00:00:40.297  1018  1018 W RescueParty: Noticed 1 events for UID 0 in last 30 sec
01-01 00:00:40.297  1018  1018 I SystemServer: StartLightsService
01-01 00:00:40.297  1018  1018 I SystemServiceManager: Starting com.android.server.lights.LightsService
01-01 00:00:40.306  1220  1220 I imsrcsd : Uce Service HAL  loading imsrcsbaseimpl
01-01 00:00:40.308  1018  1018 D SystemServerTiming: StartLightsService took to complete: 12ms
01-01 00:00:40.308  1018  1018 I SystemServer: StartSidekickService
