--------- beginning of system
01-01 00:00:35.320   596   611 I QISL    : QSEE Interrupt Service Listener Thread is started
01-01 00:00:35.320   601   601 I vold    : Vold 3.0 (the awakening) firing up
01-01 00:00:35.321   596   611 I QISL    : QSEE Interrupt Service Listener was activated successfully
01-01 00:00:35.321   601   601 D vold    : Detected support for: ext4 f2fs vfat
01-01 00:00:35.322   596   596 D SPL     : Call QSEECom_register_listener()
01-01 00:00:35.322   596   596 D SPL     : Registered listener sucessfully!
01-01 00:00:35.322   596   596 D SPL     : pipe read-fd [32] write-fd [33]
01-01 00:00:35.322   596   596 D SPL     : Create thread
01-01 00:00:35.322   596   596 D SPL     : Thread created sucessfully.
01-01 00:00:35.323   596   612 D SPL     : spl_dispatch() started
01-01 00:00:35.323   596   612 D SPL     : ==== Wait For Request ======
01-01 00:00:35.324   601   601 D vold    : Found unmanaged dm device named odm_a
01-01 00:00:35.324   601   601 D vold    : Found unmanaged dm device named system_a
01-01 00:00:35.324   601   601 D vold    : Found unmanaged dm device named vendor_a
01-01 00:00:35.324   601   601 D vold    : Found unmanaged dm device named scratch
01-01 00:00:35.324   601   601 D vold    : Found unmanaged dm device named product_a
01-01 00:00:35.324   601   601 W vold    : Failed to LOOP_GET_STATUS64 /dev/block/loop13: No such device or address
01-01 00:00:35.324   601   601 W vold    : Failed to LOOP_GET_STATUS64 /dev/block/loop9: No such device or address
01-01 00:00:35.324   601   601 W vold    : Failed to LOOP_GET_STATUS64 /dev/block/loop11: No such device or address
01-01 00:00:35.324   601   601 W vold    : Failed to LOOP_GET_STATUS64 /dev/block/loop6: No such device or address
01-01 00:00:35.324   601   601 W vold    : Failed to LOOP_GET_STATUS64 /dev/block/loop0: No such device or address
01-01 00:00:35.324   601   601 W vold    : Failed to LOOP_GET_STATUS64 /dev/block/loop8: No such device or address
01-01 00:00:35.324   601   601 W vold    : Failed to LOOP_GET_STATUS64 /dev/block/loop15: No such device or address
01-01 00:00:35.324   601   601 W vold    : Failed to LOOP_GET_STATUS64 /dev/block/loop10: No such device or address
01-01 00:00:35.324   601   601 W vold    : Failed to LOOP_GET_STATUS64 /dev/block/loop5: No such device or address
01-01 00:00:35.324   601   601 W vold    : Failed to LOOP_GET_STATUS64 /dev/block/loop3: No such device or address
01-01 00:00:35.324   601   601 W vold    : Failed to LOOP_GET_STATUS64 /dev/block/loop14: No such device or address
01-01 00:00:35.324   601   601 W vold    : Failed to LOOP_GET_STATUS64 /dev/block/loop12: No such device or address
01-01 00:00:35.324   601   601 W vold    : Failed to LOOP_GET_STATUS64 /dev/block/loop7: No such device or address
01-01 00:00:35.325   601   601 W vold    : Failed to LOOP_GET_STATUS64 /dev/block/loop4: No such device or address
01-01 00:00:35.325   601   601 W vold    : Failed to LOOP_GET_STATUS64 /dev/block/loop2: No such device or address
01-01 00:00:35.325   601   601 W vold    : Failed to LOOP_GET_STATUS64 /dev/block/loop1: No such device or address
01-01 00:00:35.325   601   601 I vold    : [libfs_mgr]dt_fstab: Skip disabled entry for partition vendor
01-01 00:00:35.327   601   601 D vold    : VoldNativeService::start() completed OK
01-01 00:00:35.467   601   615 I vold    : Found disk at /devices/platform/soc/8804000.sdhci/mmc_host/mmc0/mmc0:59b4/block/mmcblk0 but delaying scan due to secure keyguard
01-01 00:00:35.564   625   625 E secnvm  : No channel names file.
01-01 00:00:35.564   625   625 D secnvm  : Suppors [4] threads
01-01 00:00:35.564   625   625 D secnvm  : successfully created thread #[0] [sp_nvm]
01-01 00:00:35.565   625   625 D secnvm  : successfully created thread #[1] [sp_keymaster]
01-01 00:00:35.565   625   632 D secnvm  : start routine of appName [sp_nvm]
01-01 00:00:35.565   625   632 D secnvm  : ch [sec_nvm_sp_nvm] Wait for link UP...
01-01 00:00:35.566   625   625 D secnvm  : successfully created thread #[2] [sampleapp]
01-01 00:00:35.566   625   625 D secnvm  : successfully created thread #[3] [iuicc]
01-01 00:00:35.566   625   636 D secnvm  : start routine of appName [iuicc]
01-01 00:00:35.566   625   636 D secnvm  : ch [sec_nvm_iuicc] Wait for link UP...
01-01 00:00:35.567   625   634 D secnvm  : start routine of appName [sampleapp]
01-01 00:00:35.567   625   634 D secnvm  : ch [sec_nvm_sampleapp] Wait for link UP...
01-01 00:00:35.567   625   633 D secnvm  : start routine of appName [sp_keymaster]
01-01 00:00:35.567   625   633 D secnvm  : ch [sec_nvm_sp_keymaster] Wait for link UP...
01-01 00:00:35.578   624   624 D spdaemon: Firmware Name [spss2p].
01-01 00:00:35.579   624   624 D spdaemon: Prod FW.
01-01 00:00:35.579   624   624 D spdaemon: firmware_type [p].
01-01 00:00:35.579   624   624 D spdaemon: machine_name [KONA]
01-01 00:00:35.584   624   624 E iardb   : [iar_db_get_iar_state] failed to open file /mnt/vendor/spunvm/iar_db/iar_state.bin [2] [No such file or directory]
01-01 00:00:35.585   624   624 D iarlib  : [iar_get_state] Can't get iar_state, return DISABLED
01-01 00:00:35.585   624   624 I spdaemon: IAR is not activated
01-01 00:00:35.585   624   624 D spdaemon: ------ going to start SP From kernel ------
01-01 00:00:35.585   624   624 I spcomlib: [spcom_restart_sp_subsystem] restart_sp starts
01-01 00:00:35.585   624   624 D spcomlib: [spcom_restart_sp_subsystem] restart_sp - Send PIL request [1]
01-01 00:00:35.598   624   624 D spcomlib: [spcom_restart_sp_subsystem] restart_sp - Restart SP command ok.
01-01 00:00:35.598   624   624 D spcomlib: [spcom_signal_event] event [0] [pil_called] EVENT_STATUS_SIGNALED
01-01 00:00:35.598   624   624 I spcomlib: [spcom_reset_all_app_loaded_prop] start reset all spcomlib apploaded props.
01-01 00:00:35.658   625   634 D secnvm  : ch [sec_nvm_sampleapp] SP LINK is UP
01-01 00:00:35.658   625   634 D secnvm  : ch [sec_nvm_sampleapp] register spcom service, channel:sec_nvm_sampleapp
01-01 00:00:35.662   625   632 D secnvm  : ch [sec_nvm_sp_nvm] SP LINK is UP
01-01 00:00:35.662   625   636 D secnvm  : ch [sec_nvm_iuicc] SP LINK is UP
01-01 00:00:35.662   625   632 D secnvm  : ch [sec_nvm_sp_nvm] register spcom service, channel:sec_nvm_sp_nvm
01-01 00:00:35.662   625   636 D secnvm  : ch [sec_nvm_iuicc] register spcom service, channel:sec_nvm_iuicc
01-01 00:00:35.667   625   633 D secnvm  : ch [sec_nvm_sp_keymaster] SP LINK is UP
01-01 00:00:35.667   625   633 D secnvm  : ch [sec_nvm_sp_keymaster] register spcom service, channel:sec_nvm_sp_keymaster
01-01 00:00:35.667   625   633 D spcomlib: [spcom_register_service] spcom_register_service() name [sec_nvm_sp_keymaster] pid [504834800976]
01-01 00:00:35.667   625   633 D spcomlib: [spcom_open] ch [sec_nvm_sp_keymaster] doesn't exist, create it.
01-01 00:00:35.667   625   633 D spcomlib: [spcom_create_channel] Create Channel [sec_nvm_sp_keymaster].
01-01 00:00:35.754   601   601 D vold    : fscrypt_mount_metadata_encrypted: /data 0
01-01 00:00:35.754   601   601 D vold    : key_dir/key: /metadata/vold/metadata_encryption/key
01-01 00:00:35.756   601   601 I vold    : List of Keymaster HALs found:
01-01 00:00:35.757   601   601 I vold    : Keymaster HAL #1: Keymaster HAL: 4 from QTI SecurityLevel: TRUSTED_ENVIRONMENT HAL: android.hardware.keymaster@4.0::IKeymasterDevice/default
01-01 00:00:35.758   601   601 D vold    : Computing HMAC with params { (seed: 70f4499fba0da9e15b88a492b0885f7ae487e3c2a776dbfa91ce5b4e8d122, nonce: c1363d43c7851deea7c8fd237f29052169440b9c93b8312f285fd4164d14cac) }
01-01 00:00:35.758   601   601 D vold    : Computing HMAC for Keymaster HAL: 4 from QTI SecurityLevel: TRUSTED_ENVIRONMENT HAL: android.hardware.keymaster@4.0::IKeymasterDevice/default
01-01 00:00:35.760   601   601 I vold    : Using Keymaster HAL: 4 from QTI for encryption.  Security level: TRUSTED_ENVIRONMENT, HAL: android.hardware.keymaster@4.0::IKeymasterDevice/default
01-01 00:00:35.763   601   601 D vold    : Key exists, using: /metadata/vold/metadata_encryption/key
01-01 00:00:35.766   601   601 I vold    : List of Keymaster HALs found:
01-01 00:00:35.766   601   601 I vold    : Keymaster HAL #1: Keymaster HAL: 4 from QTI SecurityLevel: TRUSTED_ENVIRONMENT HAL: android.hardware.keymaster@4.0::IKeymasterDevice/default
01-01 00:00:35.766   601   601 I vold    : Using Keymaster HAL: 4 from QTI for encryption.  Security level: TRUSTED_ENVIRONMENT, HAL: android.hardware.keymaster@4.0::IKeymasterDevice/default
01-01 00:00:35.770   625   633 D spcomlib: [add_ssr_cb] ssr cb added!
01-01 00:00:35.770   625   633 D spcomlib: [start_ssr_thread] ch [spcom] ready!
01-01 00:00:35.770   625   633 D spcomlib: [start_ssr_thread] main pthread self_id [0x8a7fbd50].
01-01 00:00:35.771   625   633 D spcomlib: [start_ssr_thread] pthread_create() ret [0] thread-id [0x86504d50].
01-01 00:00:35.771   625   633 D spcomlib: [start_ssr_thread] Wait for SSR thread to run.
01-01 00:00:35.771   625   645 D spcomlib: [notify_ssr_thread] SSR pthread self_id [0x86504d50].
01-01 00:00:35.777   625   633 D spcomlib: [start_ssr_thread] pthread_cond_wait() ret [0].
01-01 00:00:35.777   625   633 D spcomlib: [start_ssr_thread] done.
01-01 00:00:35.777   625   633 D spcomlib: [add_ch] add ch [sec_nvm_sp_keymaster].
01-01 00:00:35.777   625   633 D spcomlib: [spcom_register_service] spcom_register_service() name [sec_nvm_sp_keymaster] pid [504834800976] done
01-01 00:00:35.780   601   601 I vold    : List of Keymaster HALs found:
01-01 00:00:35.780   601   601 I vold    : Keymaster HAL #1: Keymaster HAL: 4 from QTI SecurityLevel: TRUSTED_ENVIRONMENT HAL: android.hardware.keymaster@4.0::IKeymasterDevice/default
01-01 00:00:35.780   601   601 I vold    : Using Keymaster HAL: 4 from QTI for encryption.  Security level: TRUSTED_ENVIRONMENT, HAL: android.hardware.keymaster@4.0::IKeymasterDevice/default
01-01 00:00:35.786   601   601 D vold    : Mounting metadata-encrypted filesystem:/data
01-01 00:00:35.787   625   634 D spcomlib: [spcom_register_service] spcom_register_service() name [sec_nvm_sampleapp] pid [504816987472]
01-01 00:00:35.787   625   634 D spcomlib: [spcom_open] ch [sec_nvm_sampleapp] doesn't exist, create it.
01-01 00:00:35.787   625   634 D spcomlib: [spcom_create_channel] Create Channel [sec_nvm_sampleapp].
01-01 00:00:35.799   601   601 I vold    : [libfs_mgr]Running /system/bin/fsck.f2fs -a /dev/block/dm-5
01-01 00:00:35.815   625   634 D spcomlib: [add_ssr_cb] ssr cb already exist!
01-01 00:00:35.815   625   634 D spcomlib: [start_ssr_thread] SSR thread already started
01-01 00:00:35.815   625   634 D spcomlib: [add_ch] add ch [sec_nvm_sampleapp].
01-01 00:00:35.815   625   634 D spcomlib: [spcom_register_service] spcom_register_service() name [sec_nvm_sampleapp] pid [504816987472] done
01-01 00:00:35.815   625   636 D spcomlib: [spcom_register_service] spcom_register_service() name [sec_nvm_iuicc] pid [504815951184]
01-01 00:00:35.815   625   636 D spcomlib: [spcom_open] ch [sec_nvm_iuicc] doesn't exist, create it.
01-01 00:00:35.815   625   636 D spcomlib: [spcom_create_channel] Create Channel [sec_nvm_iuicc].
01-01 00:00:35.835   625   636 D spcomlib: [add_ssr_cb] ssr cb already exist!
01-01 00:00:35.835   625   636 D spcomlib: [start_ssr_thread] SSR thread already started
01-01 00:00:35.835   625   636 D spcomlib: [add_ch] add ch [sec_nvm_iuicc].
01-01 00:00:35.835   625   636 D spcomlib: [spcom_register_service] spcom_register_service() name [sec_nvm_iuicc] pid [504815951184] done
01-01 00:00:35.836   625   632 D spcomlib: [spcom_register_service] spcom_register_service() name [sec_nvm_sp_nvm] pid [504844770640]
01-01 00:00:35.836   625   632 D spcomlib: [spcom_open] ch [sec_nvm_sp_nvm] doesn't exist, create it.
01-01 00:00:35.836   625   632 D spcomlib: [spcom_create_channel] Create Channel [sec_nvm_sp_nvm].
01-01 00:00:35.861   625   632 D spcomlib: [add_ssr_cb] ssr cb already exist!
01-01 00:00:35.861   625   632 D spcomlib: [start_ssr_thread] SSR thread already started
01-01 00:00:35.861   625   632 D spcomlib: [add_ch] add ch [sec_nvm_sp_nvm].
01-01 00:00:35.861   625   632 D spcomlib: [spcom_register_service] spcom_register_service() name [sec_nvm_sp_nvm] pid [504844770640] done
01-01 00:00:35.861   625   632 D spcomlib: [spcom_server_get_next_request_size] Rx (read) ok ch [sec_nvm_sp_nvm] , next_req_size = 2.
01-01 00:00:35.861   625   632 D spcomlib: [spcom_server_wait_for_request] Rx (read) ok ch [sec_nvm_sp_nvm], actual buf size = 2.
01-01 00:00:35.861   625   632 D secnvm  : ch [sec_nvm_sp_nvm] create new request: reqId = 5
01-01 00:00:35.861   625   632 D secnvm  : IsCommitOp
01-01 00:00:35.861   625   632 D secnvm  : NVM version is supported: 3
01-01 00:00:35.861   625   632 D spcomlib: [spcom_server_send_response] size [21].
01-01 00:00:35.861   625   632 D spcomlib: [spcom_server_send_response] Write tx_size [33].
01-01 00:00:35.861   625   632 D secnvm  : setNvmManagerState: is_skp:0, reqId:5, m_state=0
01-01 00:00:35.861   625   632 D spcomlib: [spcom_server_get_next_request_size] Rx (read) ok ch [sec_nvm_sp_nvm] , next_req_size = 150.
01-01 00:00:35.862   625   632 D spcomlib: [spcom_server_wait_for_request] Rx (read) ok ch [sec_nvm_sp_nvm], actual buf size = 150.
01-01 00:00:35.862   625   632 D secnvm  : ch [sec_nvm_sp_nvm] create new request: reqId = 12
01-01 00:00:35.862   625   632 D secnvm  : OpenPartitionOp
01-01 00:00:35.862   625   632 D secnvm  : ch [sec_nvm_sp_nvm] allocate segment#0 out of 1
01-01 00:00:35.862   625   632 D secnvm  : Log file [/mnt/vendor/persist/secnvm/552412310573718226167662182032189844128] does not exist
01-01 00:00:35.862   625   632 D spcomlib: [spcom_ion_alloc] ion_fd = [9], round up ion size = [36864].
01-01 00:00:35.932   625   632 D spcomlib: [spcom_ion_alloc] ion buf fd = [10].
01-01 00:00:35.932   625   632 D secnvm  : ch [sec_nvm_sp_nvm] ari, skp: marker points to req ARC
01-01 00:00:35.934   625   632 D secnvm  : found marker for file
01-01 00:00:35.934   625   632 D secnvm  : found marker for file
01-01 00:00:35.934   625   632 D secnvm  : m_is_ari: 1, m_is_ari_bypass: 1
01-01 00:00:35.934   625   632 D secnvm  : ari bypass: check counters
01-01 00:00:35.934   625   632 D secnvm  : counters: cnt0: 80, cnt1: 81
01-01 00:00:35.934   625   632 D secnvm  : match counter 81 of /mnt/vendor/persist/secnvm/552412310573718226167662182032189844128_0_1
01-01 00:00:35.934   625   632 D secnvm  : load 32 blocks starting from 0
01-01 00:00:35.935   625   632 D secnvm  : load 32 hash blocks starting from 32768
01-01 00:00:35.935   625   632 D secnvm  : actual transaction counter: 81
01-01 00:00:35.935   625   632 D secnvm  : successfully uploaded segment to DDR
01-01 00:00:35.935   625   632 D spcomlib: [find_ch] found ch [sec_nvm_sp_nvm].
01-01 00:00:35.935   625   632 D spcomlib: [spcom_lock_ion_buffer] Write() lock ION buf.
01-01 00:00:35.935   625   632 D spcomlib: [spcom_is_ch_connected] channel connection state:1
01-01 00:00:35.949   625   632 D spcomlib: [spcom_server_get_next_request_size] Rx (read) ok ch [sec_nvm_sp_nvm] , next_req_size = 135.
01-01 00:00:35.950   625   632 D spcomlib: [spcom_server_wait_for_request] Rx (read) ok ch [sec_nvm_sp_nvm], actual buf size = 135.
01-01 00:00:35.950   625   632 D secnvm  : ch [sec_nvm_sp_nvm] create new request: reqId = 8
01-01 00:00:35.950   625   632 D secnvm  : CommitOp::execute() start, m_is_skp [1]
01-01 00:00:35.950   625   632 D secnvm  : ch [sec_nvm_sp_nvm] update segment#0 out of 1
01-01 00:00:35.950   625   632 D secnvm  : ch [sec_nvm_sp_nvm] ari, skp: marker points to req ARC
01-01 00:00:35.950   625   632 D secnvm  : found marker for file
01-01 00:00:35.950   625   632 D secnvm  : found marker for file
01-01 00:00:35.950   625   632 D secnvm  : m_is_ari: 1, m_is_ari_bypass: 1
01-01 00:00:35.950   625   632 D secnvm  : ari bypass: check counters
01-01 00:00:35.950   625   632 D secnvm  : counters: cnt0: 80, cnt1: 81
01-01 00:00:35.950   625   632 D secnvm  : match counter 81 of /mnt/vendor/persist/secnvm/552412310573718226167662182032189844128_0_1
01-01 00:00:35.953   625   632 D secnvm  : commit 2 blocks starting from 0
01-01 00:00:35.953   625   632 D secnvm  : commit 2 hash blocks starting from 32768
01-01 00:00:35.954   625   632 D secnvm  : updated active file with transaction counter: 82, m_is_ari_bypass: 1
01-01 00:00:35.954   625   632 D secnvm  : successfully updated DDR->flash (transaction counter: 82)
01-01 00:00:35.954   625   632 D secnvm  : successfully commited to the backup file, save bytemap for the next time
01-01 00:00:35.954   625   632 D secnvm  : CommitOp::execute: m_is_skp [1] t_avg usec [4371] t_min [4371] t_max [4371]
01-01 00:00:35.954   625   632 D spcomlib: [spcom_server_send_response] size [18].
01-01 00:00:35.954   625   632 D spcomlib: [spcom_server_send_response] Write tx_size [30].
01-01 00:00:35.954   625   632 D secnvm  : SKP's segment opened/create success
01-01 00:00:35.954   625   632 D spcomlib: [spcom_signal_event] event [1] [nvm_ready] EVENT_STATUS_SIGNALED
01-01 00:00:35.954   624   624 D spcomlib: [spcom_wait_for_event] event [1] [nvm_ready] EVENT_STATUS_SIGNALED
01-01 00:00:35.955   625   632 D spcomlib: [spcom_server_get_next_request_size] Rx (read) ok ch [sec_nvm_sp_nvm] , next_req_size = 32.
01-01 00:00:35.955   625   632 D spcomlib: [spcom_server_wait_for_request] Rx (read) ok ch [sec_nvm_sp_nvm], actual buf size = 32.
01-01 00:00:35.955   625   632 D secnvm  : ch [sec_nvm_sp_nvm] create new request: reqId = 13
01-01 00:00:35.955   625   632 D spcomlib: [spcom_ion_alloc] ion_fd = [9], round up ion size = [4096].
01-01 00:00:35.962   601   601 I vold    : [libfs_mgr]Running /system/bin/resize.f2fs/dev/block/dm-5
01-01 00:00:35.974   624   624 D spcomlib: [spcom_register_client_with_max_retry] spcom_register_client() name [spdaemon_ssr] pid [503075806928]
01-01 00:00:35.974   624   624 D spcomlib: [spcom_open] ch [spdaemon_ssr] doesn't exist, create it.
01-01 00:00:35.975   624   624 D spcomlib: [spcom_create_channel] Create Channel [spdaemon_ssr].
01-01 00:00:35.984   625   632 D spcomlib: [spcom_ion_alloc] ion buf fd = [11].
01-01 00:00:35.984   625   632 D spcomlib: [find_ch] found ch [sec_nvm_sp_nvm].
01-01 00:00:35.984   625   632 D spcomlib: [spcom_lock_ion_buffer] Write() lock ION buf.
01-01 00:00:35.984   625   632 D spcomlib: [spcom_is_ch_connected] channel connection state:1
01-01 00:00:35.984   625   632 D secnvm  : setNvmManagerState: is_skp:0, reqId:13, m_state=4
01-01 00:00:35.988   625   632 D spcomlib: [spcom_server_get_next_request_size] Rx (read) ok ch [sec_nvm_sp_nvm] , next_req_size = 135.
01-01 00:00:35.988   625   632 D spcomlib: [spcom_server_wait_for_request] Rx (read) ok ch [sec_nvm_sp_nvm], actual buf size = 135.
01-01 00:00:35.988   625   632 D secnvm  : ch [sec_nvm_sp_nvm] create new request: reqId = 8
01-01 00:00:35.988   625   632 D secnvm  : CommitOp::execute() start, m_is_skp [1]
01-01 00:00:35.988   625   632 D secnvm  : ch [sec_nvm_sp_nvm] update segment#0 out of 1
01-01 00:00:35.988   625   632 D secnvm  : ch [sec_nvm_sp_nvm] ari, skp: marker points to req ARC
01-01 00:00:35.988   625   632 D secnvm  : found marker for file
01-01 00:00:35.988   625   632 D secnvm  : found marker for file
01-01 00:00:35.988   625   632 D secnvm  : m_is_ari: 1, m_is_ari_bypass: 1
01-01 00:00:35.988   625   632 D secnvm  : ari bypass: check counters
01-01 00:00:35.988   625   632 D secnvm  : counters: cnt0: 82, cnt1: 81
01-01 00:00:35.988   625   632 D secnvm  : match counter 82 of /mnt/vendor/persist/secnvm/552412310573718226167662182032189844128_0_0
01-01 00:00:35.989   625   632 D secnvm  : commit 2 blocks starting from 0
01-01 00:00:35.989   625   632 D secnvm  : commit 2 hash blocks starting from 32768
01-01 00:00:35.991   625   632 D secnvm  : updated active file with transaction counter: 83, m_is_ari_bypass: 1
01-01 00:00:35.991   625   632 D secnvm  : successfully updated DDR->flash (transaction counter: 83)
01-01 00:00:35.991   625   632 D secnvm  : successfully commited to the backup file, save bytemap for the next time
01-01 00:00:35.991   625   632 D secnvm  : CommitOp::execute: m_is_skp [1] t_avg usec [3732] t_min [3094] t_max [4371]
01-01 00:00:35.991   625   632 D spcomlib: [spcom_server_send_response] size [18].
01-01 00:00:35.991   625   632 D spcomlib: [spcom_server_send_response] Write tx_size [30].
01-01 00:00:35.991   625   632 D secnvm  : setNvmManagerState: is_skp:1, reqId:8, m_state=4
01-01 00:00:35.995   624   624 D spcomlib: [add_ssr_cb] ssr cb added!
01-01 00:00:35.995   624   624 D spcomlib: [start_ssr_thread] ch [spcom] ready!
01-01 00:00:35.995   624   624 D spcomlib: [start_ssr_thread] main pthread self_id [0x21a79ed0].
01-01 00:00:35.995   624   624 D spcomlib: [start_ssr_thread] pthread_create() ret [0] thread-id [0x9f1bfd50].
01-01 00:00:35.995   624   624 D spcomlib: [start_ssr_thread] Wait for SSR thread to run.
01-01 00:00:35.995   624   667 D spcomlib: [notify_ssr_thread] SSR pthread self_id [0x9f1bfd50].
01-01 00:00:35.995   624   624 D spcomlib: [start_ssr_thread] pthread_cond_wait() ret [0].
01-01 00:00:35.995   624   624 D spcomlib: [start_ssr_thread] done.
01-01 00:00:35.995   624   624 D spcomlib: [add_ch] add ch [spdaemon_ssr].
01-01 00:00:35.995   624   624 D spcomlib: [spcom_register_client_with_max_retry] spcom_register_client() name [spdaemon_ssr] fd [6] pid [503075806928] done.
01-01 00:00:35.995   624   624 D spdaemon: SSR callback registered ok.
01-01 00:00:35.995   624   624 D spdaemon: Wait for sp link up.
01-01 00:00:36.006   624   624 D spdaemon: SP LINK is UP in [10] msec.
01-01 00:00:36.006   624   624 D spcomlib: [spcom_register_client_with_max_retry] spcom_register_client() name [cryptoapp] pid [503075806928]
01-01 00:00:36.006   624   624 D spcomlib: [spcom_open] ch [cryptoapp] doesn't exist, create it.
01-01 00:00:36.006   624   624 D spcomlib: [spcom_create_channel] Create Channel [cryptoapp].
01-01 00:00:36.031   624   624 D spcomlib: [add_ssr_cb] ssr cb added!
01-01 00:00:36.031   624   624 D spcomlib: [start_ssr_thread] SSR thread already started
01-01 00:00:36.031   624   624 D spcomlib: [add_ch] add ch [cryptoapp].
01-01 00:00:36.031   624   624 D spcomlib: [spcom_register_client_with_max_retry] spcom_register_client() name [cryptoapp] fd [8] pid [503075806928] done.
01-01 00:00:36.031   624   624 D spcomlib: [spcom_is_ch_connected] channel connection state:1
01-01 00:00:36.031   624   624 D spcomlib: [spcom_sp_sysparam_read_ext] Issue SP_CMD_ID_SYSPARAM_READ (3).
01-01 00:00:36.031   624   624 D spcomlib: [spcom_client_send_message_sync] req_size [16] resp_size [8] pid [503075806928].
01-01 00:00:36.038   624   624 D spcomlib: [spcom_client_send_message_sync] resp_size [8] pid [503075806928] done.
01-01 00:00:36.038   624   624 D spcomlib: [spcom_sp_sysparam_read_ext] SP_CMD_ID_SYSPARAM_READ returned value (0x00520000).
01-01 00:00:36.038   624   624 D spcomlib: [spcom_sp_sysparam_read_ext] Issue SP_CMD_ID_SYSPARAM_READ (4).
01-01 00:00:36.038   624   624 D spcomlib: [spcom_client_send_message_sync] req_size [16] resp_size [8] pid [503075806928].
01-01 00:00:36.041   624   624 D spcomlib: [spcom_client_send_message_sync] resp_size [8] pid [503075806928] done.
01-01 00:00:36.042   624   624 D spcomlib: [spcom_sp_sysparam_read_ext] SP_CMD_ID_SYSPARAM_READ returned value (0x762BEC00).
01-01 00:00:37.573   601   601 I vold    : [libfs_mgr]__mount(source=/dev/block/dm-5,target=/data,type=f2fs)=0: Success
01-01 00:00:37.573   601   601 D vold    : Mounted /data
01-01 00:00:37.573   601   615 D vold    : Disk at 252:5 changed
01-01 00:00:37.593   624   624 D spcomlib: [spcom_sp_sysparam_read_ext] Issue SP_CMD_ID_SYSPARAM_READ (3).
01-01 00:00:37.593   624   624 D spcomlib: [spcom_client_send_message_sync] req_size [16] resp_size [8] pid [503075806928].
01-01 00:00:37.598   624   624 D spcomlib: [spcom_client_send_message_sync] resp_size [8] pid [503075806928] done.
01-01 00:00:37.598   624   624 D spcomlib: [spcom_sp_sysparam_read_ext] SP_CMD_ID_SYSPARAM_READ returned value (0x00520000).
01-01 00:00:37.598   624   624 D spcomlib: [spcom_sp_sysparam_read_ext] Issue SP_CMD_ID_SYSPARAM_READ (4).
01-01 00:00:37.598   624   624 D spcomlib: [spcom_client_send_message_sync] req_size [16] resp_size [8] pid [503075806928].
01-01 00:00:37.602   624   624 D spcomlib: [spcom_client_send_message_sync] resp_size [8] pid [503075806928] done.
01-01 00:00:37.602   624   624 D spcomlib: [spcom_sp_sysparam_read_ext] SP_CMD_ID_SYSPARAM_READ returned value (0x762BEC00).
01-01 00:00:37.602   624   624 I spdaemon: cryptoapp, v82.0.762BEC00
01-01 00:00:37.602   624   624 D spcomlib: [spcom_sp_sysparam_read_ext] Issue SP_CMD_ID_SYSPARAM_READ (3).
01-01 00:00:37.602   624   624 D spcomlib: [spcom_client_send_message_sync] req_size [16] resp_size [8] pid [503075806928].
01-01 00:00:37.605   624   624 D spcomlib: [spcom_client_send_message_sync] resp_size [8] pid [503075806928] done.
01-01 00:00:37.606   624   624 D spcomlib: [spcom_sp_sysparam_read_ext] SP_CMD_ID_SYSPARAM_READ returned value (0x00520000).
01-01 00:00:37.606   624   624 D spcomlib: [spcom_sp_sysparam_read_ext] Issue SP_CMD_ID_SYSPARAM_READ (4).
01-01 00:00:37.606   624   624 D spcomlib: [spcom_client_send_message_sync] req_size [16] resp_size [8] pid [503075806928].
01-01 00:00:37.609   624   624 D spcomlib: [spcom_client_send_message_sync] resp_size [8] pid [503075806928] done.
01-01 00:00:37.609   624   624 D spcomlib: [spcom_sp_sysparam_read_ext] SP_CMD_ID_SYSPARAM_READ returned value (0x762BEC00).
01-01 00:00:37.610   624   624 I spdaemon: sp_keymaster, v82.0.762BEC00
01-01 00:00:37.610   624   624 D spdaemon: Load SP App [macchiato].
01-01 00:00:37.610   624   624 E iardb   : [iar_db_get_iar_state] failed to open file /mnt/vendor/spunvm/iar_db/iar_state.bin [2] [No such file or directory]
01-01 00:00:37.610   624   624 D iarlib  : [iar_get_state] Can't get iar_state, return DISABLED
01-01 00:00:37.610   624   624 D spcomlib: [spcom_load_app] Version 4.0.
01-01 00:00:37.611   601   601 I Checkpoint: cp_prepareCheckpoint called
01-01 00:00:37.612   624   624 D spcomlib: [spcom_load_app] file [/vendor/firmware_mnt/image/macch2p.sig] size [34160] st_nlink #1.
01-01 00:00:37.613   624   624 D spcomlib: [spcom_load_app] file [/vendor/firmware_mnt/image/macch2p.sig] read size [34160].
01-01 00:00:37.613   624   624 D spcomlib: [get_file_name_from_path] file_name [macch2p]
01-01 00:00:37.613   624   624 D spcomlib: [spcom_load_app_from_buffer] load app from buffer: [macch2p]
01-01 00:00:37.613   624   624 D spcomlib: [spcom_ion_alloc] ion_fd = [9], round up ion size = [524288].
01-01 00:00:37.614   624   624 D spcomlib: [spcom_ion_alloc] ion buf fd = [10].
01-01 00:00:37.614   624   624 D spcomlib: [spcom_load_app_from_buffer] app buf successfully created for [macchiato].
01-01 00:00:37.614   624   624 D iarlib  : [iar_handle_pre_app_load] pre load app.
01-01 00:00:37.614   624   624 E iardb   : [iar_db_get_iar_state] failed to open file /mnt/vendor/spunvm/iar_db/iar_state.bin [2] [No such file or directory]
01-01 00:00:37.614   624   624 D iarlib  : [iar_get_state] Can't get iar_state, return DISABLED
01-01 00:00:37.614   624   624 I iarlib  : [iar_handle_pre_app_load] IAR is NOT Activated.
01-01 00:00:37.614   624   624 D spcomlib: [spcom_load_app_from_buffer] IAR handle pre-app load: 0
01-01 00:00:37.614   624   624 D spcomlib: [spcom_register_client_with_max_retry] spcom_register_client() name [sp_kernel] pid [503075806928]
01-01 00:00:37.614   624   624 D spcomlib: [add_ch] add ch [sp_kernel].
01-01 00:00:37.614   624   624 D spcomlib: [spcom_register_client_with_max_retry] spcom_register_client() name [sp_kernel] fd [9] pid [503075806928] done.
01-01 00:00:37.614   624   624 D spcomlib: [spcom_is_ch_connected] channel connection state:1
01-01 00:00:37.614   624   624 D spcomlib: [spcom_is_ch_connected] channel connection state:1
01-01 00:00:37.614   624   624 D spcomlib: [spcom_client_send_modified_command] timeout_msec [9000].
01-01 00:00:37.633   601   601 I vold    : fscrypt_initialize_systemwide_keys
01-01 00:00:37.635   601   601 D vold    : Key exists, using: /data/unencrypted/key
01-01 00:00:37.639   601   601 I vold    : List of Keymaster HALs found:
01-01 00:00:37.639   601   601 I vold    : Keymaster HAL #1: Keymaster HAL: 4 from QTI SecurityLevel: TRUSTED_ENVIRONMENT HAL: android.hardware.keymaster@4.0::IKeymasterDevice/default
01-01 00:00:37.639   601   601 I vold    : Using Keymaster HAL: 4 from QTI for encryption.  Security level: TRUSTED_ENVIRONMENT, HAL: android.hardware.keymaster@4.0::IKeymasterDevice/default
01-01 00:00:37.646   601   601 I vold    : List of Keymaster HALs found:
01-01 00:00:37.646   601   601 I vold    : Keymaster HAL #1: Keymaster HAL: 4 from QTI SecurityLevel: TRUSTED_ENVIRONMENT HAL: android.hardware.keymaster@4.0::IKeymasterDevice/default
01-01 00:00:37.647   601   601 I vold    : Using Keymaster HAL: 4 from QTI for encryption.  Security level: TRUSTED_ENVIRONMENT, HAL: android.hardware.keymaster@4.0::IKeymasterDevice/default
01-01 00:00:37.650   601   601 E vold    : Inserting using old mechanism  Error 19: No such device
01-01 00:00:37.650   601   601 D vold    : Added key 637676334 (ext4:e839b855841c098b) to keyring 360895077 in process 601key size64
01-01 00:00:37.650   601   601 E vold    : Inserting using old mechanism  Error 19: No such device
01-01 00:00:37.650   601   601 D vold    : Added key 121893564 (f2fs:e839b855841c098b) to keyring 360895077 in process 601key size64
01-01 00:00:37.650   601   601 E vold    : Inserting using old mechanism  Error 19: No such device
01-01 00:00:37.650   601   601 D vold    : Added key 136688818 (fscrypt:e839b855841c098b) to keyring 360895077 in process 601key size64
01-01 00:00:37.652   601   601 I vold    : Wrote system DE key reference to:/data/unencrypted/ref
01-01 00:00:37.653   601   601 E vold    : Inserting using old mechanism  Error 19: No such device
01-01 00:00:37.653   601   601 D vold    : Added key 774111477 (ext4:1d9d6326c810d4ee) to keyring 360895077 in process 601key size64
01-01 00:00:37.653   601   601 E vold    : Inserting using old mechanism  Error 19: No such device
01-01 00:00:37.653   601   601 D vold    : Added key 625905958 (f2fs:1d9d6326c810d4ee) to keyring 360895077 in process 601key size64
01-01 00:00:37.653   601   601 E vold    : Inserting using old mechanism  Error 19: No such device
01-01 00:00:37.653   601   601 D vold    : Added key 799986034 (fscrypt:1d9d6326c810d4ee) to keyring 360895077 in process 601key size64
01-01 00:00:37.653   601   601 I vold    : Wrote per boot key reference to:/data/unencrypted/per_boot_ref
01-01 00:00:37.655   624   624 D spcomlib: [spcom_load_app_from_buffer] Load App [macchiato] ret [20]
01-01 00:00:37.655   624   624 E iardb   : [iar_db_get_iar_state] failed to open file /mnt/vendor/spunvm/iar_db/iar_state.bin [2] [No such file or directory]
01-01 00:00:37.655   624   624 D iarlib  : [iar_get_state] Can't get iar_state, return DISABLED
01-01 00:00:37.655   624   624 I iarlib  : [iar_handle_post_app_load] IAR not activated
01-01 00:00:37.655   624   624 D spcomlib: [spcom_load_app_from_buffer] IAR handle post-app load: 0
01-01 00:00:37.655   624   624 D spcomlib: [find_ch] found ch [sp_kernel].
01-01 00:00:37.655   624   624 D spcomlib: [spcom_lock_ion_buffer] Write() lock ION buf.
01-01 00:00:37.656   624   624 D spcomlib: [spcom_unregister_client] spcom_unregister_client() name [sp_kernel] fd [9] pid [503075806928].
01-01 00:00:37.656   624   624 D spcomlib: [del_ch] del ch [sp_kernel].
01-01 00:00:37.656   624   624 D spcomlib: [spcom_unregister_client] spcom_unregister_client() pid [503075806928] done.
01-01 00:00:37.656   624   624 D spcomlib: [spcom_load_app_from_buffer] Load App resp->error_code: [0].
01-01 00:00:37.656   624   624 D spcomlib: [spcom_load_app_from_buffer] Load App [macchiato] completed ok.
01-01 00:00:37.667   624   624 D spdaemon: SP App [macchiato] is loaded successfully.
01-01 00:00:37.667   624   624 D spcomlib: [spcom_sp_sysparam_read_ext] Issue SP_CMD_ID_SYSPARAM_READ (3).
01-01 00:00:37.667   624   624 D spcomlib: [spcom_client_send_message_sync] req_size [16] resp_size [8] pid [503075806928].
01-01 00:00:37.674   624   624 D spcomlib: [spcom_client_send_message_sync] resp_size [8] pid [503075806928] done.
01-01 00:00:37.674   624   624 D spcomlib: [spcom_sp_sysparam_read_ext] SP_CMD_ID_SYSPARAM_READ returned value (0x00520000).
01-01 00:00:37.674   624   624 D spcomlib: [spcom_sp_sysparam_read_ext] Issue SP_CMD_ID_SYSPARAM_READ (4).
01-01 00:00:37.674   624   624 D spcomlib: [spcom_client_send_message_sync] req_size [16] resp_size [8] pid [503075806928].
01-01 00:00:37.677   624   624 D spcomlib: [spcom_client_send_message_sync] resp_size [8] pid [503075806928] done.
01-01 00:00:37.677   624   624 D spcomlib: [spcom_sp_sysparam_read_ext] SP_CMD_ID_SYSPARAM_READ returned value (0x762BEC00).
01-01 00:00:37.677   624   624 I spdaemon: macchiato, v82.0.762BEC00
01-01 00:00:37.677   624   624 D spdaemon: SP Apps were loaded successfully.
01-01 00:00:37.677   624   624 D spcomlib: [spcom_client_send_message_sync] req_size [8] resp_size [56] pid [503075806928].
01-01 00:00:37.724   624   624 D spcomlib: [spcom_client_send_message_sync] resp_size [56] pid [503075806928] done.
01-01 00:00:37.724   624   624 E iardb   : [iar_db_get_iar_state] failed to open file /mnt/vendor/spunvm/iar_db/iar_state.bin [2] [No such file or directory]
01-01 00:00:37.724   624   624 D iarlib  : [iar_get_state] Can't get iar_state, return DISABLED
01-01 00:00:37.724   624   624 E iardb   : [iar_db_get_iar_state] failed to open file /mnt/vendor/spunvm/iar_db/iar_state.bin [2] [No such file or directory]
01-01 00:00:37.724   624   624 D iarlib  : [iar_get_state] Can't get iar_state, return DISABLED
01-01 00:00:37.724   624   624 D spcomlib: [spcom_sp_sysparam_read_ext] Issue SP_CMD_ID_SYSPARAM_READ (0).
01-01 00:00:37.724   624   624 D spcomlib: [spcom_client_send_message_sync] req_size [16] resp_size [8] pid [503075806928].
01-01 00:00:37.728   624   624 D spcomlib: [spcom_client_send_message_sync] resp_size [8] pid [503075806928] done.
01-01 00:00:37.728   624   624 D spcomlib: [spcom_sp_sysparam_read_ext] SP_CMD_ID_SYSPARAM_READ returned value (0x00520000).
01-01 00:00:37.728   624   624 D spcomlib: [spcom_sp_sysparam_read_ext] Issue SP_CMD_ID_SYSPARAM_READ (1).
01-01 00:00:37.728   624   624 D spcomlib: [spcom_client_send_message_sync] req_size [16] resp_size [8] pid [503075806928].
01-01 00:00:37.732   624   624 D spcomlib: [spcom_client_send_message_sync] resp_size [8] pid [503075806928] done.
01-01 00:00:37.732   624   624 D spcomlib: [spcom_sp_sysparam_read_ext] SP_CMD_ID_SYSPARAM_READ returned value (0x762BEC00).
01-01 00:00:37.732   624   624 D spcomlib: [spcom_sp_sysparam_read_ext] Issue SP_CMD_ID_SYSPARAM_READ (5).
01-01 00:00:37.732   624   624 D spcomlib: [spcom_client_send_message_sync] req_size [16] resp_size [8] pid [503075806928].
01-01 00:00:37.736   624   624 D spcomlib: [spcom_client_send_message_sync] resp_size [8] pid [503075806928] done.
01-01 00:00:37.736   624   624 D spcomlib: [spcom_sp_sysparam_read_ext] SP_CMD_ID_SYSPARAM_READ returned value (0x04000000).
01-01 00:00:37.736   624   624 I spdaemon: SP Build v82.0.762BEC00, HW v04000000
01-01 00:00:37.736   624   624 D spcomlib: [spcom_client_send_message_sync] req_size [8] resp_size [56] pid [503075806928].
01-01 00:00:37.783   624   624 D spcomlib: [spcom_client_send_message_sync] resp_size [56] pid [503075806928] done.
01-01 00:00:37.783   624   624 I spdaemon: Sensors Calibration: Ok, ARI mode: 0, ARI fuse: 0, ARI Gauge: 1095714374
01-01 00:00:37.783   624   624 D spcomlib: [spcom_sp_sysparam_read_ext] Issue SP_CMD_ID_SYSPARAM_READ (6).
01-01 00:00:37.783   624   624 D spcomlib: [spcom_client_send_message_sync] req_size [16] resp_size [8] pid [503075806928].
01-01 00:00:37.791   624   624 D spcomlib: [spcom_client_send_message_sync] resp_size [8] pid [503075806928] done.
01-01 00:00:37.791   624   624 D spcomlib: [spcom_sp_sysparam_read_ext] SP_CMD_ID_SYSPARAM_READ returned value (0x00000000).
01-01 00:00:37.791   624   624 I spdaemon: FIPS: off, FIPS override: off
01-01 00:00:37.791   624   624 D spcomlib: [spcom_unregister_client] spcom_unregister_client() name [cryptoapp] fd [8] pid [503075806928].
01-01 00:00:37.791   624   624 D spcomlib: [del_ssr_cb] ssr cb deleted!
01-01 00:00:37.791   624   624 D spcomlib: [stop_ssr_thread] ssr_cb_num [1] > 0 , Don't kill yet
01-01 00:00:37.791   624   624 D spcomlib: [del_ch] del ch [cryptoapp].
01-01 00:00:37.791   624   624 D spcomlib: [spcom_unregister_client] spcom_unregister_client() pid [503075806928] done.
01-01 00:00:37.791   624   624 D spcomlib: [spcom_signal_event] event [2] [spu_ready] EVENT_STATUS_SIGNALED
01-01 00:00:37.791   624   624 D sp_uim_remote: [sp_uim_remote_create_thread] created thread for modem uim remote communication with SP for instance [0]
01-01 00:00:37.791   624   624 D sp_uim_remote: [sp_uim_remote_create_thread] created thread for modem uim remote communication with SP for instance [1]
01-01 00:00:37.791   624   624 D spdaemon: Go to sleep , nothing to do now , wake up upon SP reset event.
01-01 00:00:37.791   624   684 D sp_uim_remote: [sp_uim_remote_start_func] Slot in sp_uim_remote_start_func 0 
01-01 00:00:37.792   624   685 D sp_uim_remote: [sp_uim_remote_start_func] Slot in sp_uim_remote_start_func 1 
01-01 00:00:37.854   601   601 D vold    : fscrypt_init_user0
01-01 00:00:37.854   601   601 D vold    : Preparing: /data/misc/vold/user_keys
01-01 00:00:37.856   601   601 D vold    : Preparing: /data/misc/vold/user_keys/ce
01-01 00:00:37.856   601   601 D vold    : Preparing: /data/misc/vold/user_keys/de
01-01 00:00:37.857   601   601 D vold    : Skipping non-de-key .
01-01 00:00:37.857   601   601 D vold    : Skipping non-de-key ..
01-01 00:00:37.862   601   601 I vold    : List of Keymaster HALs found:
01-01 00:00:37.863   601   601 I vold    : Keymaster HAL #1: Keymaster HAL: 4 from QTI SecurityLevel: TRUSTED_ENVIRONMENT HAL: android.hardware.keymaster@4.0::IKeymasterDevice/default
01-01 00:00:37.863   601   601 I vold    : Using Keymaster HAL: 4 from QTI for encryption.  Security level: TRUSTED_ENVIRONMENT, HAL: android.hardware.keymaster@4.0::IKeymasterDevice/default
01-01 00:00:37.871   601   601 I vold    : List of Keymaster HALs found:
01-01 00:00:37.871   601   601 I vold    : Keymaster HAL #1: Keymaster HAL: 4 from QTI SecurityLevel: TRUSTED_ENVIRONMENT HAL: android.hardware.keymaster@4.0::IKeymasterDevice/default
01-01 00:00:37.871   601   601 I vold    : Using Keymaster HAL: 4 from QTI for encryption.  Security level: TRUSTED_ENVIRONMENT, HAL: android.hardware.keymaster@4.0::IKeymasterDevice/default
01-01 00:00:37.874   601   601 E vold    : Inserting using old mechanism  Error 19: No such device
01-01 00:00:37.874   601   601 D vold    : Added key 58027444 (ext4:8e57064d34242e32) to keyring 360895077 in process 601key size64
01-01 00:00:37.874   601   601 E vold    : Inserting using old mechanism  Error 19: No such device
01-01 00:00:37.874   601   601 D vold    : Added key 323842182 (f2fs:8e57064d34242e32) to keyring 360895077 in process 601key size64
01-01 00:00:37.874   601   601 E vold    : Inserting using old mechanism  Error 19: No such device
01-01 00:00:37.874   601   601 D vold    : Added key 226430409 (fscrypt:8e57064d34242e32) to keyring 360895077 in process 601key size64
01-01 00:00:37.874   601   601 D vold    : Installed de key for user 0
01-01 00:00:37.874   601   601 D vold    : fscrypt_prepare_user_storage for volume null, user 0, serial 0, flags 1
01-01 00:00:37.874   601   601 D vold    : Preparing: /data/system/users/0
01-01 00:00:37.876   601   601 D vold    : Preparing: /data/misc/profiles/cur/0
01-01 00:00:37.876   601   601 D vold    : Preparing: /data/system_de/0
01-01 00:00:37.877   601   601 D vold    : Preparing: /data/misc_de/0
01-01 00:00:37.877   601   601 D vold    : Preparing: /data/vendor_de/0
01-01 00:00:37.877   601   601 D vold    : Preparing: /data/user_de/0
01-01 00:00:37.878   601   601 I vold    : Found policy 8e57064d34242e32 at /data/system_de/0 which matches expected value
01-01 00:00:37.879   601   601 I vold    : Found policy 8e57064d34242e32 at /data/misc_de/0 which matches expected value
01-01 00:00:37.879   601   601 I vold    : Found policy 8e57064d34242e32 at /data/vendor_de/0 which matches expected value
01-01 00:00:37.883   601   601 I vold    : Found policy 8e57064d34242e32 at /data/user_de/0 which matches expected value
01-01 00:00:37.883   601   601 D vold    : /system/bin/vold_prepare_subdirs
01-01 00:00:37.883   601   601 D vold    :     prepare
01-01 00:00:37.883   601   601 D vold    :     
01-01 00:00:37.883   601   601 D vold    :     0
01-01 00:00:37.883   601   601 D vold    :     1
01-01 00:00:38.931   718   718 D Zygote64Timing: BeginPreload took to complete: 24ms
01-01 00:00:39.028   719   719 D Zygote32Timing: PostZygoteInitGC took to complete: 7ms
01-01 00:00:39.028   719   719 D Zygote32Timing: ZygoteInit took to complete: 7ms
01-01 00:00:39.414   718   718 D Zygote64Timing: PreloadClasses took to complete: 483ms
01-01 00:00:39.423   718   718 D Zygote64Timing: CacheNonBootClasspathClassLoaders took to complete: 9ms
01-01 00:00:39.770   718   718 D Zygote64Timing: PreloadResources took to complete: 347ms
01-01 00:00:39.879   718   718 D Zygote64Timing: ZygotePreload took to complete: 972ms
01-01 00:00:39.891   907   907 I irsc_util: Starting irsc tool
01-01 00:00:39.899   907   907 I irsc_util: Num of entries:299
01-01 00:00:39.900   907   907 I irsc_util: Ending irsc tool
01-01 00:00:39.939   718   718 D Zygote64Timing: PostZygoteInitGC took to complete: 60ms
01-01 00:00:39.939   718   718 D Zygote64Timing: ZygoteInit took to complete: 1032ms
01-01 00:00:40.030   880   880 D spcomlib: [spcom_register_client_with_max_retry] spcom_register_client() name [spu_hal_ssr] pid [490696621776]
01-01 00:00:40.030   880   880 D spcomlib: [spcom_open] ch [spu_hal_ssr] doesn't exist, create it.
01-01 00:00:40.030   880   880 D spcomlib: [spcom_create_channel] Create Channel [spu_hal_ssr].
01-01 00:00:40.096   880   880 D spcomlib: [add_ssr_cb] ssr cb added!
01-01 00:00:40.097   880   880 D spcomlib: [start_ssr_thread] ch [spcom] ready!
01-01 00:00:40.097   880   880 D spcomlib: [start_ssr_thread] main pthread self_id [0x3fcc3ed0].
01-01 00:00:40.097   880   880 D spcomlib: [start_ssr_thread] pthread_create() ret [0] thread-id [0xbc1fbd50].
01-01 00:00:40.097   880   880 D spcomlib: [start_ssr_thread] Wait for SSR thread to run.
01-01 00:00:40.114   880   965 D spcomlib: [notify_ssr_thread] SSR pthread self_id [0xbc1fbd50].
01-01 00:00:40.114   880   880 D spcomlib: [start_ssr_thread] pthread_cond_wait() ret [0].
01-01 00:00:40.114   880   880 D spcomlib: [start_ssr_thread] done.
01-01 00:00:40.114   880   880 D spcomlib: [add_ch] add ch [spu_hal_ssr].
01-01 00:00:40.114   880   880 D spcomlib: [spcom_register_client_with_max_retry] spcom_register_client() name [spu_hal_ssr] fd [4] pid [490696621776] done.
01-01 00:00:40.114   880   880 D spcomlib: [spcom_wait_for_event] event [2] [spu_ready] EVENT_STATUS_SIGNALED
01-01 00:00:40.144   879   879 I android.hardware.wifi@1.0-service: Wifi Hal is booting up...
01-01 00:00:40.199   879   879 I ServiceManagement: Registered android.hardware.wifi@1.3::IWifi/default (start delay of 583ms)
01-01 00:00:40.465   945   945 I SystemServer: InitBeforeStartServices
01-01 00:00:40.705  1087  1087 I installd: installd firing up
01-01 00:00:40.986  1122  1122 I wificond: wificond is starting up...
01-01 00:00:41.244  1187  1187 I imsrcsd : Uce Service HAL  is starting up...
01-01 00:00:41.628  1187  1187 I imsrcsd : Uce Service HAL  loading imsrcsbaseimpl
01-01 00:00:41.636   945   945 W SystemServer: System clock is before 1970; setting to 1970.
01-01 00:00:41.637   945   945 I SystemServer: Entered the Android system server!
01-01 00:00:41.724  1187  1187 I imsrcsd : Starting Service for First Time imsbaseimpl
01-01 00:00:41.749  1187  1187 I ServiceManagement: Registered com.qualcomm.qti.uceservice@2.2::IUceService/com.qualcomm.qti.uceservice (start delay of 642ms)
01-01 00:00:41.749  1187  1187 I imsrcsd : ImsRcsBaseImpl CM_IMSCONNECTIONMANAGER_CREATE_CONNECTION Before Registering Service
01-01 00:00:41.750  1187  1187 I ServiceManagement: Registered com.qualcomm.qti.imscmservice@2.2::IImsCmService/qti.ims.connectionmanagerservice (start delay of 643ms)
01-01 00:00:41.750  1187  1187 I imsrcsd : ImsRcsBaseImpl CM_IMSCONNECTIONMANAGER_CREATE_CONNECTION After Registering Service
01-01 00:00:41.759  1187  1187 I ServiceManagement: Registered vendor.qti.ims.callinfo@1.0::IService/default (start delay of 652ms)
01-01 00:00:41.759  1187  1187 I imsrcsd : ImsRcsBaseImpl ImsCallInfo After Registering Service
01-01 00:00:41.760  1187  1187 I ServiceManagement: Registered vendor.qti.ims.factory@1.0::IImsFactory/default (start delay of 653ms)
01-01 00:00:41.760  1187  1187 I imsrcsd : ImsRcsBaseImpl : Successfully registered ImsFactory
01-01 00:00:41.921  1309  1309 I TLOC    : [main       ]"TLOC DAEMON main thread"
01-01 00:00:41.921  1309  1309 D TLOC    : [TLOCDaemon ]"---------- TLOC Daemon Starts ----------"
01-01 00:00:41.929  1309  1309 D TLOC    : [TLOCChannel]"The channel was initialized successfully for TLOCD"
01-01 00:00:41.930  1309  1309 D TLOC    : [TLOCChannel]"The channel was initialized successfully for TLOCL"
01-01 00:00:41.930  1309  1309 D TLOC    : [TLOCChannel]"The channel was initialized successfully for MODEM"
01-01 00:00:41.930  1309  1309 D TLOC    : [TLOCChannel]"TLOCChannel was initialized successfully"
01-01 00:00:41.930  1309  1309 D TLOC    : [TLOCChannel] "TLOCChannel is already initialized"
01-01 00:00:42.013   945   945 D SystemServerTiming: InitBeforeStartServices took to complete: 1548ms
01-01 00:00:42.013   945   945 I SystemServer: StartServices
01-01 00:00:42.013   945   945 I SystemServer: StartWatchdog
01-01 00:00:42.075   945   945 D SystemServerTiming: StartWatchdog took to complete: 61ms
01-01 00:00:42.075   945   945 I SystemServer: Reading configuration...
01-01 00:00:42.075   945   945 I SystemServer: ReadingSystemConfig
01-01 00:00:42.076   945   945 D SystemServerTiming: ReadingSystemConfig took to complete: 0ms
01-01 00:00:42.076   945   945 I SystemServer: StartInstaller
01-01 00:00:42.076   945   945 I SystemServiceManager: Starting com.android.server.pm.Installer
01-01 00:00:42.079   945   945 D SystemServerTiming: StartInstaller took to complete: 4ms
01-01 00:00:42.079   945   945 I SystemServer: DeviceIdentifiersPolicyService
01-01 00:00:42.079   945   945 I SystemServiceManager: Starting com.android.server.os.DeviceIdentifiersPolicyService
01-01 00:00:42.081   945   945 D SystemServerTiming: DeviceIdentifiersPolicyService took to complete: 1ms
01-01 00:00:42.081   945   945 I SystemServer: UriGrantsManagerService
01-01 00:00:42.081   945   945 I SystemServiceManager: Starting com.android.server.uri.UriGrantsManagerService$Lifecycle
01-01 00:00:42.082   945   945 D SystemServerTiming: UriGrantsManagerService took to complete: 1ms
01-01 00:00:42.082   945   945 I SystemServer: StartActivityManager
01-01 00:00:42.082   945   945 I SystemServiceManager: Starting com.android.server.wm.ActivityTaskManagerService$Lifecycle
01-01 00:00:42.086   945   945 I SystemServiceManager: Starting com.android.server.am.ActivityManagerService$Lifecycle
01-01 00:00:42.091   945  1433 D SystemServerInitThreadPool: Started executing ReadingSystemConfig
01-01 00:00:42.104   945   945 I ActivityManager: Memory class: 512
01-01 00:00:42.125   945   945 D BatteryStatsImpl: Reading daily items from /data/system/batterystats-daily.xml
01-01 00:00:42.144   945  1445 E BatteryExternalStatsWorker: no controller energy info supplied for telephony
01-01 00:00:42.146   945  1445 I KernelCpuUidFreqTimeReader: mPerClusterTimesAvailable=false
01-01 00:00:42.150   945  1445 E KernelCpuSpeedReader: Failed to read cpu-freq: /sys/devices/system/cpu/cpu4/cpufreq/stats/time_in_state: open failed: ENOENT (No such file or directory)
01-01 00:00:42.150   945  1445 E KernelCpuSpeedReader: Failed to read cpu-freq: /sys/devices/system/cpu/cpu0/cpufreq/stats/time_in_state: open failed: ENOENT (No such file or directory)
01-01 00:00:42.151   945  1445 W KernelMemoryBandwidthStats: No kernel memory bandwidth stats available
01-01 00:00:42.185   945  1433 W SystemConfig: No directory /product/etc/sysconfig, skipping
01-01 00:00:42.214   945  1433 W SystemConfig: No directory /product_services/etc/sysconfig, skipping
01-01 00:00:42.214   945  1433 W SystemConfig: No directory /product_services/etc/permissions, skipping
01-01 00:00:42.214   945  1433 D SystemServerInitThreadPool: Finished executing ReadingSystemConfig
01-01 00:00:42.371   945   945 I IntentFirewall: Read new rules (A:0 B:0 S:0)
01-01 00:00:42.418   945   945 D AppOps  : AppOpsService published
01-01 00:00:42.419   945   945 D SystemServerTiming: StartActivityManager took to complete: 337ms
01-01 00:00:42.419   945   945 I SystemServer: StartPowerManager
01-01 00:00:42.419   945   945 I SystemServiceManager: Starting com.android.server.power.PowerManagerService
01-01 00:00:42.437   945   945 D SystemServerTiming: StartPowerManager took to complete: 18ms
01-01 00:00:42.437   945   945 I SystemServer: StartThermalManager
01-01 00:00:42.437   945   945 I SystemServiceManager: Starting com.android.server.power.ThermalManagerService
01-01 00:00:42.438   945   945 D SystemServerTiming: StartThermalManager took to complete: 2ms
01-01 00:00:42.438   945   945 I SystemServer: InitPowerManagement
01-01 00:00:42.440   945   945 D SystemServerTiming: InitPowerManagement took to complete: 1ms
01-01 00:00:42.440   945   945 I SystemServer: StartRecoverySystemService
