01-11 16:59:47.291  2073  2073 D PhoneSwitcherNetworkRequstListener: got request NetworkRequest [ TRACK_DEFAULT id=9, [ Capabilities: INTERNET&NOT_RESTRICTED&TRUSTED Uid: 1000] ] with score 0 and serial -1
01-11 16:59:47.291  2073  2073 D PhoneSwitcherNetworkRequstListener: got request NetworkRequest [ TRACK_DEFAULT id=12, [ Capabilities: INTERNET&NOT_RESTRICTED&TRUSTED Uid: 10115] ] with score 0 and serial -1
01-11 16:59:47.291  2073  2073 D PhoneSwitcherNetworkRequstListener: got request NetworkRequest [ REQUEST id=1, [ Capabilities: INTERNET&NOT_RESTRICTED&TRUSTED&NOT_VPN] ] with score 0 and serial -1
01-11 16:59:47.291  2073  2073 D PhoneSwitcherNetworkRequstListener: got request NetworkRequest [ REQUEST id=7, [ Capabilities: INTERNET&NOT_RESTRICTED&TRUSTED&NOT_VPN] ] with score 0 and serial -1
01-11 16:59:47.291  2073  2073 D PhoneSwitcherNetworkRequstListener: got request NetworkRequest [ BACKGROUND_REQUEST id=2, [ Transports: CELLULAR Capabilities: INTERNET&NOT_RESTRICTED&TRUSTED&NOT_VPN] ] with score 0 and serial -1
01-11 16:59:47.293  2073  2073 D TelephonyDebugService: TelephonyDebugService()
01-11 16:59:47.294  2073  2073 D CarrierConfigLoader: mHandler: 12 phoneId: 0
01-11 16:59:47.308  2073  2073 I m.android.phon: The ClassLoaderContext is a special shared library.
01-11 16:59:47.311  1745  1745 D StatusBar: disable<e i a s b H!R!c s > disable2<q i n >
01-11 16:59:47.316  2073  2073 I m.android.phon: The ClassLoaderContext is a special shared library.
01-11 16:59:47.320  1091  2308 I MMParserExtractor: Created(0x2896b81c70)
01-11 16:59:47.320  1091  2308 E MM_OSAL : FileSource::FileSource
01-11 16:59:47.320  1091  2308 E MM_OSAL : FileSource::FileSource m_bEveryThingOK 1
01-11 16:59:47.322  1091  2315 I MMParserExtractor: Created(0x2896b8c010)
01-11 16:59:47.323   945  1420 D UsbDeviceManager: push notification:Charging this device via USB
01-11 16:59:47.326   945  2316 I chatty  : uid=1000 system_server expire 2 lines
01-11 16:59:47.327  1131  1277 I OMXMaster: makeComponentInstance(OMX.google.vorbis.decoder) in android.hardwar process
01-11 16:59:47.329  1131  1277 E OMXNodeInstance: getConfig(0xedb1ff00:google.vorbis.decoder, ConfigAndroidVendorExtension(0x6f100004)) ERROR: Undefined(0x80001001)
01-11 16:59:47.331  2073  2073 I m.android.phon: The ClassLoaderContext is a special shared library.
01-11 16:59:47.335  1745  2319 I OMXClient: IOmx service obtained
01-11 16:59:47.335  1131  1277 I OMXMaster: makeComponentInstance(OMX.google.vorbis.decoder) in android.hardwar process
01-11 16:59:47.339  1131  2305 E OMXNodeInstance: getConfig(0xedb201a0:google.vorbis.decoder, ConfigAndroidVendorExtension(0x6f100004)) ERROR: Undefined(0x80001001)
01-11 16:59:47.340  1091  2308 D MediaBufferGroup: creating MemoryDealer
01-11 16:59:47.341  1745  2319 W ExtendedACodec: Failed to get extension for extradata parameter
01-11 16:59:47.353  1091  2315 D MediaBufferGroup: creating MemoryDealer
01-11 16:59:47.362  2073  2073 I QImsService: ImsService : ImsService created!
01-11 16:59:47.368  1745  1812 D ImageWallpaper: onSurfaceRedrawNeeded: mNeedRedraw=false
01-11 16:59:47.371  1091  2308 I MMParserExtractor: Created(0x2896b8c8d0)
01-11 16:59:47.373  1745  1745 D KeyguardUpdateMonitor: handleRingerModeChange(2)
01-11 16:59:47.378   718   718 D Zygote  : Forked child process 2323
01-11 16:59:47.384  1745  1745 D KeyguardViewMediator: handleShow
01-11 16:59:47.385   945  1438 W ActivityManager: Slow operation: 99ms so far, now at startProcess: returned from zygote!
01-11 16:59:47.385   945  1438 W ActivityManager: Slow operation: 99ms so far, now at startProcess: done updating battery stats
01-11 16:59:47.385   945  1438 W ActivityManager: Slow operation: 99ms so far, now at startProcess: building log message
01-11 16:59:47.385   945  1438 I ActivityManager: Start proc 2323:com.android.cellbroadcastreceiver/u0a65 for broadcast {com.android.cellbroadcastreceiver/com.android.cellbroadcastreceiver.CellBroadcastReceiver}
01-11 16:59:47.385   945  1438 W ActivityManager: Slow operation: 99ms so far, now at startProcess: starting to update pids map
01-11 16:59:47.386   945  1438 W ActivityManager: Slow operation: 99ms so far, now at startProcess: done updating pids map
01-11 16:59:47.387  2073  2073 I android_os_HwBinder: HwBinder: Starting thread pool for getting: android.hidl.manager@1.0::IServiceManager/default
01-11 16:59:47.389  1745  1745 V KeyguardUpdateMonitor: *** register callback for com.android.keyguard.KeyguardHostView$1@66fc651
01-11 16:59:47.389  1745  1745 V KeyguardUpdateMonitor: *** unregister callback for null
01-11 16:59:47.389   945  2324 I chatty  : uid=1000 system_server expire 2 lines
01-11 16:59:47.390  1131  2305 I OMXMaster: makeComponentInstance(OMX.google.vorbis.decoder) in android.hardwar process
01-11 16:59:47.391  2073  2073 I android_os_HwBinder: HwBinder: Starting thread pool for getting: android.hidl.manager@1.0::IServiceManager/default
01-11 16:59:47.393  1131  1277 E OMXNodeInstance: getConfig(0xedb1ffc0:google.vorbis.decoder, ConfigAndroidVendorExtension(0x6f100004)) ERROR: Undefined(0x80001001)
01-11 16:59:47.394  1745  1745 V KeyguardSecurityView: showPrimarySecurityScreen(turningOff=false)
01-11 16:59:47.394  1745  1745 D KeyguardSecurityView: showSecurityScreen(None)
01-11 16:59:47.398  1745  1745 D StatusBar: updateQsExpansionEnabled - QS Expand enabled: true
01-11 16:59:47.399  2073  2073 I QImsService: ImsSubController : onServiceDown :: phoneId=0
01-11 16:59:47.400  2073  2073 I QImsService: ImsSubController : onServiceDown :: phoneId=1
01-11 16:59:47.407  1745  1745 D StatusBar: disable<e i a s b H R c s > disable2<q i n >
01-11 16:59:47.407  1745  1745 D KeyguardViewBase: screen on, instance de5554
01-11 16:59:47.408  1091  2308 D MediaBufferGroup: creating MemoryDealer
01-11 16:59:47.408  1745  1745 D StatusBar: disable<e i a s b H R c s > disable2<q i n >
01-11 16:59:47.408  1745  1745 D StatusBar: disable<e i a s b H R c s > disable2<q i n >
01-11 16:59:47.409  1745  1872 I CameraManagerGlobal: Connecting to camera service
01-11 16:59:47.412  1745  1745 D StatusBar: disable<e i a s b H R c s > disable2<q i n >
01-11 16:59:47.412  2073  2073 I QImsService: ImsServiceSub : [0] [phoneId=0] Constructor :: Registering with Sub Controller.
01-11 16:59:47.412  1745  1745 D KeyguardUpdateMonitor: onKeyguardVisibilityChanged(true)
01-11 16:59:47.413  1745  1745 V KeyguardStatusView: refresh statusview showing:true
01-11 16:59:47.413  1745  1745 D KeyguardClockSwitch: Updating clock: 459
01-11 16:59:47.414  2073  2073 I QImsService: ImsServiceSub : [0] onStackConfigChanged :: activeStacks[0]=false
01-11 16:59:47.414  2073  2073 I QImsService: ImsServiceSub : [0] oldFeatureState = 1
01-11 16:59:47.414  1745  1745 V KeyguardUpdateMonitor: startListeningForFingerprint()
01-11 16:59:47.416  1745  1745 D KeyguardUpdateMonitor: sendKeyguardBouncerChanged(false)
01-11 16:59:47.416  1745  1745 D StatusBar: disable<e i a s b H R c s > disable2<q i n >
01-11 16:59:47.417  1745  1745 D KeyguardViewMediator: adjustStatusBarLocked: mShowing=true mOccluded=false isSecure=false force=false --> flags=0x1200000
01-11 16:59:47.418  1745  1745 D KeyguardViewBase: show()
01-11 16:59:47.418  1745  1745 V KeyguardSecurityView: showPrimarySecurityScreen(turningOff=false)
01-11 16:59:47.418  1745  1745 D KeyguardSecurityView: showSecurityScreen(None)
01-11 16:59:47.422  1091  2332 I MMParserExtractor: Created(0x2896b87e70)
01-11 16:59:47.424  1745  1745 D KeyguardViewMediator: adjustStatusBarLocked: mShowing=true mOccluded=false isSecure=false force=false --> flags=0x1200000
01-11 16:59:47.425  1745  1745 V KeyguardUpdateMonitor: startListeningForFingerprint()
01-11 16:59:47.427  1745  1745 V KeyguardDisplayManager: show
01-11 16:59:47.427  1745  1745 I KeyguardDisplayManager: Do not show KeyguardPresentation on the default display
01-11 16:59:47.428  2073  2073 I QImsService: ImsServiceStateReceiver : updateHDIcon isVideo : false isVoice : false phoneId: 0 show HD Icon: true
01-11 16:59:47.429  1745  1745 D KeyguardUpdateMonitor: received broadcast android.intent.action.SERVICE_STATE
01-11 16:59:47.430  1745  1745 V KeyguardUpdateMonitor: action android.intent.action.SERVICE_STATE serviceState={mVoiceRegState=1(OUT_OF_SERVICE), mDataRegState=1(OUT_OF_SERVICE), mChannelNumber=-1, duplexMode()=0, mCellBandwidths=[], mVoiceOperatorAlphaLong=null, mVoiceOperatorAlphaShort=null, mDataOperatorAlphaLong=null, mDataOperatorAlphaShort=null, isManualNetworkSelection=false(automatic), getRilVoiceRadioTechnology=0(Unknown), getRilDataRadioTechnology=0(Unknown), mCssIndicator=unsupported, mNetworkId=-1, mSystemId=-1, mCdmaRoamingIndicator=-1, mCdmaDefaultRoamingIndicator=-1, mIsEmergencyOnly=false, isUsingCarrierAggregation=false, mLteEarfcnRsrpBoost=0, mNetworkRegistrationInfos=[NetworkRegistrationInfo{ domain=CS transportType=WWAN registrationState=UNKNOWN roamingType=NOT_ROAMING accessNetworkTechnology=UNKNOWN rejectCause=0 emergencyEnabled=false availableServices=[] cellIdentity=null voiceSpecificInfo=null dataSpecificInfo=null nrState=NONE}, NetworkRegistrationInfo{ domain=PS transportType=WWAN registrationState=UNKNOWN roamingType=NOT_ROAMING accessNetworkTechnology=UNKNOWN rejectCause=0 emergencyEnabled=false availableServices=[] cellIdentity=null voiceSpecificInfo=null dataSpecificInfo=null nrState=NONE}], mNrFrequencyRange=-1, mOperatorAlphaLongRaw=null, mOperatorAlphaShortRaw=null, mIsIwlanPreferred=false} subId=-1
01-11 16:59:47.431  1745  1745 D KeyguardUpdateMonitor: received broadcast android.intent.action.SERVICE_STATE
01-11 16:59:47.431  2073  2073 E QImsService: ImsSenderRxr : ImsRadio HAL is not available. Can't send REQUEST_QUERY_SERVICE_STATUS to QCRIL
01-11 16:59:47.431  2073  2073 I QImsService: IFRequest : [0000]< REQUEST_QUERY_SERVICE_STATUS error: 1
01-11 16:59:47.431  1745  1745 V KeyguardUpdateMonitor: action android.intent.action.SERVICE_STATE serviceState={mVoiceRegState=1(OUT_OF_SERVICE), mDataRegState=1(OUT_OF_SERVICE), mChannelNumber=-1, duplexMode()=0, mCellBandwidths=[], mVoiceOperatorAlphaLong=null, mVoiceOperatorAlphaShort=null, mDataOperatorAlphaLong=null, mDataOperatorAlphaShort=null, isManualNetworkSelection=false(automatic), getRilVoiceRadioTechnology=0(Unknown), getRilDataRadioTechnology=0(Unknown), mCssIndicator=unsupported, mNetworkId=-1, mSystemId=-1, mCdmaRoamingIndicator=-1, mCdmaDefaultRoamingIndicator=-1, mIsEmergencyOnly=false, isUsingCarrierAggregation=false, mLteEarfcnRsrpBoost=0, mNetworkRegistrationInfos=[NetworkRegistrationInfo{ domain=CS transportType=WWAN registrationState=UNKNOWN roamingType=NOT_ROAMING accessNetworkTechnology=UNKNOWN rejectCause=0 emergencyEnabled=false availableServices=[] cellIdentity=null voiceSpecificInfo=null dataSpecificInfo=null nrState=NONE}, NetworkRegistrationInfo{ domain=PS transportType=WWAN registrationState=UNKNOWN roamingType=NOT_ROAMING accessNetworkTechnology=UNKNOWN rejectCause=0 emergencyEnabled=false availableServices=[] cellIdentity=null voiceSpecificInfo=null dataSpecificInfo=null nrState=NONE}], mNrFrequencyRange=-1, mOperatorAlphaLongRaw=null, mOperatorAlphaShortRaw=null, mIsIwlanPreferred=false} subId=-1
01-11 16:59:47.431  2073  2073 I QImsService: ImsServiceSub : [1] [phoneId=1] Constructor :: Registering with Sub Controller.
01-11 16:59:47.433  1745  2340 I OMXClient: IOmx service obtained
01-11 16:59:47.433  2073  2073 I QImsService: ImsServiceSub : [1] onStackConfigChanged :: activeStacks[1]=false
01-11 16:59:47.433  2073  2073 I QImsService: ImsServiceSub : [1] oldFeatureState = 1
01-11 16:59:47.434  1131  1131 I OMXMaster: makeComponentInstance(OMX.google.vorbis.decoder) in android.hardwar process
01-11 16:59:47.439  1091  2332 I MMParserExtractor: Created(0x2896b7f510)
01-11 16:59:47.441  1131  1131 E OMXNodeInstance: getConfig(0xedb1fe40:google.vorbis.decoder, ConfigAndroidVendorExtension(0x6f100004)) ERROR: Undefined(0x80001001)
01-11 16:59:47.442  2073  2073 I QImsService: ImsServiceStateReceiver : updateHDIcon isVideo : false isVoice : false phoneId: 1 show HD Icon: true
01-11 16:59:47.442  1745  2340 W ExtendedACodec: Failed to get extension for extradata parameter
01-11 16:59:47.443  2073  2073 E QImsService: ImsSenderRxr : ImsRadio HAL is not available. Can't send REQUEST_QUERY_SERVICE_STATUS to QCRIL
01-11 16:59:47.443  2073  2073 I QImsService: IFRequest : [0001]< REQUEST_QUERY_SERVICE_STATUS error: 1
01-11 16:59:47.452   945  2355 I chatty  : uid=1000 system_server expire 2 lines
01-11 16:59:47.452  1091  2332 D MediaBufferGroup: creating MemoryDealer
01-11 16:59:47.453  1131  2177 I OMXMaster: makeComponentInstance(OMX.google.vorbis.decoder) in android.hardwar process
01-11 16:59:47.454  2073  2073 D         : JNI_OnLoad
01-11 16:59:47.454  2073  2073 D         : JvmPtr initialized to 485870478208
01-11 16:59:47.454  2073  2073 D ims_media_jni: register_ims_media
01-11 16:59:47.458  1131  2177 E OMXNodeInstance: getConfig(0xebb5a780:google.vorbis.decoder, ConfigAndroidVendorExtension(0x6f100004)) ERROR: Undefined(0x80001001)
01-11 16:59:47.463  1745  1745 W View    : requestLayout() improperly called by com.android.keyguard.CarrierText{b7b2d5f V.ED..... ......ID 84,0-3540,210 #7f0a01d6 app:id/keyguard_carrier_text} during layout: running second layout pass
01-11 16:59:47.475  1091  2332 D MediaBufferGroup: creating MemoryDealer
01-11 16:59:47.502   873   873 I sensors-hal: batch:229, android.sensor.device_orientation/272, period=66667000, max_latency=0
01-11 16:59:47.502   873   873 I sensors-hal: batch:240, android.sensor.device_orientation/272, period=66667000, max_latency=0 request completed
01-11 16:59:47.502  1745  1745 D KeyguardUpdateMonitor: handleKeyguardBouncerChanged(0)
01-11 16:59:47.502   873   873 I sensors-hal: activate:194, android.sensor.device_orientation/272 en=1
01-11 16:59:47.503  1745  1745 V KeyguardUpdateMonitor: startListeningForFingerprint()
01-11 16:59:47.503   873   873 I sensors-hal: get_qmi_debug_flag:245, support_qmi_debug : false
01-11 16:59:47.503  2323  2323 I oadcastreceive: The ClassLoaderContext is a special shared library.
01-11 16:59:47.503  1745  1745 D KeyguardUpdateMonitor: handleKeyguardReset
01-11 16:59:47.504  1745  1745 V KeyguardUpdateMonitor: startListeningForFingerprint()
01-11 16:59:47.507  1745  1745 D KeyguardUpdateMonitor: handleServiceStateChange(subId=-1, serviceState={mVoiceRegState=1(OUT_OF_SERVICE), mDataRegState=1(OUT_OF_SERVICE), mChannelNumber=-1, duplexMode()=0, mCellBandwidths=[], mVoiceOperatorAlphaLong=null, mVoiceOperatorAlphaShort=null, mDataOperatorAlphaLong=null, mDataOperatorAlphaShort=null, isManualNetworkSelection=false(automatic), getRilVoiceRadioTechnology=0(Unknown), getRilDataRadioTechnology=0(Unknown), mCssIndicator=unsupported, mNetworkId=-1, mSystemId=-1, mCdmaRoamingIndicator=-1, mCdmaDefaultRoamingIndicator=-1, mIsEmergencyOnly=false, isUsingCarrierAggregation=false, mLteEarfcnRsrpBoost=0, mNetworkRegistrationInfos=[NetworkRegistrationInfo{ domain=CS transportType=WWAN registrationState=UNKNOWN roamingType=NOT_ROAMING accessNetworkTechnology=UNKNOWN rejectCause=0 emergencyEnabled=false availableServices=[] cellIdentity=null voiceSpecificInfo=null dataSpecificInfo=null nrState=NONE}, NetworkRegistrationInfo{ domain=PS transportType=WWAN registrationState=UNKNOWN roamingType=NOT_ROAMING accessNetworkTechnology=UNKNOWN rejectCause=0 emergencyEnabled=false availableServices=[] cellIdentity=null voiceSpecificInfo=null dataSpecificInfo=null nrState=NONE}], mNrFrequencyRange=-1, mOperatorAlphaLongRaw=null, mOperatorAlphaShortRaw=null, mIsIwlanPreferred=false}
01-11 16:59:47.507  1745  1745 W KeyguardUpdateMonitor: invalid subId in handleServiceStateChange()
01-11 16:59:47.508   873   873 I sensors-hal: activate:207, android.sensor.device_orientation/272 en=1 completed
01-11 16:59:47.511  1745  1745 D KeyguardUpdateMonitor: handleServiceStateChange(subId=-1, serviceState={mVoiceRegState=1(OUT_OF_SERVICE), mDataRegState=1(OUT_OF_SERVICE), mChannelNumber=-1, duplexMode()=0, mCellBandwidths=[], mVoiceOperatorAlphaLong=null, mVoiceOperatorAlphaShort=null, mDataOperatorAlphaLong=null, mDataOperatorAlphaShort=null, isManualNetworkSelection=false(automatic), getRilVoiceRadioTechnology=0(Unknown), getRilDataRadioTechnology=0(Unknown), mCssIndicator=unsupported, mNetworkId=-1, mSystemId=-1, mCdmaRoamingIndicator=-1, mCdmaDefaultRoamingIndicator=-1, mIsEmergencyOnly=false, isUsingCarrierAggregation=false, mLteEarfcnRsrpBoost=0, mNetworkRegistrationInfos=[NetworkRegistrationInfo{ domain=CS transportType=WWAN registrationState=UNKNOWN roamingType=NOT_ROAMING accessNetworkTechnology=UNKNOWN rejectCause=0 emergencyEnabled=false availableServices=[] cellIdentity=null voiceSpecificInfo=null dataSpecificInfo=null nrState=NONE}, NetworkRegistrationInfo{ domain=PS transportType=WWAN registrationState=UNKNOWN roamingType=NOT_ROAMING accessNetworkTechnology=UNKNOWN rejectCause=0 emergencyEnabled=false availableServices=[] cellIdentity=null voiceSpecificInfo=null dataSpecificInfo=null nrState=NONE}], mNrFrequencyRange=-1, mOperatorAlphaLongRaw=null, mOperatorAlphaShortRaw=null, mIsIwlanPreferred=false}
01-11 16:59:47.511  1745  1745 W KeyguardUpdateMonitor: invalid subId in handleServiceStateChange()
01-11 16:59:47.519  2073  2073 D VideoCall_ImsMedia: Registering for Media Listener
01-11 16:59:47.524  1745  1745 D ImageWallpaper: wallpaper visibility changes to: true
01-11 16:59:47.527  1745  1812 D ImageWallpaper: onSurfaceRedrawNeeded: mNeedRedraw=false
01-11 16:59:47.528   945  1065 I WifiService: WifiService trying to set country code to 
01-11 16:59:47.528  1745  1745 D InterruptionStateProvider: No heads up: unimportant notification: -1|com.android.systemui|1396986699|disk:179,0|10115
01-11 16:59:47.532  1091  2332 I MMParserExtractor: Created(0x2896b89a70)
01-11 16:59:47.535  2323  2323 I Perf    : Connecting to perf service.
01-11 16:59:47.539  2073  2073 W PhoneGlobals: Can't get phone with sub id = -1
01-11 16:59:47.541   945  1846 I WifiService: WifiService trying to set country code to 
01-11 16:59:47.543  2073  2073 W PhoneGlobals: Can't get phone with sub id = -1
01-11 16:59:47.544  1461  1461 D BootAnimation: BootAnimationStopTiming start time: 37441ms
01-11 16:59:47.545  2073  2073 I QImsService: ImsSubControllerHandler : Message received: what = 6
01-11 16:59:47.545  2073  2073 I QImsService: ImsSubControllerHandler : Received EVENT_RADIO_NOT_AVAILABLE phoneId = 0
01-11 16:59:47.546  2073  2073 W QImsService: ImsSubController : updateStackConfig Stacks are not yet initialized
01-11 16:59:47.546  2073  2073 I QImsService: ImsSubControllerHandler : Message received: what = 4
01-11 16:59:47.546  2073  2073 I QImsService: ImsSubControllerHandler : Received EVENT_IMS_SERVICE_DOWN phoneId = 0
01-11 16:59:47.546  2073  2073 W QImsService: ImsSubController : updateStackConfig Stacks are not yet initialized
01-11 16:59:47.546  2073  2073 I QImsService: ImsSubControllerHandler : Message received: what = 6
01-11 16:59:47.546  2073  2073 I QImsService: ImsSubControllerHandler : Received EVENT_RADIO_NOT_AVAILABLE phoneId = 1
01-11 16:59:47.546  2073  2073 W QImsService: ImsSubController : updateStackConfig Stacks are not yet initialized
01-11 16:59:47.546  2073  2073 I QImsService: ImsSubControllerHandler : Message received: what = 4
01-11 16:59:47.546  2073  2073 I QImsService: ImsSubControllerHandler : Received EVENT_IMS_SERVICE_DOWN phoneId = 1
01-11 16:59:47.546  2073  2073 W QImsService: ImsSubController : updateStackConfig Stacks are not yet initialized
01-11 16:59:47.546  2073  2073 I QImsService: ImsServiceSubHandler : Message received: what = 37
01-11 16:59:47.546  2073  2073 I QImsService: ImsServiceSubHandler : Message received: what = 5
01-11 16:59:47.546  2073  2073 I QImsService: ImsServiceSub : [0] Received event: EVENT_GET_STATUS_UPDATE
01-11 16:59:47.546  2073  2073 E QImsService: ImsServiceSub : [0] IMS Service Status Update failed!
01-11 16:59:47.546  2073  2073 I QImsService: ImsServiceSubHandler : Message received: what = 37
01-11 16:59:47.546  2073  2073 I QImsService: ImsServiceSubHandler : Message received: what = 5
01-11 16:59:47.546  2073  2073 I QImsService: ImsServiceSub : [1] Received event: EVENT_GET_STATUS_UPDATE
01-11 16:59:47.546  2073  2073 E QImsService: ImsServiceSub : [1] IMS Service Status Update failed!
01-11 16:59:47.548  2073  2073 D QtiCarrierConfigHelper: WARNING, no carrier configs on phone Id: 0
01-11 16:59:47.548  2073  2073 D ImsServiceController: ImsService(ComponentInfo{org.codeaurora.ims/org.codeaurora.ims.ImsService}): onServiceConnected with binder: android.telephony.ims.ImsService$1@88be363
01-11 16:59:47.548  2073  2073 D ImsServiceController: notifyImsServiceReady
01-11 16:59:47.548  2073  2073 I QImsService: ImsService : readyForFeatureCreation :: No-op
01-11 16:59:47.548  2073  2073 I ImsServiceController: supports emergency calling on slot 0
01-11 16:59:47.548  2073  2073 I ImsServiceController: notifyImsFeatureStatus: slot=1, feature=1, status=0
01-11 16:59:47.548  2073  2073 I ImsResolver: ImsServiceController added on slot: 1 with feature: 1 using package: ComponentInfo{org.codeaurora.ims/org.codeaurora.ims.ImsService}
01-11 16:59:47.548  2073  2073 I ImsServiceController: notifyImsFeatureStatus: slot=0, feature=1, status=0
01-11 16:59:47.548  2073  2073 I ImsResolver: ImsServiceController added on slot: 0 with feature: 1 using package: ComponentInfo{org.codeaurora.ims/org.codeaurora.ims.ImsService}
01-11 16:59:47.548  2073  2073 I ImsServiceController: supports emergency calling on slot 1
01-11 16:59:47.549   945  2363 I chatty  : uid=1000 system_server expire 2 lines
01-11 16:59:47.549  1131  2177 I OMXMaster: makeComponentInstance(OMX.google.vorbis.decoder) in android.hardwar process
01-11 16:59:47.550  2073  2073 W PhoneInterfaceManager: Timeout Waiting for CellInfo!
01-11 16:59:47.550  2073  2073 W PhoneInterfaceManager: Timeout Waiting for CellInfo!
01-11 16:59:47.551  1745  1745 D InterruptionStateProvider: No heads up: unimportant notification: -1|android|32|null|1000
01-11 16:59:47.553  1745  1745 D EmergencyButton: requestCellInfoUpdate.onCellInfo is null or empty
01-11 16:59:47.557  1131  1277 E OMXNodeInstance: getConfig(0xebb5a780:google.vorbis.decoder, ConfigAndroidVendorExtension(0x6f100004)) ERROR: Undefined(0x80001001)
01-11 16:59:47.558  2323  2323 D CellBroadcastReceiver: onReceive Intent { act=android.intent.action.SERVICE_STATE flg=0x1000010 cmp=com.android.cellbroadcastreceiver/.CellBroadcastReceiver (has extras) }
01-11 16:59:47.558  1745  1745 D EmergencyButton: requestCellInfoUpdate.onCellInfo is null or empty
01-11 16:59:47.560   888   978 E ANDR-IOP: io prefetch is disabled waiting for boot_completed
01-11 16:59:47.569   861   861 I chatty  : uid=1047(cameraserver) provider@2.4-se expire 12 lines
01-11 16:59:47.569  2323  2323 D CellBroadcastReceiver: onReceive Intent { act=android.intent.action.SERVICE_STATE flg=0x1000010 cmp=com.android.cellbroadcastreceiver/.CellBroadcastReceiver (has extras) }
01-11 16:59:47.572   861  1586 I chatty  : uid=1047(cameraserver) provider@2.4-se expire 113 lines
01-11 16:59:47.573  1091  2332 D MediaBufferGroup: creating MemoryDealer
01-11 16:59:47.604  1091  2308 I MMParserExtractor: Created(0x2896b850f0)
01-11 16:59:47.609   945  2371 I chatty  : uid=1000 system_server expire 2 lines
01-11 16:59:47.609  1131  2305 I OMXMaster: makeComponentInstance(OMX.google.vorbis.decoder) in android.hardwar process
01-11 16:59:47.611  1131  2305 E OMXNodeInstance: getConfig(0xebb5a780:google.vorbis.decoder, ConfigAndroidVendorExtension(0x6f100004)) ERROR: Undefined(0x80001001)
01-11 16:59:47.621  1091  2308 D MediaBufferGroup: creating MemoryDealer
01-11 16:59:47.644   944  1691 D AudioPolicyManagerCustom: setForceUse() usage 3, config 8, mPhoneState 0
01-11 16:59:47.645   944  1691 D AudioPolicyManagerCustom: setForceUse() usage 7, config 0, mPhoneState 0
01-11 16:59:47.651   944  1692 D AudioPolicyManagerCustom: setForceUse() usage 3, config 8, mPhoneState 0
01-11 16:59:47.651   944  1692 D AudioPolicyManagerCustom: setForceUse() usage 3, config 8, mPhoneState 0
01-11 16:59:47.651   944  1692 D AudioPolicyManagerCustom: setForceUse() usage 7, config 0, mPhoneState 0
01-11 16:59:47.652  2073  2073 I MmTelFeatureConnection: getFeatureState - returning 0
01-11 16:59:47.652  2073  2073 I MmTelFeatureConnection: Emergency calling enabled on slotId: 0
01-11 16:59:47.717  2073  2073 I MmTelFeatureConnection: getFeatureState - returning 0
01-11 16:59:47.717  2073  2073 I MmTelFeatureConnection: Emergency calling enabled on slotId: 1
01-11 16:59:47.735   945  1426 I WindowManager: ******* TELLING SURFACE FLINGER WE ARE BOOTED!
01-11 16:59:47.735   956  2274 I SurfaceFlinger: Boot is finished (7239 ms)
01-11 16:59:47.738   945  1426 I ActivityManager: About to commit checkpoint
01-11 16:59:47.738   945  1426 I SystemServiceManager: Starting phase 1000
01-11 16:59:47.739   945  1470 V DisplayPowerController: Brightness [102] reason changing to: 'manual', previous reason: 'override'.
01-11 16:59:47.739   945  1426 D TestHarnessModeService: Completing Test Harness Mode setup.
01-11 16:59:47.739   945  1668 D StorageManagerService: Thinking about init, mBootCompleted=true, mDaemonConnected=true
01-11 16:59:47.739   945  1668 D StorageManagerService: Thinking about reset, mBootCompleted=true, mDaemonConnected=true
01-11 16:59:47.740   945  1437 I ActivityManager: Force stopping com.android.providers.media appid=10048 user=-1: vold reset
01-11 16:59:47.740   945  1065 V StorageManagerService: Found primary storage at VolumeInfo{emulated}:
01-11 16:59:47.740   945  1065 V StorageManagerService:     type=EMULATED diskId=null partGuid= mountFlags=0 mountUserId=-10000 
01-11 16:59:47.740   945  1065 V StorageManagerService:     state=UNMOUNTED 
01-11 16:59:47.740   945  1065 V StorageManagerService:     fsType=null fsUuid=null fsLabel=null 
01-11 16:59:47.740   945  1065 V StorageManagerService:     path=null internalPath=null 
01-11 16:59:47.740   601   601 D vold    : /system/bin/sgdisk
01-11 16:59:47.740   601   601 D vold    :     --android-dump
01-11 16:59:47.740   601   601 D vold    :     /dev/block/vold/disk:179,0
01-11 16:59:47.781  1219  2283 I cnss-daemon: WLFW service connected
01-11 16:59:47.784   601   601 D vold    : DISK gpt 6F04D497-7DFE-45F9-AAD4-ADBBBE8E7AD7
01-11 16:59:47.784   601   601 D vold    : 
01-11 16:59:47.784   601   601 D vold    : PART 1 19A710A2-B3CA-11E4-B026-10604B889DCF ACF649A5-2E4E-4509-A310-646EA3710688 android_meta
01-11 16:59:47.784   601   601 D vold    : 
01-11 16:59:47.784   601   601 D vold    : PART 2 193D1EA4-B3CA-11E4-B075-10604B889DCF B8A74ED2-7A68-4A99-BEE4-BE140D151F26 android_expand
01-11 16:59:47.784   601   601 D vold    : 
01-11 16:59:47.786   601   601 E vold    : Failed to load key for GUID b8a74ed27a684a99bee4be140d151f26: No such file or directory
01-11 16:59:47.786  1219  2283 E cnss-daemon: pm_release_vote: pm_handle is NULL
01-11 16:59:47.786  1219  2283 E cnss-daemon: pm_release_vote: pm_handle is NULL
01-11 16:59:47.786  1219  2283 I cnss-daemon: wlfw_read_file: No such file /data/vendor/wifi/wlfw_cal_00.bin
01-11 16:59:47.786  1219  2283 I cnss-daemon: wlfw_build_cal_table: not read /data/vendor/wifi/wlfw_cal_00.bin
01-11 16:59:47.788  1219  2283 I cnss-daemon: wlfw_read_file: No such file /data/vendor/wifi/wlfw_cal_02.bin
01-11 16:59:47.788  1219  2283 I cnss-daemon: wlfw_build_cal_table: not read /data/vendor/wifi/wlfw_cal_02.bin
01-11 16:59:47.788  1219  2283 I cnss-daemon: wlfw_read_file: No such file /data/vendor/wifi/wlfw_cal_03.bin
01-11 16:59:47.788  1219  2283 I cnss-daemon: wlfw_build_cal_table: not read /data/vendor/wifi/wlfw_cal_03.bin
01-11 16:59:47.788  1219  2283 I cnss-daemon: wlfw_read_file: No such file /data/vendor/wifi/wlfw_cal_04.bin
01-11 16:59:47.788  1219  2283 I cnss-daemon: wlfw_build_cal_table: not read /data/vendor/wifi/wlfw_cal_04.bin
01-11 16:59:47.793   601   651 D vold    : Waiting for FUSE to spin up...
01-11 16:59:47.793  1219  2283 I cnss-daemon: FW status: 0x0
01-11 16:59:47.805   945  1426 W SystemServiceManager: Service com.android.server.testharness.TestHarnessModeService took 66 ms in onBootPhase
01-11 16:59:47.810   945  1426 D ActivityManager: Finishing user boot 0
01-11 16:59:47.810   945  1426 I ActivityManager: User 0 state changed from BOOTING to RUNNING_LOCKED
01-11 16:59:47.811   945  1426 D StorageManagerService: unlockUserKey: 0
01-11 16:59:47.812   601   693 D vold    : fscrypt_unlock_user_key 0 serial=0 token_present=0
01-11 16:59:47.815   601   693 D vold    : Skipping non-key .
01-11 16:59:47.815   601   693 D vold    : Skipping non-key ..
01-11 16:59:47.815   601   693 D vold    : Trying user CE key /data/misc/vold/user_keys/ce/0/current
01-11 16:59:47.826  1719  2383 I chatty  : uid=1002(bluetooth) bt_workqueue expire 16 lines
01-11 16:59:47.827   601   693 I vold    : List of Keymaster HALs found:
01-11 16:59:47.828   601   693 I vold    : Keymaster HAL #1: Keymaster HAL: 4 from QTI SecurityLevel: TRUSTED_ENVIRONMENT HAL: android.hardware.keymaster@4.0::IKeymasterDevice/default
01-11 16:59:47.828   601   693 I vold    : Using Keymaster HAL: 4 from QTI for encryption.  Security level: TRUSTED_ENVIRONMENT, HAL: android.hardware.keymaster@4.0::IKeymasterDevice/default
01-11 16:59:47.828  2381  2381 W sdcard  : Device explicitly enabled sdcardfs
01-11 16:59:47.831  1719  2384 I chatty  : uid=1002(bluetooth) btu message loo expire 42 lines
01-11 16:59:47.834  1719  2385 I chatty  : uid=1002(bluetooth) com.android.bluetooth expire 33 lines
01-11 16:59:47.836  1219  2283 I cnss-daemon: wlfw_send_cap_req: chip_id: 0x0, chip_family 0xb, board_id: 0xff, soc_id: 0xffffffff, fw_version: 0x10158520, fw_build_timestamp: 2022-10-11 09:15
01-11 16:59:47.838   857  2378 I chatty  : uid=1002 bluetooth@1.0-s expire 4 lines
01-11 16:59:47.839   601   693 D RefBase : RefBase: Explicit destruction, weak count = 0 (in 0x721f06e0e8)
01-11 16:59:47.839   601   693 W RefBase : CallStack::getCurrentInternal not linked, returning null
01-11 16:59:47.839   601   693 W RefBase : CallStack::logStackInternal not linked
01-11 16:59:47.839   601   693 D vold    : Successfully retrieved key
01-11 16:59:47.843  1219  2283 E cnss-daemon: wlfw_send_qdss_trace_config_download_req: Failed to find QDSS trace config file
01-11 16:59:47.848  1719  1788 I chatty  : uid=1002(bluetooth) HwBinder:1719_1 expire 1 line
01-11 16:59:47.855   601   693 I vold    : List of Keymaster HALs found:
01-11 16:59:47.855   601   693 I vold    : Keymaster HAL #1: Keymaster HAL: 4 from QTI SecurityLevel: TRUSTED_ENVIRONMENT HAL: android.hardware.keymaster@4.0::IKeymasterDevice/default
01-11 16:59:47.855   601   693 I vold    : Using Keymaster HAL: 4 from QTI for encryption.  Security level: TRUSTED_ENVIRONMENT, HAL: android.hardware.keymaster@4.0::IKeymasterDevice/default
01-11 16:59:47.858   601   693 D RefBase : RefBase: Explicit destruction, weak count = 0 (in 0x721f06e068)
01-11 16:59:47.858   601   693 W RefBase : CallStack::getCurrentInternal not linked, returning null
01-11 16:59:47.858   601   693 W RefBase : CallStack::logStackInternal not linked
01-11 16:59:47.858   601   693 E vold    : Inserting using old mechanism  Error 19: No such device
01-11 16:59:47.858   601   693 D vold    : Added key 760589461 (ext4:ac1a43c0e440f5ad) to keyring 360895077 in process 601key size64
01-11 16:59:47.858   601   693 E vold    : Inserting using old mechanism  Error 19: No such device
01-11 16:59:47.859   601   693 D vold    : Added key 338701835 (f2fs:ac1a43c0e440f5ad) to keyring 360895077 in process 601key size64
01-11 16:59:47.859   601   693 E vold    : Inserting using old mechanism  Error 19: No such device
01-11 16:59:47.859   601   693 D vold    : Added key 424988550 (fscrypt:ac1a43c0e440f5ad) to keyring 360895077 in process 601key size64
01-11 16:59:47.859   601   693 D vold    : Installed ce key for user 0
01-11 16:59:47.859   945  1426 D ActivityManager: UserController event: finishUserUnlocking(0)
01-11 16:59:47.859   945  1426 D ActivityManager: Started unlocking user 0
01-11 16:59:47.859   945  1426 D ActivityManager: Unlocking user 0 progress 0
01-11 16:59:47.859   945  1426 D ActivityManager: Unlocking user 0 progress 5
01-11 16:59:47.860   601   651 D vold    : fscrypt_prepare_user_storage for volume null, user 0, serial 0, flags 2
01-11 16:59:47.860   601   651 D vold    : Preparing: /data/system_ce/0
01-11 16:59:47.860   601   651 D vold    : Preparing: /data/misc_ce/0
01-11 16:59:47.860   601   651 D vold    : Preparing: /data/vendor_ce/0
01-11 16:59:47.863   945  1424 I DropBoxManagerService: add tag=system_server_strictmode isTagEnabled=true flags=0x2
01-11 16:59:47.865  1087  1118 D installd: Found quota mount /dev/block/dm-5 at /data
01-11 16:59:47.865   945  1679 D ConnectivityService: Got NetworkFactory Messenger for WifiNetworkFactory
01-11 16:59:47.865   945  1679 D ConnectivityService: Got NetworkFactory Messenger for UntrustedWifiNetworkFactory
01-11 16:59:47.866  1087  1118 D installd: Found storage mount /data/media at /mnt/runtime/default/emulated
01-11 16:59:47.866   601   651 D vold    : Preparing: /data/media/0
01-11 16:59:47.866   945  1426 D ColorDisplayService: setUp: currentUser=0
01-11 16:59:47.868   601   651 D vold    : Preparing: /data/data
01-11 16:59:47.868   601   651 I vold    : Found policy ac1a43c0e440f5ad at /data/system_ce/0 which matches expected value
01-11 16:59:47.869   601   651 I vold    : Found policy ac1a43c0e440f5ad at /data/misc_ce/0 which matches expected value
01-11 16:59:47.869   601   651 I vold    : Found policy ac1a43c0e440f5ad at /data/vendor_ce/0 which matches expected value
01-11 16:59:47.870   601   651 I vold    : Found policy ac1a43c0e440f5ad at /data/media/0 which matches expected value
01-11 16:59:47.871   601   651 I vold    : Found policy ac1a43c0e440f5ad at /data/data which matches expected value
01-11 16:59:47.871   601   651 D vold    : Starting restorecon of /data/system_ce/0
01-11 16:59:47.874   945  1424 I DropBoxManagerService: add tag=system_server_strictmode isTagEnabled=true flags=0x2
01-11 16:59:47.883   945  1424 I chatty  : uid=1000(system) android.io identical 3 lines
01-11 16:59:47.886   945  1424 I DropBoxManagerService: add tag=system_server_strictmode isTagEnabled=true flags=0x2
01-11 16:59:47.889   945  1426 D ColorDisplayService: onNightDisplayAutoModeChanged: autoMode=0
01-11 16:59:47.889   945  1426 I ColorDisplayService: Turning off night display
01-11 16:59:47.889   945  1424 I DropBoxManagerService: add tag=system_server_strictmode isTagEnabled=true flags=0x2
01-11 16:59:47.894   945  1424 I chatty  : uid=1000(system) android.io identical 2 lines
01-11 16:59:47.895   945  1424 I DropBoxManagerService: add tag=system_server_strictmode isTagEnabled=true flags=0x2
01-11 16:59:47.911   945   945 D BluetoothManagerService: Bluetooth Adapter address changed to F0:74:E4:24:50:6C
01-11 16:59:47.911   945   945 D BluetoothManagerService: Stored Bluetoothaddress: F0:74:E4:24:50:6C
01-11 16:59:47.912   945   945 D BluetoothManagerService: Bluetooth Adapter name changed to QCOM-BTD
01-11 16:59:47.912   945   945 D BluetoothManagerService: Stored Bluetooth name: QCOM-BTD
01-11 16:59:47.916   945   945 D BluetoothManagerService: Bluetooth Adapter address changed to F0:74:E4:24:50:6C
01-11 16:59:47.916   945   945 D BluetoothManagerService: Stored Bluetoothaddress: F0:74:E4:24:50:6C
01-11 16:59:47.917  1745  1745 D InterruptionStateProvider: No heads up: unimportant notification: -1|com.android.systemui|1396986699|disk:179,0|10115
01-11 16:59:47.917  1719  2394 I chatty  : uid=1002(bluetooth) btif_sock expire 1 line
01-11 16:59:47.921   601   651 D vold    : Finished restorecon of /data/system_ce/0
01-11 16:59:47.921   601   651 D vold    : Starting restorecon of /data/vendor_ce/0
01-11 16:59:47.921   945  1424 D BluetoothManagerService: MESSAGE_BLUETOOTH_STATE_CHANGE: BLE_TURNING_ON > BLE_ON
01-11 16:59:47.921   945  1424 D BluetoothManagerService: Bluetooth is in LE only mode
01-11 16:59:47.921   945  1424 D BluetoothManagerService: Binding Bluetooth GATT service
01-11 16:59:47.922   945  1424 D BluetoothManagerService: Sending BLE State Change: BLE_TURNING_ON > BLE_ON
01-11 16:59:47.923   945   945 D BluetoothManagerService: BluetoothServiceConnection: com.android.bluetooth.gatt.GattService
01-11 16:59:47.923   945  1424 D BluetoothManagerService: MESSAGE_BLUETOOTH_SERVICE_CONNECTED: 2
01-11 16:59:47.923   945  1424 D BluetoothManagerService: continueFromBleOnState(): mEnableExternal=true, mDelayedTurnOff=false
01-11 16:59:47.924   945  1424 D BluetoothManagerService: isBleAppPresent() count: 0
01-11 16:59:47.924  1719  1749 I chatty  : uid=1002(bluetooth) Binder:1719_2 expire 1 line
01-11 16:59:47.925   945  1424 D BluetoothManagerService: Persisting Bluetooth Setting: 1
01-11 16:59:47.926   945  2375 I chatty  : uid=1000(system) Binder:945_8 expire 19 lines
01-11 16:59:47.927   945  1424 D BluetoothManagerService: MESSAGE_BLUETOOTH_STATE_CHANGE: BLE_ON > TURNING_ON
01-11 16:59:47.927   945  1424 D BluetoothManagerService: Sending BLE State Change: BLE_ON > TURNING_ON
01-11 16:59:47.927   624   684 W ServiceManagement: Waited one second for vendor.qti.hardware.radio.uim_remote_client@1.0::IUimRemoteServiceClient/uimRemoteClient0
01-11 16:59:47.929   624   684 I ServiceManagement: getService: Trying again for vendor.qti.hardware.radio.uim_remote_client@1.0::IUimRemoteServiceClient/uimRemoteClient0...
01-11 16:59:47.937   718   718 D Zygote  : Forked child process 2398
01-11 16:59:47.941   945  1438 W ActivityManager: Slow operation: 80ms so far, now at startProcess: returned from zygote!
01-11 16:59:47.943   945  1438 W ActivityManager: Slow operation: 82ms so far, now at startProcess: done updating battery stats
01-11 16:59:47.943   945  1438 W ActivityManager: Slow operation: 82ms so far, now at startProcess: building log message
01-11 16:59:47.943   945  1438 I ActivityManager: Start proc 2398:com.android.deskclock/u0a140 for broadcast {com.android.deskclock/com.android.deskclock.AlarmInitReceiver}
01-11 16:59:47.943   945  1438 W ActivityManager: Slow operation: 82ms so far, now at startProcess: starting to update pids map
01-11 16:59:47.944   945  1438 W ActivityManager: Slow operation: 83ms so far, now at startProcess: done updating pids map
01-11 16:59:47.970   601   651 D vold    : Finished restorecon of /data/vendor_ce/0
01-11 16:59:47.970   601   651 D vold    : Starting restorecon of /data/misc_ce/0
01-11 16:59:47.971  1745  1745 D BluetoothA2dp: Proxy object connected
01-11 16:59:47.975  2406  2406 I bootstat: Service started: /system/bin/bootstat --record_boot_complete --record_boot_reason --record_time_since_factory_reset -l 
01-11 16:59:47.975  2406  2406 E bootstat: Failed to read /data/misc/bootstat/post_decrypt_time_elapsed: No such file or directory
01-11 16:59:47.975  2406  2406 E bootstat: Failed to parse boot time record: /data/misc/bootstat/post_decrypt_time_elapsed
01-11 16:59:47.998  1745  1745 D InterruptionStateProvider: No heads up: unimportant notification: -1|android|26|null|1000
01-11 16:59:48.055  1719  2432 I chatty  : uid=1002(bluetooth) media_worker expire 7 lines
01-11 16:59:48.056  2398  2398 W ApplicationLoaders: Unexpected environment for cached library: (null|[dalvik.system.PathClassLoader[DexPathList[[zip file "/system/framework/android.hidl.base-V1.0-java.jar"],nativeLibraryDirectories=[/system/lib64, /product/lib64]]]])
01-11 16:59:48.056  2413  2413 I qspmsvc-service: Qspmsvc We're inside the service
01-11 16:59:48.057  2398  2398 I droid.deskcloc: The ClassLoaderContext is a special shared library.
01-11 16:59:48.058  2413  2413 I qspmsvc-service: IQspmsvc::IQspmsvc()
01-11 16:59:48.060  2413  2413 I qspmsvc-service: Qspmsvc service is now ready
01-11 16:59:48.062  2398  2398 D ApplicationLoaders: Returning zygote-cached class loader: /system/framework/android.hidl.base-V1.0-java.jar
01-11 16:59:48.069  1719  1719 D a2dp_codec: createCodec: codec LDAC
01-11 16:59:48.069  1719  1719 D a2dp_vendor_ldac: init: LDAC enabled in HW mode
01-11 16:59:48.069  1719  1719 I a2dp_codec: init: updated LDAC codec priority to 3001
01-11 16:59:48.069  1719  1719 D a2dp_codec: createCodec: codec aptX-TWS
01-11 16:59:48.069  1719  1719 E a2dp_vendor_aptx_tws: init: APTX-Tws enabled in HW mode
01-11 16:59:48.069  1719  1719 I a2dp_codec: init: updated aptX-TWS codec priority to 7001
01-11 16:59:48.069  1719  2432 D bt_btif_a2dp_source: btif_a2dp_source_command_ready: event: 2 BTIF_MEDIA_AUDIO_TX_STOP
01-11 16:59:48.069  1719  1719 D a2dp_codec: createCodec: codec SBC SINK
01-11 16:59:48.069  1719  1719 D a2dp_codec: createCodec: codec UNKNOWN CODEC INDEX
01-11 16:59:48.069  1719  1719 D a2dp_codec: createCodec: codec UNKNOWN CODEC INDEX
01-11 16:59:48.069  1719  1719 I a2dp_codec: init: initialized Source codec aptX-adaptive
01-11 16:59:48.069  1719  1719 I a2dp_codec: init: initialized Source codec aptX-TWS
01-11 16:59:48.069  1719  1719 I a2dp_codec: init: initialized Source codec aptX-HD
01-11 16:59:48.069  1719  1719 I a2dp_codec: init: initialized Source codec aptX
01-11 16:59:48.069  1719  2432 E bt_stack: [ERROR:a2dp_encoding.cc(1343)] read: BluetoothAudio HAL is not enabled
01-11 16:59:48.069  1719  1719 I a2dp_codec: init: initialized Source codec LDAC
01-11 16:59:48.069  1719  1719 I a2dp_codec: init: initialized Source codec AAC
01-11 16:59:48.069  1719  1719 I a2dp_codec: init: initialized Source codec SBC
01-11 16:59:48.069  1719  1719 I a2dp_codec: init: initialized Sink codec SBC(Sink)
01-11 16:59:48.069  1719  1719 E bt_btif : btif_sm_get_state : Invalid handle
01-11 16:59:48.069  1719  1719 E bt_btif : btif_sm_get_state : Invalid handle
01-11 16:59:48.069  1719  2432 E bt_btif : Invalid cmd pending for ack
01-11 16:59:48.069  1719  1719 E bt_btif : btif_media_send_reset_vendor_state:
01-11 16:59:48.069  1719  1719 E bt_btif : btif_sm_get_state : Invalid handle
01-11 16:59:48.069  1719  1719 E bt_btif : btif_sm_get_state : Invalid handle
01-11 16:59:48.069  1719  1719 I btif_av : isBATEnabled: 0
01-11 16:59:48.069  1719  1719 E bt_btif : bta_av_co_get_active_peer: peer index out of bounds: 5
01-11 16:59:48.069  1719  1719 E bt_btif : btif_av_is_split_a2dp_enabled:  No active peer codec config found, by default splitmode
01-11 16:59:48.070  1719  2432 D bt_btif_a2dp_source: btif_a2dp_source_command_ready: event: 7 BTIF_MEDIA_RESET_VS_STATE
01-11 16:59:48.070  1719  1719 E bt_btif : btif_media_send_reset_vendor_state:
01-11 16:59:48.070  1719  1719 D bt_btif : btif_av_state_idle_handler: event:BTIF_SM_ENTER_EVT flags: 0 on index: 3, codec_cfg_change: 0
01-11 16:59:48.070  1719  1719 I btif_av : isBATEnabled: 0
01-11 16:59:48.070  1719  1719 E bt_btif : bta_av_co_get_active_peer: peer index out of bounds: 5
01-11 16:59:48.070  1719  1719 E bt_btif : btif_av_is_split_a2dp_enabled:  No active peer codec config found, by default splitmode
01-11 16:59:48.070  1719  2432 D bt_btif_a2dp_source: btif_a2dp_source_command_ready: event: 7 BTIF_MEDIA_RESET_VS_STATE
01-11 16:59:48.070  1719  1719 D a2dp_codec: init
01-11 16:59:48.070  2398  2398 I droid.deskcloc: The ClassLoaderContext is a special shared library.
01-11 16:59:48.070  1719  1719 D a2dp_codec: createCodec: codec SBC
01-11 16:59:48.070  1719  1719 D a2dp_sbc: A2dpCodecConfigSbc
01-11 16:59:48.070  1719  1719 D a2dp_sbc: init: SBC enabled in HW mode
01-11 16:59:48.070  1719  1719 I a2dp_codec: init: updated SBC codec priority to 1001
01-11 16:59:48.070  1719  1719 D a2dp_codec: createCodec: codec AAC
01-11 16:59:48.070  1719  2432 D bt_btif_a2dp_source: btif_a2dp_source_command_ready: event: 2 BTIF_MEDIA_AUDIO_TX_STOP
01-11 16:59:48.070  1719  1719 D a2dp_aac: init: AAC enabled in HW mode
01-11 16:59:48.070  1719  1719 I a2dp_codec: init: updated AAC codec priority to 2001
01-11 16:59:48.070  1719  1719 D a2dp_codec: createCodec: codec aptX
01-11 16:59:48.070  1719  1719 D a2dp_vendor_aptx: init: APTX enabled in HW mode
01-11 16:59:48.070  1719  1719 I a2dp_codec: init: updated aptX codec priority to 4001
01-11 16:59:48.070  1719  1719 D a2dp_codec: createCodec: codec aptX-HD
01-11 16:59:48.070  1719  2432 E bt_stack: [ERROR:a2dp_encoding.cc(1343)] read: BluetoothAudio HAL is not enabled
01-11 16:59:48.070  1719  1719 D a2dp_vendor_aptx_hd: init: APTX-HD enabled in HW mode
01-11 16:59:48.070  1719  1719 I a2dp_codec: init: updated aptX-HD codec priority to 5001
01-11 16:59:48.070  1719  1719 D a2dp_codec: createCodec: codec aptX-adaptive
01-11 16:59:48.070  1719  1719 D a2dp_vendor_aptx_adaptive: init: APTX-Adaptive enabled in HW mode
01-11 16:59:48.070  1719  1719 I a2dp_codec: init: updated aptX-adaptive codec priority to 8001
01-11 16:59:48.070  1719  1719 D a2dp_codec: createCodec: codec LDAC
01-11 16:59:48.070  1719  2432 E bt_btif : Invalid cmd pending for ack
01-11 16:59:48.070  1719  1719 D a2dp_vendor_ldac: init: LDAC enabled in HW mode
01-11 16:59:48.070  1719  1719 I a2dp_codec: init: updated LDAC codec priority to 3001
01-11 16:59:48.070  1719  1719 D a2dp_codec: createCodec: codec aptX-TWS
01-11 16:59:48.070  1719  1719 E a2dp_vendor_aptx_tws: init: APTX-Tws enabled in HW mode
01-11 16:59:48.070  1719  1719 I a2dp_codec: init: updated aptX-TWS codec priority to 7001
01-11 16:59:48.070  1719  2432 D bt_btif_a2dp_source: btif_a2dp_source_command_ready: event: 7 BTIF_MEDIA_RESET_VS_STATE
01-11 16:59:48.070  1719  1719 D a2dp_codec: createCodec: codec SBC SINK
01-11 16:59:48.070  1719  1719 D a2dp_codec: createCodec: codec UNKNOWN CODEC INDEX
01-11 16:59:48.070  1719  1719 D a2dp_codec: createCodec: codec UNKNOWN CODEC INDEX
01-11 16:59:48.070  1719  1719 D a2dp_codec: createCodec: codec UNKNOWN CODEC INDEX
01-11 16:59:48.070  1719  1719 I a2dp_codec: init: initialized Source codec aptX-adaptive
01-11 16:59:48.070  1719  1719 I a2dp_codec: init: initialized Source codec aptX-TWS
01-11 16:59:48.070  1719  1719 I a2dp_codec: init: initialized Source codec aptX-HD
01-11 16:59:48.070  1719  1719 I a2dp_codec: init: initialized Source codec aptX
01-11 16:59:48.070  1719  1719 I a2dp_codec: init: initialized Source codec LDAC
01-11 16:59:48.070  1719  1719 I a2dp_codec: init: initialized Source codec AAC
01-11 16:59:48.070  1719  1719 I a2dp_codec: init: initialized Source codec SBC
01-11 16:59:48.070  1719  1719 I a2dp_codec: init: initialized Sink codec SBC(Sink)
01-11 16:59:48.070  1719  1719 E bt_btif : btif_sm_get_state : Invalid handle
01-11 16:59:48.070  1719  1719 E bt_btif : btif_sm_get_state : Invalid handle
01-11 16:59:48.070  1719  1719 E bt_btif : btif_media_send_reset_vendor_state:
01-11 16:59:48.070  1719  1719 E bt_btif : btif_sm_get_state : Invalid handle
01-11 16:59:48.070  1719  1719 I btif_av : isBATEnabled: 0
01-11 16:59:48.070  1719  1719 E bt_btif : bta_av_co_get_active_peer: peer index out of bounds: 5
01-11 16:59:48.070  1719  1719 E bt_btif : btif_av_is_split_a2dp_enabled:  No active peer codec config found, by default splitmode
01-11 16:59:48.070  1719  1719 E bt_btif : btif_media_send_reset_vendor_state:
01-11 16:59:48.070  1719  1719 D bt_btif : btif_av_state_idle_handler: event:BTIF_SM_ENTER_EVT flags: 0 on index: 4, codec_cfg_change: 0
01-11 16:59:48.070  1719  1719 I btif_av : isBATEnabled: 0
01-11 16:59:48.070  1719  2432 D bt_btif_a2dp_source: btif_a2dp_source_command_ready: event: 7 BTIF_MEDIA_RESET_VS_STATE
01-11 16:59:48.070  1719  1719 E bt_btif : bta_av_co_get_active_peer: peer index out of bounds: 5
01-11 16:59:48.070  1719  1719 E bt_btif : btif_av_is_split_a2dp_enabled:  No active peer codec config found, by default splitmode
01-11 16:59:48.070  1719  1719 D a2dp_codec: init
01-11 16:59:48.070  1719  1719 D a2dp_codec: createCodec: codec SBC
01-11 16:59:48.070  1719  1719 D a2dp_sbc: A2dpCodecConfigSbc
01-11 16:59:48.070  1719  1719 D a2dp_sbc: init: SBC enabled in HW mode
01-11 16:59:48.070  1719  2432 D bt_btif_a2dp_source: btif_a2dp_source_command_ready: event: 2 BTIF_MEDIA_AUDIO_TX_STOP
01-11 16:59:48.070  1719  1719 I a2dp_codec: init: updated SBC codec priority to 1001
01-11 16:59:48.070  1719  1719 D a2dp_codec: createCodec: codec AAC
01-11 16:59:48.070  1719  1719 D a2dp_aac: init: AAC enabled in HW mode
01-11 16:59:48.070  1719  1719 I a2dp_codec: init: updated AAC codec priority to 2001
01-11 16:59:48.070  1719  1719 D a2dp_codec: createCodec: codec aptX
01-11 16:59:48.070  1719  1719 D a2dp_vendor_aptx: init: APTX enabled in HW mode
01-11 16:59:48.070  1719  2432 E bt_stack: [ERROR:a2dp_encoding.cc(1343)] read: BluetoothAudio HAL is not enabled
01-11 16:59:48.070  1719  1719 I a2dp_codec: init: updated aptX codec priority to 4001
01-11 16:59:48.070  1719  1719 D a2dp_codec: createCodec: codec aptX-HD
01-11 16:59:48.070  1719  1719 D a2dp_vendor_aptx_hd: init: APTX-HD enabled in HW mode
01-11 16:59:48.070  1719  1719 I a2dp_codec: init: updated aptX-HD codec priority to 5001
01-11 16:59:48.070  1719  1719 D a2dp_codec: createCodec: codec aptX-adaptive
01-11 16:59:48.070  1719  1719 D a2dp_vendor_aptx_adaptive: init: APTX-Adaptive enabled in HW mode
01-11 16:59:48.070  1719  1719 I a2dp_codec: init: updated aptX-adaptive codec priority to 8001
01-11 16:59:48.070  1719  2432 E bt_btif : Invalid cmd pending for ack
01-11 16:59:48.070  1719  1719 D a2dp_codec: createCodec: codec LDAC
01-11 16:59:48.070  1719  1719 D a2dp_vendor_ldac: init: LDAC enabled in HW mode
01-11 16:59:48.070  1719  1719 I a2dp_codec: init: updated LDAC codec priority to 3001
01-11 16:59:48.070  1719  1719 D a2dp_codec: createCodec: codec aptX-TWS
01-11 16:59:48.070  1719  1719 E a2dp_vendor_aptx_tws: init: APTX-Tws enabled in HW mode
01-11 16:59:48.070  1719  1719 I a2dp_codec: init: updated aptX-TWS codec priority to 7001
01-11 16:59:48.070  1719  1719 D a2dp_codec: createCodec: codec SBC SINK
