01-11 16:59:45.275   721   721 D ZygoteInitTiming_lazy: PreloadClasses took to complete: 328ms
01-11 16:59:45.281  1018  1018 D SystemServerTiming: StartWifi took to complete: 69ms
01-11 16:59:45.281  1018  1018 I SystemServer: StartWifiScanning
01-11 16:59:45.282  1018  1018 I SystemServiceManager: Starting com.android.server.wifi.scanner.WifiScanningService
01-11 16:59:45.283  1018  1018 D SystemServerTiming: StartWifiScanning took to complete: 1ms
01-11 16:59:45.283  1018  1018 I SystemServer: StartRttService
01-11 16:59:45.283  1018  1018 I SystemServiceManager: Starting com.android.server.wifi.rtt.RttService
01-11 16:59:45.284  1018  1018 D SystemServerTiming: StartRttService took to complete: 1ms
01-11 16:59:45.284  1018  1018 I SystemServer: StartWifiAware
01-11 16:59:45.285  1018  1018 I SystemServiceManager: Starting com.android.server.wifi.aware.WifiAwareService
01-11 16:59:45.285  1018  1018 D SystemServerTiming: StartWifiAware took to complete: 1ms
01-11 16:59:45.285  1018  1018 I SystemServer: StartWifiP2P
01-11 16:59:45.285  1018  1018 I SystemServiceManager: Starting com.android.server.wifi.p2p.WifiP2pService
01-11 16:59:45.288  1018  1018 D SystemServerTiming: StartWifiP2P took to complete: 3ms
01-11 16:59:45.288  1018  1018 I SystemServer: StartEthernet
01-11 16:59:45.288  1018  1018 I SystemServiceManager: Starting com.android.server.ethernet.EthernetService
01-11 16:59:45.288  1018  1018 D SystemServerTiming: StartEthernet took to complete: 1ms
01-11 16:59:45.288  1018  1018 I SystemServer: StartConnectivityService
01-11 16:59:45.291  1018  1018 D ConnectivityService: ConnectivityService starting up
01-11 16:59:45.291   721   721 D ZygoteInitTiming_lazy: CacheNonBootClasspathClassLoaders took to complete: 16ms
01-11 16:59:45.293  1018  1018 D ConnectivityService: wifiOnly=true
01-11 16:59:45.293  1018  1018 D ConnectivityService: networkAttributes - ignoring mobile as this dev is wifiOnly 0
01-11 16:59:45.293  1018  1018 D ConnectivityService: networkAttributes - ignoring mobile as this dev is wifiOnly 2
01-11 16:59:45.293  1018  1018 D ConnectivityService: networkAttributes - ignoring mobile as this dev is wifiOnly 3
01-11 16:59:45.293  1018  1018 D ConnectivityService: networkAttributes - ignoring mobile as this dev is wifiOnly 4
01-11 16:59:45.293  1018  1018 D ConnectivityService: networkAttributes - ignoring mobile as this dev is wifiOnly 5
01-11 16:59:45.293  1018  1018 D ConnectivityService: networkAttributes - ignoring mobile as this dev is wifiOnly 10
01-11 16:59:45.293  1018  1018 D ConnectivityService: networkAttributes - ignoring mobile as this dev is wifiOnly 11
01-11 16:59:45.293  1018  1018 D ConnectivityService: networkAttributes - ignoring mobile as this dev is wifiOnly 12
01-11 16:59:45.293  1018  1018 D ConnectivityService: networkAttributes - ignoring mobile as this dev is wifiOnly 15
01-11 16:59:45.293  1018  1018 E ConnectivityService: Ignoring protectedNetwork 10
01-11 16:59:45.293  1018  1018 E ConnectivityService: Ignoring protectedNetwork 11
01-11 16:59:45.294  1018  1018 E ConnectivityService: Ignoring protectedNetwork 12
01-11 16:59:45.294  1018  1018 E ConnectivityService: Ignoring protectedNetwork 14
01-11 16:59:45.294  1018  1018 E ConnectivityService: Ignoring protectedNetwork 15
01-11 16:59:45.299  1018  1159 I DropBoxManagerService: add tag=system_server_strictmode isTagEnabled=true flags=0x2
01-11 16:59:45.299  1018  1018 D SystemServerTiming: StartConnectivityService took to complete: 11ms
01-11 16:59:45.299  1018  1018 I SystemServer: StartNsdService
01-11 16:59:45.300  1018  1018 D NsdService: Network service discovery is enabled
01-11 16:59:45.303  1018  1018 D SystemServerTiming: StartNsdService took to complete: 3ms
01-11 16:59:45.303  1018  1018 I SystemServer: StartSystemUpdateManagerService
01-11 16:59:45.303  1018  1018 I SystemUpdateManagerService: No existing info file /data/system/system-update-info.xml
01-11 16:59:45.304  1018  1018 D SystemServerTiming: StartSystemUpdateManagerService took to complete: 1ms
01-11 16:59:45.304  1018  1018 I SystemServer: StartUpdateLockService
01-11 16:59:45.304  1018  1018 D SystemServerTiming: StartUpdateLockService took to complete: 1ms
01-11 16:59:45.305  1018  1018 I SystemServer: StartNotificationManager
01-11 16:59:45.305  1018  1018 I SystemServiceManager: Starting com.android.server.notification.NotificationManagerService
01-11 16:59:45.308  1018  1018 D ConditionProviders.SCP: new ScheduleConditionProvider()
01-11 16:59:45.311  1018  1018 I NotificationListeners: Read notification listener permissions from xml
01-11 16:59:45.312  1018  1018 I NotificationAssistants: Read notification assistant permissions from xml
01-11 16:59:45.312  1018  1018 I ConditionProviders: Read condition provider permissions from xml
01-11 16:59:45.312  1018  1018 I ConditionProviders: Read condition provider permissions from xml
01-11 16:59:45.312  1018  1018 D NotificationAssistants: Approving default notification assistant for user 0
01-11 16:59:45.312  1018  1018 I ConditionProviders:  Allowing condition provider android.ext.services/android.ext.services.notification.Assistant
01-11 16:59:45.312  1018  1018 D NotificationService: Set default NAS to be android.ext.services/android.ext.services.notification.Assistant in 0
01-11 16:59:45.315  1018  1018 D SystemServerTiming: StartNotificationManager took to complete: 10ms
01-11 16:59:45.315  1018  1018 I SystemServer: StartDeviceMonitor
01-11 16:59:45.315  1018  1018 I SystemServiceManager: Starting com.android.server.storage.DeviceStorageMonitorService
01-11 16:59:45.316  1018  1018 D SystemServerTiming: StartDeviceMonitor took to complete: 1ms
01-11 16:59:45.316  1018  1018 I SystemServer: StartLocationManagerService
01-11 16:59:45.317  1018  1018 D SystemServerTiming: StartLocationManagerService took to complete: 1ms
01-11 16:59:45.317  1018  1018 I SystemServer: StartCountryDetectorService
01-11 16:59:45.318  1018  1018 D SystemServerTiming: StartCountryDetectorService took to complete: 0ms
01-11 16:59:45.318  1018  1018 I SystemServer: StartTimeDetectorService
01-11 16:59:45.318  1018  1018 I SystemServiceManager: Starting com.android.server.timedetector.TimeDetectorService$Lifecycle
01-11 16:59:45.319  1018  1018 D SystemServerTiming: StartTimeDetectorService took to complete: 1ms
01-11 16:59:45.319  1018  1018 I SystemServer: StartSearchManagerService
01-11 16:59:45.319  1018  1018 I SystemServiceManager: Starting com.android.server.search.SearchManagerService$Lifecycle
01-11 16:59:45.319  1018  1018 D SystemServerTiming: StartSearchManagerService took to complete: 1ms
01-11 16:59:45.320  1018  1018 I SystemServer: StartWallpaperManagerService
01-11 16:59:45.320  1018  1018 I SystemServiceManager: Starting com.android.server.wallpaper.WallpaperManagerService$Lifecycle
01-11 16:59:45.321  1018  1018 D SystemServerTiming: StartWallpaperManagerService took to complete: 1ms
01-11 16:59:45.321  1018  1018 I SystemServer: StartAudioService
01-11 16:59:45.321  1018  1018 I SystemServiceManager: Starting com.android.server.audio.AudioService$Lifecycle
01-11 16:59:45.334  1018  1159 I DropBoxManagerService: add tag=system_server_strictmode isTagEnabled=true flags=0x2
01-11 16:59:45.369  1018  1159 I chatty  : uid=1000(system) android.io identical 1 line
01-11 16:59:45.395  1018  1159 I DropBoxManagerService: add tag=system_server_strictmode isTagEnabled=true flags=0x2
01-11 16:59:45.404  1018  1018 D SystemServerTiming: StartAudioService took to complete: 84ms
01-11 16:59:45.404  1018  1018 I SystemServer: StartDockObserver
01-11 16:59:45.404  1018  1018 I SystemServiceManager: Starting com.android.server.DockObserver
01-11 16:59:45.405  1018  1018 W DockObserver: This kernel does not have dock station support
01-11 16:59:45.405  1018  1018 D SystemServerTiming: StartDockObserver took to complete: 0ms
01-11 16:59:45.405  1018  1018 I SystemServer: StartWiredAccessoryManager
01-11 16:59:45.406  1018  1018 W WiredAccessoryManager: This kernel does not have usb audio support
01-11 16:59:45.406  1018  1018 W WiredAccessoryManager: This kernel does not have HDMI audio support
01-11 16:59:45.407  1018  1018 E WiredAccessoryManager: set dev_index 1
01-11 16:59:45.407  1018  1018 W WiredAccessoryManager: checkCableIndex no name match, skip 
01-11 16:59:45.407  1018  1018 W WiredAccessoryManager: checkCableIndex set cable 1
01-11 16:59:45.408  1018  1018 E WiredAccessoryManager: set dev_index 0
01-11 16:59:45.408  1018  1018 W WiredAccessoryManager: checkCableIndex no name match, skip 
01-11 16:59:45.409  1018  1018 W WiredAccessoryManager: checkCableIndex set cable 1
01-11 16:59:45.409  1018  1018 E WiredAccessoryManager: set dev_index 1
01-11 16:59:45.409  1018  1018 W WiredAccessoryManager: checkCableIndex set cable 0
01-11 16:59:45.410  1018  1018 E WiredAccessoryManager: set dev_index 0
01-11 16:59:45.410  1018  1018 W WiredAccessoryManager: checkCableIndex set cable 0
01-11 16:59:45.410  1018  1018 D SystemServerTiming: StartWiredAccessoryManager took to complete: 4ms
01-11 16:59:45.410  1018  1018 I SystemServer: StartMidiManager
01-11 16:59:45.410  1018  1018 I SystemServiceManager: Starting com.android.server.midi.MidiService$Lifecycle
01-11 16:59:45.411  1018  1018 D SystemServerTiming: StartMidiManager took to complete: 1ms
01-11 16:59:45.411  1018  1018 I SystemServer: StartAdbService
01-11 16:59:45.411  1018  1018 I SystemServiceManager: Starting com.android.server.adb.AdbService$Lifecycle
01-11 16:59:45.412  1018  1018 D SystemServerTiming: StartAdbService took to complete: 0ms
01-11 16:59:45.412  1018  1018 I SystemServer: StartUsbService
01-11 16:59:45.412  1018  1018 I SystemServiceManager: Starting com.android.server.usb.UsbService$Lifecycle
01-11 16:59:45.413  1018  1018 E UsbDeviceManager: failed to write to /sys/class/android_usb/android0/f_rndis/ethaddr
01-11 16:59:45.414   721   721 D ZygoteInitTiming_lazy: PreloadResources took to complete: 123ms
01-11 16:59:45.415  1018  1018 I UsbDeviceManager: USB GADGET HAL not present in the device
01-11 16:59:45.415  1018  1018 I UsbDeviceManager: java.util.NoSuchElementException
01-11 16:59:45.415  1018  1018 I UsbDeviceManager: 	at android.os.HwBinder.getService(Native Method)
01-11 16:59:45.415  1018  1018 I UsbDeviceManager: 	at android.hardware.usb.gadget.V1_0.IUsbGadget.getService(IUsbGadget.java:55)
01-11 16:59:45.415  1018  1018 I UsbDeviceManager: 	at android.hardware.usb.gadget.V1_0.IUsbGadget.getService(IUsbGadget.java:62)
01-11 16:59:45.415  1018  1018 I UsbDeviceManager: 	at com.android.server.usb.UsbDeviceManager.<init>(UsbDeviceManager.java:264)
01-11 16:59:45.415  1018  1018 I UsbDeviceManager: 	at com.android.server.usb.UsbService.<init>(UsbService.java:150)
01-11 16:59:45.415  1018  1018 I UsbDeviceManager: 	at com.android.server.usb.UsbService$Lifecycle.onStart(UsbService.java:84)
01-11 16:59:45.415  1018  1018 I UsbDeviceManager: 	at com.android.server.SystemServiceManager.startService(SystemServiceManager.java:130)
01-11 16:59:45.415  1018  1018 I UsbDeviceManager: 	at com.android.server.SystemServiceManager.startService(SystemServiceManager.java:117)
01-11 16:59:45.415  1018  1018 I UsbDeviceManager: 	at com.android.server.SystemServiceManager.startService(SystemServiceManager.java:76)
01-11 16:59:45.415  1018  1018 I UsbDeviceManager: 	at com.android.server.SystemServer.startOtherServices(SystemServer.java:1582)
01-11 16:59:45.415  1018  1018 I UsbDeviceManager: 	at com.android.server.SystemServer.run(SystemServer.java:517)
01-11 16:59:45.415  1018  1018 I UsbDeviceManager: 	at com.android.server.SystemServer.main(SystemServer.java:354)
01-11 16:59:45.415  1018  1018 I UsbDeviceManager: 	at java.lang.reflect.Method.invoke(Native Method)
01-11 16:59:45.415  1018  1018 I UsbDeviceManager: 	at com.android.internal.os.RuntimeInit$MethodAndArgsCaller.run(RuntimeInit.java:492)
01-11 16:59:45.415  1018  1018 I UsbDeviceManager: 	at com.android.internal.os.ZygoteInit.main(ZygoteInit.java:913)
01-11 16:59:45.415  1018  1018 E UsbDeviceManager: Failed to open control for mtp
01-11 16:59:45.415  1018  1018 E UsbDeviceManager: Failed to open control for ptp
01-11 16:59:45.419  1018  1018 W StorageManagerService: No primary storage defined yet; hacking together a stub
01-11 16:59:45.419  1018  1159 I DropBoxManagerService: add tag=system_server_strictmode isTagEnabled=true flags=0x2
01-11 16:59:45.422  1018  1168 I UsbPortManager: Usb hal service started android.hardware.usb@1.0::IUsb default
01-11 16:59:45.425  1018  1018 D SystemServerTiming: StartUsbService took to complete: 12ms
01-11 16:59:45.425  1018  1018 I SystemServer: StartSerialService
01-11 16:59:45.425  1018  1018 D SystemServerTiming: StartSerialService took to complete: 1ms
01-11 16:59:45.425  1018  1018 I SystemServer: StartHardwarePropertiesManagerService
01-11 16:59:45.427  1018  1018 D SystemServerTiming: StartHardwarePropertiesManagerService took to complete: 1ms
01-11 16:59:45.427  1018  1018 I SystemServer: StartTwilightService
01-11 16:59:45.427  1018  1018 I SystemServiceManager: Starting com.android.server.twilight.TwilightService
01-11 16:59:45.427  1018  1018 D SystemServerTiming: StartTwilightService took to complete: 0ms
01-11 16:59:45.427  1018  1018 I SystemServer: StartColorDisplay
01-11 16:59:45.427  1018  1018 I SystemServiceManager: Starting com.android.server.display.color.ColorDisplayService
01-11 16:59:45.428  1018  1018 D SystemServerTiming: StartColorDisplay took to complete: 0ms
01-11 16:59:45.428  1018  1018 I SystemServer: StartJobScheduler
01-11 16:59:45.428  1018  1018 I SystemServiceManager: Starting com.android.server.job.JobSchedulerService
01-11 16:59:45.430  1018  1018 D JobStore: Start tag: job-info
01-11 16:59:45.430  1018  1018 I JobStore: Read 4 jobs
01-11 16:59:45.433  1018  1018 W JobScheduler: !!! RTC not yet good; tracking time updates for job scheduling
01-11 16:59:45.434  1018  1018 D SystemServerTiming: StartJobScheduler took to complete: 6ms
01-11 16:59:45.434  1018  1018 I SystemServer: StartSoundTrigger
01-11 16:59:45.434  1018  1018 I SystemServiceManager: Starting com.android.server.soundtrigger.SoundTriggerService
01-11 16:59:45.435  1018  1018 D SystemServerTiming: StartSoundTrigger took to complete: 1ms
01-11 16:59:45.435  1018  1018 I SystemServer: StartTrustManager
01-11 16:59:45.435  1018  1018 I SystemServiceManager: Starting com.android.server.trust.TrustManagerService
01-11 16:59:45.436  1018  1018 D SystemServerTiming: StartTrustManager took to complete: 1ms
01-11 16:59:45.436  1018  1018 I SystemServer: StartBackupManager
01-11 16:59:45.436  1018  1018 I SystemServiceManager: Starting com.android.server.backup.BackupManagerService$Lifecycle
01-11 16:59:45.437  1018  1018 D SystemServerTiming: StartBackupManager took to complete: 2ms
01-11 16:59:45.438  1018  1018 I SystemServer: StartAppWidgetService
01-11 16:59:45.438  1018  1018 I SystemServiceManager: Starting com.android.server.appwidget.AppWidgetService
01-11 16:59:45.439  1018  1018 D SystemServerTiming: StartAppWidgetService took to complete: 1ms
01-11 16:59:45.439  1018  1018 I SystemServer: StartRoleManagerService
01-11 16:59:45.440  1018  1018 D SystemServerTiming: StartRoleManagerService took to complete: 0ms
01-11 16:59:45.440  1018  1018 I SystemServer: StartVoiceRecognitionManager
01-11 16:59:45.440  1018  1018 I SystemServiceManager: Starting com.android.server.voiceinteraction.VoiceInteractionManagerService
01-11 16:59:45.442  1018  1018 I RoleUserState: Read roles.xml successfully
01-11 16:59:45.443  1018  1018 D SystemServerTiming: StartVoiceRecognitionManager took to complete: 4ms
01-11 16:59:45.443  1018  1018 I SystemServer: StartGestureLauncher
01-11 16:59:45.443  1018  1018 I SystemServiceManager: Starting com.android.server.GestureLauncherService
01-11 16:59:45.443  1018  1018 D SystemServerTiming: StartGestureLauncher took to complete: 0ms
01-11 16:59:45.443  1018  1018 I SystemServer: StartSensorNotification
01-11 16:59:45.444  1018  1018 I SystemServiceManager: Starting com.android.server.SensorNotificationService
01-11 16:59:45.444  1018  1018 D SystemServerTiming: StartSensorNotification took to complete: 0ms
01-11 16:59:45.444  1018  1018 I SystemServer: StartContextHubSystemService
01-11 16:59:45.444  1018  1018 I SystemServiceManager: Starting com.android.server.ContextHubSystemService
01-11 16:59:45.444  1018  1018 D SystemServerTiming: StartContextHubSystemService took to complete: 0ms
01-11 16:59:45.444  1018  1167 D SystemServerInitThreadPool: Started executing Init ContextHubSystemService
01-11 16:59:45.444  1018  1018 I SystemServer: StartDiskStatsService
01-11 16:59:45.445  1018  1167 D SystemServerInitThreadPool: Finished executing Init ContextHubSystemService
01-11 16:59:45.445  1018  1018 D SystemServerTiming: StartDiskStatsService took to complete: 2ms
01-11 16:59:45.445  1018  1018 I SystemServer: RuntimeService
01-11 16:59:45.446  1018  1018 D SystemServerTiming: RuntimeService took to complete: 0ms
01-11 16:59:45.446  1018  1018 I SystemServer: StartNetworkTimeUpdateService
01-11 16:59:45.446  1018  1018 D SystemServer: Using networkTimeUpdater class=class com.android.server.NewNetworkTimeUpdateService
01-11 16:59:45.447  1018  1018 D SystemServerTiming: StartNetworkTimeUpdateService took to complete: 1ms
01-11 16:59:45.447  1018  1018 I SystemServer: CertBlacklister
01-11 16:59:45.447  1018  1018 D SystemServerTiming: CertBlacklister took to complete: 1ms
01-11 16:59:45.447  1018  1018 I SystemServer: StartEmergencyAffordanceService
01-11 16:59:45.447  1018  1018 I SystemServiceManager: Starting com.android.server.emergency.EmergencyAffordanceService
01-11 16:59:45.447  1018  1018 D SystemServerTiming: StartEmergencyAffordanceService took to complete: 0ms
01-11 16:59:45.447  1018  1018 I SystemServer: StartDreamManager
01-11 16:59:45.448  1018  1018 I SystemServiceManager: Starting com.android.server.dreams.DreamManagerService
01-11 16:59:45.448  1018  1018 D SystemServerTiming: StartDreamManager took to complete: 0ms
01-11 16:59:45.448  1018  1018 I SystemServer: AddGraphicsStatsService
01-11 16:59:45.450  1018  1018 D SystemServerTiming: AddGraphicsStatsService took to complete: 2ms
01-11 16:59:45.450  1018  1018 I SystemServer: StartPrintManager
01-11 16:59:45.450  1018  1018 I SystemServiceManager: Starting com.android.server.print.PrintManagerService
01-11 16:59:45.451  1018  1018 D SystemServerTiming: StartPrintManager took to complete: 1ms
01-11 16:59:45.451  1018  1018 I SystemServer: StartCompanionDeviceManager
01-11 16:59:45.451  1018  1018 I SystemServiceManager: Starting com.android.server.companion.CompanionDeviceManagerService
01-11 16:59:45.452  1018  1018 D SystemServerTiming: StartCompanionDeviceManager took to complete: 1ms
01-11 16:59:45.452  1018  1018 I SystemServer: StartRestrictionManager
01-11 16:59:45.452  1018  1018 I SystemServiceManager: Starting com.android.server.restrictions.RestrictionsManagerService
01-11 16:59:45.453  1018  1018 D SystemServerTiming: StartRestrictionManager took to complete: 1ms
01-11 16:59:45.453  1018  1018 I SystemServer: StartMediaSessionService
01-11 16:59:45.453  1018  1018 I SystemServiceManager: Starting com.android.server.media.MediaSessionService
01-11 16:59:45.457  1018  1018 D SystemServerTiming: StartMediaSessionService took to complete: 4ms
01-11 16:59:45.457  1018  1018 I SystemServer: StartHdmiControlService
01-11 16:59:45.457  1018  1018 I SystemServiceManager: Starting com.android.server.hdmi.HdmiControlService
01-11 16:59:45.462  1018  1018 I HdmiControlService: Device does not support MHL-control.
01-11 16:59:45.463  1018  1694 W HDMI    : [1]:Failed to send a polling message(4->4) with return code -25
01-11 16:59:45.464  1018  1018 D SystemServerTiming: StartHdmiControlService took to complete: 8ms
01-11 16:59:45.465  1018  1018 I SystemServer: StartMediaResourceMonitor
01-11 16:59:45.465  1018  1018 I SystemServiceManager: Starting com.android.server.media.MediaResourceMonitorService
01-11 16:59:45.465  1018  1018 D SystemServerTiming: StartMediaResourceMonitor took to complete: 0ms
01-11 16:59:45.465  1018  1018 I SystemServer: StartMediaRouterService
01-11 16:59:45.466  1018  1018 D SystemServerTiming: StartMediaRouterService took to complete: 1ms
01-11 16:59:45.466  1018  1018 I SystemServer: StartFaceSensor
01-11 16:59:45.466  1018  1018 I SystemServiceManager: Starting com.android.server.biometrics.face.FaceService
01-11 16:59:45.467  1018  1018 D SystemServerTiming: StartFaceSensor took to complete: 2ms
01-11 16:59:45.467  1018  1614 D SystemServerInitThreadPool: Started executing FaceService.onStart
01-11 16:59:45.467  1018  1018 I SystemServer: StartFingerprintSensor
01-11 16:59:45.468  1018  1018 I SystemServiceManager: Starting com.android.server.biometrics.fingerprint.FingerprintService
01-11 16:59:45.468  1018  1614 D SystemServerInitThreadPool: Finished executing FaceService.onStart
01-11 16:59:45.469  1018  1018 D SystemServerTiming: StartFingerprintSensor took to complete: 1ms
01-11 16:59:45.469  1018  1623 D SystemServerInitThreadPool: Started executing FingerprintService.onStart
01-11 16:59:45.469  1018  1018 I SystemServer: StartBiometricService
01-11 16:59:45.469  1018  1623 V FingerprintService: mDaemon was null, reconnect to fingerprint
01-11 16:59:45.469  1018  1018 I SystemServiceManager: Starting com.android.server.biometrics.BiometricService
01-11 16:59:45.470  1018  1623 V FingerprintService: Fingerprint HAL id: 5326416
01-11 16:59:45.471  1018  1018 D SystemServerTiming: StartBiometricService took to complete: 2ms
01-11 16:59:45.471  1018  1018 I SystemServer: StartBackgroundDexOptService
01-11 16:59:45.471  1018  1018 D SystemServerTiming: StartBackgroundDexOptService took to complete: 1ms
01-11 16:59:45.471  1018  1018 I SystemServer: StartDynamicCodeLoggingService
01-11 16:59:45.472  1018  1018 D SystemServerTiming: StartDynamicCodeLoggingService took to complete: 0ms
01-11 16:59:45.472  1018  1018 I SystemServer: StartPruneInstantAppsJobService
01-11 16:59:45.472  1018  1018 D SystemServerTiming: StartPruneInstantAppsJobService took to complete: 0ms
01-11 16:59:45.472  1018  1018 I SystemServer: StartShortcutServiceLifecycle
01-11 16:59:45.472  1018  1018 I SystemServiceManager: Starting com.android.server.pm.ShortcutService$Lifecycle
01-11 16:59:45.473  1018  1623 V FingerprintService: Enumerating user(0)
01-11 16:59:45.473  1018  1623 D SystemServerInitThreadPool: Finished executing FingerprintService.onStart
01-11 16:59:45.474  1018  1018 D SystemServerTiming: StartShortcutServiceLifecycle took to complete: 1ms
01-11 16:59:45.474  1018  1018 I SystemServer: StartLauncherAppsService
01-11 16:59:45.474  1018  1018 I SystemServiceManager: Starting com.android.server.pm.LauncherAppsService
01-11 16:59:45.474  1018  1018 D SystemServerTiming: StartLauncherAppsService took to complete: 1ms
01-11 16:59:45.474  1018  1018 I SystemServer: StartCrossProfileAppsService
01-11 16:59:45.475  1018  1018 I SystemServiceManager: Starting com.android.server.pm.CrossProfileAppsService
01-11 16:59:45.475  1018  1018 D SystemServerTiming: StartCrossProfileAppsService took to complete: 0ms
01-11 16:59:45.475  1018  1018 I SystemServer: StartMediaProjectionManager
01-11 16:59:45.475  1018  1018 I SystemServiceManager: Starting com.android.server.media.projection.MediaProjectionManagerService
01-11 16:59:45.477  1018  1018 D SystemServerTiming: StartMediaProjectionManager took to complete: 3ms
01-11 16:59:45.477  1018  1018 I SystemServer: StartSliceManagerService
01-11 16:59:45.477  1018  1018 I SystemServiceManager: Starting com.android.server.slice.SliceManagerService$Lifecycle
01-11 16:59:45.479  1018  1018 D SystemServerTiming: StartSliceManagerService took to complete: 1ms
01-11 16:59:45.479  1018  1018 I SystemServer: StartCameraServiceProxy
01-11 16:59:45.479  1018  1018 I SystemServiceManager: Starting com.android.server.camera.CameraServiceProxy
01-11 16:59:45.480  1018  1018 D SystemServerTiming: StartCameraServiceProxy took to complete: 1ms
01-11 16:59:45.480  1018  1018 I SystemServer: StartStatsCompanionService
01-11 16:59:45.480  1018  1018 I SystemServiceManager: Starting com.android.server.stats.StatsCompanionService$Lifecycle
01-11 16:59:45.481  1018  1018 I StatsCompanionService: register thermal listener successfully
01-11 16:59:45.483  1018  1018 D SystemServerTiming: StartStatsCompanionService took to complete: 2ms
01-11 16:59:45.483  1018  1018 I SystemServer: StartIncidentCompanionService
01-11 16:59:45.483  1018  1018 I SystemServiceManager: Starting com.android.server.incident.IncidentCompanionService
01-11 16:59:45.484  1018  1018 D SystemServerTiming: StartIncidentCompanionService took to complete: 1ms
01-11 16:59:45.484  1018  1018 I SystemServer: StartMmsService
01-11 16:59:45.484  1018  1018 I SystemServiceManager: Starting com.android.server.MmsServiceBroker
01-11 16:59:45.484  1018  1018 D SystemServerTiming: StartMmsService took to complete: 0ms
01-11 16:59:45.484  1018  1018 I SystemServer: StartAutoFillService
01-11 16:59:45.484  1018  1018 I SystemServiceManager: Starting com.android.server.autofill.AutofillManagerService
01-11 16:59:45.485  1018  1018 D AutofillManagerService: setLogLevelFromSettings(): level=2, debug=true, verbose=false
01-11 16:59:45.485  1018  1018 D AutofillManagerService: setMaxPartitionsFromSettings(): 10
01-11 16:59:45.485  1018  1018 D AutofillManagerService: setMaxVisibleDatasetsFromSettings(): 0
01-11 16:59:45.486  1018  1155 D AutofillUI: destroySaveUiUiThread(): already destroyed
01-11 16:59:45.486  1018  1018 D AutofillManagerServiceImpl: Reset component for user 0:
01-11 16:59:45.486  1018  1018 D SystemServerTiming: StartAutoFillService took to complete: 1ms
01-11 16:59:45.486  1018  1018 I SystemServer: StartClipboardService
01-11 16:59:45.486  1018  1018 I SystemServiceManager: Starting com.android.server.clipboard.ClipboardService
01-11 16:59:45.487  1018  1018 D SystemServerTiming: StartClipboardService took to complete: 0ms
01-11 16:59:45.487  1018  1018 I SystemServer: AppServiceManager
01-11 16:59:45.487  1018  1018 I SystemServiceManager: Starting com.android.server.appbinding.AppBindingService$Lifecycle
01-11 16:59:45.488  1018  1018 D SystemServerTiming: AppServiceManager took to complete: 0ms
01-11 16:59:45.488  1018  1018 I SystemServer: MakeVibratorServiceReady
01-11 16:59:45.489  1018  1018 D SystemServerTiming: MakeVibratorServiceReady took to complete: 1ms
01-11 16:59:45.489  1018  1018 I SystemServer: MakeLockSettingsServiceReady
01-11 16:59:45.499  1018  1018 I SyntheticPasswordManager: Device does not support weaver
01-11 16:59:45.500  1018  1018 I LockSettingsService: Device doesn't implement AuthSecret HAL
01-11 16:59:45.501  1018  1018 E LockSettingsStorage: Cannot read file java.io.FileNotFoundException: /data/system/gatekeeper.password.key: open failed: ENOENT (No such file or directory)
01-11 16:59:45.501  1018  1018 E LockSettingsStorage: Cannot read file java.io.FileNotFoundException: /data/system/password.key: open failed: ENOENT (No such file or directory)
01-11 16:59:45.501  1018  1018 E LockSettingsStorage: Cannot read file java.io.FileNotFoundException: /data/system/gatekeeper.pattern.key: open failed: ENOENT (No such file or directory)
01-11 16:59:45.501  1018  1018 E LockSettingsStorage: Cannot read file java.io.FileNotFoundException: /data/system/gatekeeper.gesture.key: open failed: ENOENT (No such file or directory)
01-11 16:59:45.501  1018  1018 E LockSettingsStorage: Cannot read file java.io.FileNotFoundException: /data/system/gesture.key: open failed: ENOENT (No such file or directory)
01-11 16:59:45.501  1018  1018 D SystemServerTiming: MakeLockSettingsServiceReady took to complete: 13ms
01-11 16:59:45.501  1018  1018 I SystemServer: StartBootPhaseLockSettingsReady
01-11 16:59:45.502  1018  1018 I SystemServiceManager: Starting phase 480
01-11 16:59:45.512  1018  1018 I DevicePolicyManager: Set ro.device_owner property to false
01-11 16:59:45.513  1018  1636 D SystemServerInitThreadPool: Started executing DevicePolicyManager
01-11 16:59:45.514  1018  1636 D SystemServerInitThreadPool: Finished executing DevicePolicyManager
01-11 16:59:45.515  1018  1018 D SystemServerTiming: StartBootPhaseLockSettingsReady took to complete: 13ms
01-11 16:59:45.515  1018  1018 I SystemServer: StartBootPhaseSystemServicesReady
01-11 16:59:45.515  1018  1018 I SystemServiceManager: Starting phase 500
01-11 16:59:45.516  1018  1018 D AppStandbyController: Setting app idle enabled state
01-11 16:59:45.522  1018  1018 D TestHarnessModeService: Setting up test harness mode
01-11 16:59:45.522  1018  1018 D TestHarnessModeService: Getting PersistentDataBlockManagerInternal from LocalServices
01-11 16:59:45.523  1018  1621 D SystemServerTimingAsync: SecondaryZygotePreload took to complete: 594ms
01-11 16:59:45.524  1018  1621 D SystemServerInitThreadPool: Finished executing SecondaryZygotePreload
01-11 16:59:45.531  1018  1018 I WifiService: WifiService starting up with Wi-Fi disabled
01-11 16:59:45.542  1018  1673 D ConnectivityService: Got NetworkFactory Messenger for WIFI_AWARE_FACTORY
01-11 16:59:45.546  1018  1673 D ConnectivityService: Got NetworkFactory Messenger for Ethernet
01-11 16:59:45.552  1018  1018 I DropBoxManagerService: add tag=system_server_wtf isTagEnabled=true flags=0x2
01-11 16:59:45.570  1018  1018 D SystemServerTiming: StartBootPhaseSystemServicesReady took to complete: 56ms
01-11 16:59:45.570  1018  1018 I SystemServer: MakeWindowManagerServiceReady
01-11 16:59:45.590  1018  1604 D SystemServerTimingAsync: AppDataPrepare took to complete: 486ms
01-11 16:59:45.590  1018  1604 I PackageManager: Deferred reconcileAppsData finished 174 packages
01-11 16:59:45.590  1018  1604 D SystemServerInitThreadPool: Finished executing prepareAppData
01-11 16:59:45.592  1018  1018 D SystemServerTiming: MakeWindowManagerServiceReady took to complete: 21ms
01-11 16:59:45.592  1018  1018 I SystemServer: MakePowerManagerServiceReady
01-11 16:59:45.595  1018  1018 E DisplayPowerController: failed to set up display white-balance: java.lang.IllegalStateException: cannot find light sensor
01-11 16:59:45.598  1018  1018 D SystemServerTiming: MakePowerManagerServiceReady took to complete: 5ms
01-11 16:59:45.598  1018  1018 I SystemServer: StartPermissionPolicyService
01-11 16:59:45.598  1018  1018 I SystemServiceManager: Starting com.android.server.policy.PermissionPolicyService
01-11 16:59:45.599  1018  1018 D SystemServerTiming: StartPermissionPolicyService took to complete: 1ms
01-11 16:59:45.599  1018  1018 I SystemServer: MakePackageManagerServiceReady
01-11 16:59:45.600  1018  1018 I PackageManager: Un-granting permission android.permission.HIDE_NON_SYSTEM_OVERLAY_WINDOWS from package com.android.companiondevicemanager (protectionLevel=258 flags=0x30c83e45)
01-11 16:59:45.600  1018  1018 I PackageManager: Un-granting permission android.permission.GLOBAL_SEARCH from package com.android.quicksearchbox (protectionLevel=18 flags=0x3088be45)
01-11 16:59:45.602  1018  1018 I PackageManager: Un-granting permission android.permission.MANAGE_DOCUMENTS from package com.android.mms (protectionLevel=262146 flags=0x28c9be65)
01-11 16:59:45.606  1018  1018 I PackageManager: Un-granting permission android.permission.INTERACT_ACROSS_USERS_FULL from package org.codeaurora.snapcam (protectionLevel=258 flags=0x20d8bc45)
01-11 16:59:45.606  1018  1018 I PackageManager: Un-granting permission android.permission.SET_ORIENTATION from package org.codeaurora.snapcam (protectionLevel=2 flags=0x20d8bc45)
01-11 16:59:45.611  1018  1216 W KeyguardServiceDelegate: onScreenTurningOn(): no keyguard service!
01-11 16:59:45.611  1018  1216 V DisplayPowerController: Brightness [102] reason changing to: 'override', previous reason: '0'.
01-11 16:59:45.612  1018  1181 E KernelCpuSpeedReader: Failed to read cpu-freq: /sys/devices/system/cpu/cpu0/cpufreq/stats/time_in_state: open failed: ENOENT (No such file or directory)
01-11 16:59:45.612  1018  1181 E KernelCpuSpeedReader: Failed to read cpu-freq: /sys/devices/system/cpu/cpu4/cpufreq/stats/time_in_state: open failed: ENOENT (No such file or directory)
01-11 16:59:45.612  1018  1018 V UserDataPreparer: Found /data/user_de/0 with serial number 0
01-11 16:59:45.612  1018  1018 V UserDataPreparer: Found /data/user/0 with serial number 0
01-11 16:59:45.612  1018  1018 V UserDataPreparer: Found /data/system_de/0 with serial number 0
01-11 16:59:45.613  1018  1018 V UserDataPreparer: Found /data/system_ce/0 with serial number 0
01-11 16:59:45.613  1018  1018 V UserDataPreparer: Found /data/misc_ce/0 with serial number 0
01-11 16:59:45.614  1018  1018 D SystemServerTiming: MakePackageManagerServiceReady took to complete: 16ms
01-11 16:59:45.614  1018  1018 I SystemServer: MakeDisplayManagerServiceReady
01-11 16:59:45.615  1018  1161 E DisplayModeDirector: Asked about unknown display, returning empty allowed set! (id=0)
01-11 16:59:45.615  1018  1161 E DisplayModeDirector: Asked about unknown display, returning empty allowed set! (id=0)
01-11 16:59:45.616  1018  1018 D SystemServerTiming: MakeDisplayManagerServiceReady took to complete: 1ms
01-11 16:59:45.616  1018  1018 I SystemServer: StartDeviceSpecificServices
01-11 16:59:45.616  1018  1018 D SystemServerTiming: StartDeviceSpecificServices took to complete: 1ms
01-11 16:59:45.616  1018  1018 I SystemServer: StartBootPhaseDeviceSpecificServicesReady
01-11 16:59:45.616  1018  1018 I SystemServiceManager: Starting phase 520
01-11 16:59:45.617  1018  1018 D SystemServerTiming: StartBootPhaseDeviceSpecificServicesReady took to complete: 0ms
01-11 16:59:45.617  1018  1018 W UsageStatsService: Event reported without a package name, eventType:15
01-11 16:59:45.617  1018  1018 I AppOps  : Pruning old package system/com.android.server.appop.AppOpsService$UidState@80e42ce: new uid=-1
01-11 16:59:45.618  1018  1018 I ActivityManager: System now ready
01-11 16:59:45.625  1018  1018 I SystemServer: Making services ready
01-11 16:59:45.625  1018  1018 I SystemServer: StartActivityManagerReadyPhase
01-11 16:59:45.625  1018  1018 I SystemServiceManager: Starting phase 550
01-11 16:59:45.626  1018  1018 E ThermalHalWrapper: Thermal HAL 2.0 service not connected.
01-11 16:59:45.626  1018  1018 E ThermalHalWrapper: Thermal HAL 1.1 service not connected.
01-11 16:59:45.627  1018  1018 I ThermalHalWrapper: Thermal HAL 1.0 service connected, no thermal call back will be called due to legacy API.
01-11 16:59:45.676  1018  1018 W SystemServiceManager: Service com.android.server.power.ThermalManagerService took 51 ms in onBootPhase
01-11 16:59:45.678  1018  1018 W ActivityManager: Too early to start/bind service in system_server: Phase=550 ComponentInfo{com.android.server.telecom/com.android.server.telecom.components.TelecomService}
01-11 16:59:45.679  1018  1018 W ActivityManager: Too early to start/bind service in system_server: Phase=550 ComponentInfo{com.android.server.telecom/com.android.server.telecom.components.TelecomService}
01-11 16:59:45.680  1018  1018 I SyncManager: No initial accounts
01-11 16:59:45.684  1018  1018 D BluetoothManagerService: Bluetooth boot completed
01-11 16:59:45.684  1018  1018 D BluetoothManagerService: Auto-enabling Bluetooth.
01-11 16:59:45.685  1018  1159 D BluetoothManagerService: MESSAGE_ENABLE(0): mBluetooth = null
01-11 16:59:45.700  1018  1644 D StorageManagerService: Isolated storage local flag 0 and remote flag 0 resolved to true
01-11 16:59:45.702  1018  1018 I WallpaperManagerService: No static wallpaper imagery; defaults will be shown
01-11 16:59:45.702  1018  1018 V WallpaperManagerService: bindWallpaperComponentLocked: componentName=ComponentInfo{com.android.systemui/com.android.systemui.ImageWallpaper}
01-11 16:59:45.705  1018  1018 W WallpaperManagerService: Invalid wallpaper data
01-11 16:59:45.705  1018  1018 E WallpaperManagerService: Unable to apply new wallpaper
01-11 16:59:45.706  1018  1018 I AppBindingService: Updating constants with: null
01-11 16:59:45.707  1018  1168 I UsbPortManager: ClientCallback V1_1: port0
01-11 16:59:45.708  1018  1148 I UsbPortManager: USB port added: port=UsbPort{id=port0, supportedModes=dualsupportedContaminantProtectionModes=0supportsEnableContaminantPresenceProtection=falsesupportsEnableContaminantPresenceDetection=false, status=UsbPortStatus{connected=true, currentMode=ufp, currentPowerRole=sink, currentDataRole=device, supportedRoleCombinations=[source:host, source:device, sink:host, sink:device], contaminantDetectionStatus=0, contaminantProtectionStatus=0}, canChangeMode=true, canChangePowerRole=true, canChangeDataRole=true, connectedAtMillis=34773, lastConnectDurationMillis=0
01-11 16:59:45.708  1018  1683 W BluetoothManagerService: bindBluetoothProfileService:Trying to bind to profile: 1, while Bluetooth is disabled
01-11 16:59:45.708  1018  1159 D BluetoothManagerService: MESSAGE_REGISTER_ADAPTER
01-11 16:59:45.712  1018  1712 D UsbHostManager: USB device attached: vidpid 046d:c52b mfg/product/ver/serial Logitech/USB Receiver/12.01/null hasAudio/HID/Storage: false/true/false
01-11 16:59:45.717  1018  1712 D UsbHostManager: Added device UsbDevice[mName=/dev/bus/usb/001/002,mVendorId=1133,mProductId=50475,mClass=0,mSubclass=0,mProtocol=0,mManufacturerName=Logitech,mProductName=USB Receiver,mVersion=12.01,mSerialNumberReader=com.android.server.usb.UsbSerialReader@a2354c8,mConfigurations=[
01-11 16:59:45.717  1018  1712 D UsbHostManager: UsbConfiguration[mId=1,mName=RQR12.01_B0019,mAttributes=160,mMaxPower=49,mInterfaces=[
01-11 16:59:45.717  1018  1712 D UsbHostManager: UsbInterface[mId=0,mAlternateSetting=0,mName=null,mClass=3,mSubclass=1,mProtocol=1,mEndpoints=[
01-11 16:59:45.717  1018  1712 D UsbHostManager: UsbEndpoint[mAddress=129,mAttributes=3,mMaxPacketSize=8,mInterval=8]]
01-11 16:59:45.717  1018  1712 D UsbHostManager: UsbInterface[mId=1,mAlternateSetting=0,mName=null,mClass=3,mSubclass=1,mProtocol=2,mEndpoints=[
01-11 16:59:45.717  1018  1712 D UsbHostManager: UsbEndpoint[mAddress=130,mAttributes=3,mMaxPacketSize=8,mInterval=2]]
01-11 16:59:45.717  1018  1712 D UsbHostManager: UsbInterface[mId=2,mAlternateSetting=0,mName=null,mClass=3,mSubclass=0,mProtocol=0,mEndpoints=[
01-11 16:59:45.717  1018  1712 D UsbHostManager: UsbEndpoint[mAddress=131,mAttributes=3,mMaxPacketSize=32,mInterval=2]]]]
01-11 16:59:45.720  1018  1171 I ActivityManager: Start proc 1714:com.android.bluetooth/1002 for service {com.android.bluetooth/com.android.bluetooth.btservice.AdapterService}
01-11 16:59:45.721  1018  1018 I PackageManager: Un-granting permission android.permission.HIDE_NON_SYSTEM_OVERLAY_WINDOWS from package com.android.companiondevicemanager (protectionLevel=258 flags=0x30c83e45)
01-11 16:59:45.721  1018  1018 I PackageManager: Un-granting permission android.permission.GLOBAL_SEARCH from package com.android.quicksearchbox (protectionLevel=18 flags=0x3088be45)
01-11 16:59:45.722  1018  1018 I PackageManager: Un-granting permission android.permission.MANAGE_DOCUMENTS from package com.android.mms (protectionLevel=262146 flags=0x28c9be65)
01-11 16:59:45.728  1018  1018 I PackageManager: Un-granting permission android.permission.INTERACT_ACROSS_USERS_FULL from package org.codeaurora.snapcam (protectionLevel=258 flags=0x20d8bc45)
01-11 16:59:45.728  1018  1018 I PackageManager: Un-granting permission android.permission.SET_ORIENTATION from package org.codeaurora.snapcam (protectionLevel=2 flags=0x20d8bc45)
01-11 16:59:45.729  1018  1018 D SystemServerTiming: StartActivityManagerReadyPhase took to complete: 105ms
01-11 16:59:45.729  1018  1018 I SystemServer: StartObservingNativeCrashes
01-11 16:59:45.730  1018  1018 D SystemServerTiming: StartObservingNativeCrashes took to complete: 0ms
01-11 16:59:45.730  1018  1018 I SystemServer: StartSystemUI
01-11 16:59:45.730  1018  1649 D SystemServerInitThreadPool: Started executing WebViewFactoryPreparation
01-11 16:59:45.730  1018  1649 I SystemServer: WebViewFactoryPreparation
01-11 16:59:45.733  1018  1649 D SystemServerTimingAsync: WebViewFactoryPreparation took to complete: 3ms
01-11 16:59:45.733  1018  1649 D SystemServerInitThreadPool: Finished executing WebViewFactoryPreparation
01-11 16:59:45.735  1018  1018 D SystemServerTiming: StartSystemUI took to complete: 5ms
01-11 16:59:45.735  1018  1018 I SystemServer: MakeNetworkManagementServiceReady
01-11 16:59:45.736  1018  1018 D SystemServerTiming: MakeNetworkManagementServiceReady took to complete: 2ms
01-11 16:59:45.736  1018  1018 I SystemServer: MakeIpSecServiceReady
01-11 16:59:45.737  1018  1018 D IpSecService: IpSecService is ready
01-11 16:59:45.737  1018  1018 D SystemServerTiming: MakeIpSecServiceReady took to complete: 1ms
01-11 16:59:45.737  1018  1018 I SystemServer: MakeNetworkStatsServiceReady
01-11 16:59:45.738  1018  1181 E BatteryExternalStatsWorker: no controller energy info supplied for telephony
01-11 16:59:45.741  1018  1664 W NetworkPolicy: setRestrictBackgroundUL: already false
01-11 16:59:45.757  1018  1171 W ActivityManager: Slow operation: 55ms so far, now at startProcess: done updating battery stats
01-11 16:59:45.757  1018  1171 W ActivityManager: Slow operation: 55ms so far, now at startProcess: building log message
01-11 16:59:45.757  1018  1171 I ActivityManager: Start proc 1742:com.android.systemui/u0a115 for service {com.android.systemui/com.android.systemui.ImageWallpaper}
01-11 16:59:45.757  1018  1171 W ActivityManager: Slow operation: 55ms so far, now at startProcess: starting to update pids map
01-11 16:59:45.759  1018  1171 W ActivityManager: Slow operation: 56ms so far, now at startProcess: done updating pids map
01-11 16:59:45.827  1018  1171 W ActivityManager: Slow operation: 95ms so far, now at startProcess: returned from zygote!
01-11 16:59:45.827  1018  1171 W ActivityManager: Slow operation: 95ms so far, now at startProcess: done updating battery stats
01-11 16:59:45.827  1018  1171 W ActivityManager: Slow operation: 95ms so far, now at startProcess: building log message
01-11 16:59:45.827  1018  1171 I ActivityManager: Start proc 1786:WebViewLoader-armeabi-v7a/1037 [android.webkit.WebViewLibraryLoader$RelroFileCreator] for null
01-11 16:59:45.827  1018  1171 W ActivityManager: Slow operation: 95ms so far, now at startProcess: starting to update pids map
01-11 16:59:45.827  1018  1171 W ActivityManager: Slow operation: 96ms so far, now at startProcess: done updating pids map
01-11 16:59:45.827  1018  1171 W ActivityManager: Slow operation: 96ms so far, now at startProcess: asking zygote to start proc
01-11 16:59:45.852  1018  1171 W ActivityManager: Slow operation: 120ms so far, now at startProcess: returned from zygote!
01-11 16:59:45.852  1018  1171 W ActivityManager: Slow operation: 121ms so far, now at startProcess: done updating battery stats
01-11 16:59:45.852  1018  1171 W ActivityManager: Slow operation: 121ms so far, now at startProcess: building log message
01-11 16:59:45.852  1018  1171 I ActivityManager: Start proc 1801:WebViewLoader-arm64-v8a/1037 [android.webkit.WebViewLibraryLoader$RelroFileCreator] for null
01-11 16:59:45.852  1018  1171 W ActivityManager: Slow operation: 121ms so far, now at startProcess: starting to update pids map
01-11 16:59:45.853  1018  1171 W ActivityManager: Slow operation: 121ms so far, now at startProcess: done updating pids map
01-11 16:59:45.942  1018  1018 D SystemServerTiming: MakeNetworkStatsServiceReady took to complete: 204ms
01-11 16:59:45.942  1018  1018 I SystemServer: MakeConnectivityServiceReady
01-11 16:59:45.943  1018  1018 D ConnectivityService: requestNetwork for uid/pid:1000/1018 NetworkRequest [ REQUEST id=7, [ Capabilities: INTERNET&NOT_RESTRICTED&TRUSTED&NOT_VPN] ]
01-11 16:59:45.952  1018  1018 D SystemServerTiming: MakeConnectivityServiceReady took to complete: 10ms
01-11 16:59:45.952  1018  1018 I SystemServer: MakeNetworkPolicyServiceReady
01-11 16:59:45.952  1018  1018 D SystemServerTiming: MakeNetworkPolicyServiceReady took to complete: 0ms
01-11 16:59:45.952  1018  1018 I SystemServer: PhaseThirdPartyAppsCanStart
01-11 16:59:45.952  1018  1018 I SystemServiceManager: Starting phase 600
01-11 16:59:45.953  1018  1018 I ExplicitHealthCheckController: Explicit health checks enabled.
01-11 16:59:45.953  1018  1018 I PackageWatchdog: Syncing state, reason: health check state enabled
01-11 16:59:45.953  1018  1018 I PackageWatchdog: Not pruning observers, elapsed time: 0ms
01-11 16:59:45.953  1018  1018 I PackageWatchdog: Cancelling state sync, nothing to sync
01-11 16:59:45.953  1018  1169 I PackageWatchdog: Saving observer state to file
01-11 16:59:45.955  1018  1673 V NetPluginDelegate: registerHandler
01-11 16:59:45.956  1018  1673 V NetPluginDelegate: loading ConnectivityExt jar
01-11 16:59:45.958  1018  1018 V WallpaperManagerService: bindWallpaperComponentLocked: componentName=ComponentInfo{com.android.systemui/com.android.systemui.ImageWallpaper}
01-11 16:59:45.962  1018  1018 D VoiceInteractionManagerService: switchImplementation(0) took to complete: 0ms
01-11 16:59:45.967  1018  1018 I StatsCompanionService: Told statsd that StatsCompanionService is alive.
01-11 16:59:45.968  1018  1018 D SystemServerTiming: PhaseThirdPartyAppsCanStart took to complete: 16ms
01-11 16:59:45.968  1018  1018 I SystemServer: StartNetworkStack
01-11 16:59:45.969  1018  1673 V NetPluginDelegate: ConnectivityExt jar loaded
01-11 16:59:45.980  1018  1018 D SystemServerTiming: StartNetworkStack took to complete: 13ms
01-11 16:59:45.980  1018  1018 I SystemServer: MakeLocationServiceReady
01-11 16:59:45.982  1018  1777 W StorageManagerService: No primary storage defined yet; hacking together a stub
01-11 16:59:45.989  1018  1018 E LocationManagerService: no geocoder provider found
01-11 16:59:45.989  1018  1018 D LocationManagerService: Unable to bind FLP Geofence proxy.
01-11 16:59:45.989  1018  1018 D LocationManagerService: Hardware Activity-Recognition not supported.
01-11 16:59:45.989  1018  1018 D LocationManagerService: Unable to bind ActivityRecognitionProxy.
01-11 16:59:45.989  1018  1072 I ActivityManager: Process WebViewLoader-armeabi-v7a (pid 1786) has died: psvc PER 
01-11 16:59:45.995  1018  1181 E KernelCpuSpeedReader: Failed to read cpu-freq: /sys/devices/system/cpu/cpu0/cpufreq/stats/time_in_state: open failed: ENOENT (No such file or directory)
01-11 16:59:45.996  1018  1181 E KernelCpuSpeedReader: Failed to read cpu-freq: /sys/devices/system/cpu/cpu4/cpufreq/stats/time_in_state: open failed: ENOENT (No such file or directory)
01-11 16:59:46.002  1018  1018 D SystemServerTiming: MakeLocationServiceReady took to complete: 22ms
01-11 16:59:46.002  1018  1018 I SystemServer: MakeCountryDetectionServiceReady
01-11 16:59:46.003  1018  1018 D SystemServerTiming: MakeCountryDetectionServiceReady took to complete: 0ms
01-11 16:59:46.003  1018  1018 I SystemServer: MakeNetworkTimeUpdateReady
01-11 16:59:46.003  1018  1169 D CountryDetector: Using custom country detector class: com.android.server.location.ComprehensiveCountryDetector
01-11 16:59:46.005  1018  1018 D ConnectivityService: requestNetwork for uid/pid:1000/1018 NetworkRequest [ TRACK_DEFAULT id=9, [ Capabilities: INTERNET&NOT_RESTRICTED&TRUSTED Uid: 1000] ]
01-11 16:59:46.005  1018  1018 D SystemServerTiming: MakeNetworkTimeUpdateReady took to complete: 2ms
01-11 16:59:46.005  1018  1018 I SystemServer: MakeInputManagerServiceReady
01-11 16:59:46.005  1018  1018 D SystemServerTiming: MakeInputManagerServiceReady took to complete: 1ms
01-11 16:59:46.005  1018  1018 I SystemServer: MakeTelephonyRegistryReady
01-11 16:59:46.005  1018  1018 D SystemServerTiming: MakeTelephonyRegistryReady took to complete: 0ms
01-11 16:59:46.006  1018  1018 I SystemServer: MakeMediaRouterServiceReady
01-11 16:59:46.006  1018  1018 D SystemServerTiming: MakeMediaRouterServiceReady took to complete: 0ms
01-11 16:59:46.006  1018  1018 I SystemServer: MakeMmsServiceReady
01-11 16:59:46.006  1018  1018 I MmsServiceBroker: Delay connecting to MmsService until an API is called
01-11 16:59:46.006  1018  1018 D SystemServerTiming: MakeMmsServiceReady took to complete: 0ms
01-11 16:59:46.006  1018  1018 I SystemServer: IncidentDaemonReady
01-11 16:59:46.007  1018  1018 D SystemServerTiming: IncidentDaemonReady took to complete: 2ms
01-11 16:59:46.007  1018  1018 I ActivityManager: Current user:0
01-11 16:59:46.008  1018  1018 I SystemServiceManager: Calling onStartUser u0
01-11 16:59:46.008  1018  1018 D SystemServiceManager: onStartUser-0 com.android.server.pm.Installer took to complete: 0ms
01-11 16:59:46.008  1018  1018 D SystemServiceManager: onStartUser-0 com.android.server.os.DeviceIdentifiersPolicyService took to complete: 0ms
01-11 16:59:46.008  1018  1018 D SystemServiceManager: onStartUser-0 com.android.server.uri.UriGrantsManagerService$Lifecycle took to complete: 0ms
01-11 16:59:46.008  1018  1018 D SystemServiceManager: onStartUser-0 com.android.server.wm.ActivityTaskManagerService$Lifecycle took to complete: 0ms
01-11 16:59:46.008  1018  1018 D SystemServiceManager: onStartUser-0 com.android.server.am.ActivityManagerService$Lifecycle took to complete: 0ms
01-11 16:59:46.008  1018  1018 D SystemServiceManager: onStartUser-0 com.android.server.power.PowerManagerService took to complete: 0ms
01-11 16:59:46.008  1018  1018 D SystemServiceManager: onStartUser-0 com.android.server.power.ThermalManagerService took to complete: 0ms
01-11 16:59:46.008  1018  1018 D SystemServiceManager: onStartUser-0 com.android.server.RecoverySystemService took to complete: 0ms
01-11 16:59:46.008  1018  1018 D SystemServiceManager: onStartUser-0 com.android.server.lights.LightsService took to complete: 0ms
01-11 16:59:46.008  1018  1018 D SystemServiceManager: onStartUser-0 com.android.server.display.DisplayManagerService took to complete: 0ms
