01-11 16:59:47.046  1742  1742 D SystemUIBootTiming: StartServicescom.android.systemui.pip.PipUI took to complete: 8ms
01-11 16:59:47.047  1742  1742 D SystemUIBootTiming: StartServicescom.android.systemui.shortcut.ShortcutKeyDispatcher took to complete: 1ms
01-11 16:59:47.047  1742  1742 D SystemUIBootTiming: StartServicescom.android.systemui.VendorServices took to complete: 0ms
01-11 16:59:47.048   720   720 D Zygote  : Forked child process 2232
01-11 16:59:47.049  1742  1742 D SystemUIBootTiming: StartServicescom.android.systemui.util.leak.GarbageMonitor$Service took to complete: 1ms
01-11 16:59:47.049  1255  1457 V C2Store : in ~ComponentModule
01-11 16:59:47.049  1255  1457 V C2Store : unloading dll
01-11 16:59:47.049  1255  1457 V C2Store : in init
01-11 16:59:47.049  1255  1457 V C2Store : loading dll
01-11 16:59:47.050  1742  1742 D SystemUIBootTiming: StartServicescom.android.systemui.LatencyTester took to complete: 1ms
01-11 16:59:47.053  1742  1742 D SystemUIBootTiming: StartServicescom.android.systemui.globalactions.GlobalActionsComponent took to complete: 3ms
01-11 16:59:47.054  1255  1457 I C2SoftVp8Enc: setting temporal layering 0 + 0
01-11 16:59:47.054  1255  1457 V C2Store : in ~ComponentModule
01-11 16:59:47.054  1255  1457 V C2Store : unloading dll
01-11 16:59:47.055  1255  1457 V C2Store : in init
01-11 16:59:47.055  1255  1457 V C2Store : loading dll
01-11 16:59:47.056  1018  1171 W ActivityManager: Slow operation: 82ms so far, now at startProcess: returned from zygote!
01-11 16:59:47.056  1018  1171 W ActivityManager: Slow operation: 82ms so far, now at startProcess: done updating battery stats
01-11 16:59:47.056  1018  1171 W ActivityManager: Slow operation: 82ms so far, now at startProcess: building log message
01-11 16:59:47.057  1018  1171 I ActivityManager: Start proc 2232:com.qualcomm.qcrilmsgtunnel/1001 for service {com.qualcomm.qcrilmsgtunnel/com.qualcomm.qcrilmsgtunnel.QcrilMsgTunnelService}
01-11 16:59:47.057  1018  1171 W ActivityManager: Slow operation: 82ms so far, now at startProcess: starting to update pids map
01-11 16:59:47.057  1018  1171 W ActivityManager: Slow operation: 82ms so far, now at startProcess: done updating pids map
01-11 16:59:47.057  1742  1742 D SystemUIBootTiming: StartServicescom.android.systemui.ScreenDecorations took to complete: 4ms
01-11 16:59:47.058  1742  1742 D SystemUIBootTiming: StartServicescom.android.systemui.biometrics.BiometricDialogImpl took to complete: 1ms
01-11 16:59:47.059  1255  1457 V C2Store : in ~ComponentModule
01-11 16:59:47.059  1255  1457 V C2Store : unloading dll
01-11 16:59:47.059  1742  1742 D SystemUIBootTiming: StartServicescom.android.systemui.SliceBroadcastRelayHandler took to complete: 1ms
01-11 16:59:47.059  1255  1457 V C2Store : in init
01-11 16:59:47.059  1255  1457 V C2Store : loading dll
01-11 16:59:47.059  1742  1742 D SystemUIBootTiming: StartServicescom.android.systemui.SizeCompatModeActivityController took to complete: 0ms
01-11 16:59:47.063  1742  1742 D SystemUIBootTiming: StartServicescom.android.systemui.statusbar.notification.InstantAppNotifier took to complete: 4ms
01-11 16:59:47.063  1255  1457 I C2SoftVp9Enc: setting temporal layering 0 + 0
01-11 16:59:47.063  1255  1457 V C2Store : in ~ComponentModule
01-11 16:59:47.063  1255  1457 V C2Store : unloading dll
01-11 16:59:47.065  1135  1347 D MediaCodecsXmlParser: parsing /apex/com.android.media.swcodec/etc/media_codecs.xml...
01-11 16:59:47.065  1742  1742 D SystemUIBootTiming: StartServicescom.android.systemui.theme.ThemeOverlayController took to complete: 3ms
01-11 16:59:47.066  1135  1347 I MediaCodecsXmlParser: limit: max-channel-count = 2
01-11 16:59:47.066  1135  1347 I MediaCodecsXmlParser: limit: sample-rate-ranges = 8000,11025,12000,16000,22050,24000,32000,44100,48000
01-11 16:59:47.066  1135  1347 I MediaCodecsXmlParser: limit: bitrate-range = 8000-320000
01-11 16:59:47.066  1135  1347 I MediaCodecsXmlParser: limit: max-channel-count = 1
01-11 16:59:47.066  1135  1347 I MediaCodecsXmlParser: limit: sample-rate-ranges = 8000
01-11 16:59:47.066  1135  1347 I MediaCodecsXmlParser: limit: bitrate-range = 4750-12200
01-11 16:59:47.066  1135  1347 I MediaCodecsXmlParser: limit: max-channel-count = 1
01-11 16:59:47.066  1135  1347 I MediaCodecsXmlParser: limit: sample-rate-ranges = 16000
01-11 16:59:47.066  1135  1347 I MediaCodecsXmlParser: limit: bitrate-range = 6600-23850
01-11 16:59:47.066  1135  1347 I MediaCodecsXmlParser: limit: max-channel-count = 8
01-11 16:59:47.066  1135  1347 I MediaCodecsXmlParser: limit: sample-rate-ranges = 7350,8000,11025,12000,16000,22050,24000,32000,44100,48000
01-11 16:59:47.066  1135  1347 I MediaCodecsXmlParser: limit: bitrate-range = 8000-960000
01-11 16:59:47.066  1135  1347 I MediaCodecsXmlParser: limit: max-channel-count = 1
01-11 16:59:47.066  1135  1347 I MediaCodecsXmlParser: limit: sample-rate-ranges = 8000-48000
01-11 16:59:47.066  1135  1347 I MediaCodecsXmlParser: limit: bitrate-range = 64000
01-11 16:59:47.066  1135  1347 I MediaCodecsXmlParser: limit: max-channel-count = 1
01-11 16:59:47.066  1135  1347 I MediaCodecsXmlParser: limit: sample-rate-ranges = 8000-48000
01-11 16:59:47.067  1135  1347 I MediaCodecsXmlParser: limit: bitrate-range = 64000
01-11 16:59:47.067  1135  1347 I MediaCodecsXmlParser: limit: max-channel-count = 8
01-11 16:59:47.067  1135  1347 I MediaCodecsXmlParser: limit: sample-rate-ranges = 8000-96000
01-11 16:59:47.067  1135  1347 I MediaCodecsXmlParser: limit: bitrate-range = 32000-500000
01-11 16:59:47.067  1135  1347 I MediaCodecsXmlParser: limit: max-channel-count = 8
01-11 16:59:47.067  1135  1347 I MediaCodecsXmlParser: limit: sample-rate-ranges = 48000
01-11 16:59:47.067  1135  1347 I MediaCodecsXmlParser: limit: bitrate-range = 6000-510000
01-11 16:59:47.067  1135  1347 I MediaCodecsXmlParser: limit: max-channel-count = 8
01-11 16:59:47.067  1135  1347 I MediaCodecsXmlParser: limit: sample-rate-ranges = 8000-96000
01-11 16:59:47.067  1135  1347 I MediaCodecsXmlParser: limit: bitrate-range = 1-10000000
01-11 16:59:47.067  1135  1347 I MediaCodecsXmlParser: limit: max-channel-count = 8
01-11 16:59:47.067  1742  1742 D InterruptionStateProvider: heads up is enabled
01-11 16:59:47.067  1135  1347 I MediaCodecsXmlParser: limit: sample-rate-ranges = 1-655350
01-11 16:59:47.067  1135  1347 I MediaCodecsXmlParser: limit: bitrate-range = 1-21000000
01-11 16:59:47.067  1135  1347 D MediaCodecsXmlParser: disabling c2.android.gsm.decoder
01-11 16:59:47.067  1135  1347 I MediaCodecsXmlParser: limit: max-channel-count = 1
01-11 16:59:47.067  1135  1347 I MediaCodecsXmlParser: limit: sample-rate-ranges = 8000
01-11 16:59:47.067  1135  1347 I MediaCodecsXmlParser: limit: bitrate-range = 13000
01-11 16:59:47.067  1135  1347 I MediaCodecsXmlParser: limit: size-range = 2x2-352x288
01-11 16:59:47.067  1135  1347 I MediaCodecsXmlParser: limit: alignment = 2x2
01-11 16:59:47.067  1135  1347 I MediaCodecsXmlParser: limit: block-size = 16x16
01-11 16:59:47.067  1135  1347 I MediaCodecsXmlParser: limit: blocks-per-second-range = 12-11880
01-11 16:59:47.067  1135  1347 I MediaCodecsXmlParser: limit: bitrate-range = 1-384000
01-11 16:59:47.067  1135  1347 I MediaCodecsXmlParser: limit: feature-adaptive-playback = 0
01-11 16:59:47.067  1135  1347 I MediaCodecsXmlParser: limit: size-range = 2x2-352x288
01-11 16:59:47.067  1135  1347 I MediaCodecsXmlParser: limit: alignment = 2x2
01-11 16:59:47.067  1135  1347 I MediaCodecsXmlParser: limit: bitrate-range = 1-384000
01-11 16:59:47.067  1135  1347 I MediaCodecsXmlParser: limit: feature-adaptive-playback = 0
01-11 16:59:47.067  1135  1347 I MediaCodecsXmlParser: limit: alignment = 2x2
01-11 16:59:47.067  1135  1347 I MediaCodecsXmlParser: limit: block-size = 16x16
01-11 16:59:47.067  1135  1347 I MediaCodecsXmlParser: limit: size-range = 2x2-4080x4080
01-11 16:59:47.067  1135  1347 I MediaCodecsXmlParser: limit: block-count-range = 1-32768
01-11 16:59:47.067  1135  1347 I MediaCodecsXmlParser: limit: blocks-per-second-range = 1-1966080
01-11 16:59:47.067  1135  1347 I MediaCodecsXmlParser: limit: bitrate-range = 1-48000000
01-11 16:59:47.067  1135  1347 I MediaCodecsXmlParser: limit: size-range = 2x2-2048x2048
01-11 16:59:47.067  1135  1347 I MediaCodecsXmlParser: limit: block-count-range = 1-16384
01-11 16:59:47.067  1135  1347 I MediaCodecsXmlParser: limit: blocks-per-second-range = 1-491520
01-11 16:59:47.067  1135  1347 I MediaCodecsXmlParser: limit: bitrate-range = 1-40000000
01-11 16:59:47.067  1135  1347 I MediaCodecsXmlParser: limit: feature-adaptive-playback = 0
01-11 16:59:47.067  1135  1347 I MediaCodecsXmlParser: limit: alignment = 2x2
01-11 16:59:47.067  1135  1347 I MediaCodecsXmlParser: limit: block-size = 8x8
01-11 16:59:47.067  1135  1347 I MediaCodecsXmlParser: limit: size-range = 2x2-4096x4096
01-11 16:59:47.067  1135  1347 I MediaCodecsXmlParser: limit: block-count-range = 1-196608
01-11 16:59:47.067  1135  1347 I MediaCodecsXmlParser: limit: blocks-per-second-range = 1-2000000
01-11 16:59:47.067  1135  1347 I MediaCodecsXmlParser: limit: bitrate-range = 1-10000000
01-11 16:59:47.067  1135  1347 I MediaCodecsXmlParser: limit: size-range = 2x2-2048x2048
01-11 16:59:47.068  1135  1347 I MediaCodecsXmlParser: limit: block-count-range = 1-65536
01-11 16:59:47.068  1135  1347 I MediaCodecsXmlParser: limit: blocks-per-second-range = 1-491520
01-11 16:59:47.068  1135  1347 I MediaCodecsXmlParser: limit: bitrate-range = 1-5000000
01-11 16:59:47.068  1135  1347 I MediaCodecsXmlParser: limit: feature-adaptive-playback = 0
01-11 16:59:47.068  1135  1347 I MediaCodecsXmlParser: limit: size-range = 2x2-2048x2048
01-11 16:59:47.068  1135  1347 I MediaCodecsXmlParser: limit: alignment = 2x2
01-11 16:59:47.068  1135  1347 I MediaCodecsXmlParser: limit: block-size = 16x16
01-11 16:59:47.068  1135  1347 I MediaCodecsXmlParser: limit: block-count-range = 1-16384
01-11 16:59:47.068  1135  1347 I MediaCodecsXmlParser: limit: blocks-per-second-range = 1-1000000
01-11 16:59:47.068  1135  1347 I MediaCodecsXmlParser: limit: bitrate-range = 1-40000000
01-11 16:59:47.068  1135  1347 I MediaCodecsXmlParser: limit: block-count-range = 1-8192
01-11 16:59:47.068  1135  1347 I MediaCodecsXmlParser: limit: blocks-per-second-range = 1-1000000
01-11 16:59:47.068  1135  1347 I MediaCodecsXmlParser: limit: bitrate-range = 1-40000000
01-11 16:59:47.068  1135  1347 I MediaCodecsXmlParser: limit: feature-adaptive-playback = 0
01-11 16:59:47.068  1135  1347 I MediaCodecsXmlParser: limit: alignment = 2x2
01-11 16:59:47.068  1135  1347 I MediaCodecsXmlParser: limit: block-size = 16x16
01-11 16:59:47.068  1135  1347 I MediaCodecsXmlParser: limit: size-range = 2x2-2048x2048
01-11 16:59:47.068  1135  1347 I MediaCodecsXmlParser: limit: block-count-range = 1-16384
01-11 16:59:47.068  1135  1347 I MediaCodecsXmlParser: limit: blocks-per-second-range = 1-500000
01-11 16:59:47.068  1135  1347 I MediaCodecsXmlParser: limit: bitrate-range = 1-40000000
01-11 16:59:47.068  1135  1347 I MediaCodecsXmlParser: limit: size-range = 2x2-1280x1280
01-11 16:59:47.068  1135  1347 I MediaCodecsXmlParser: limit: block-count-range = 1-3600
01-11 16:59:47.068  1135  1347 I MediaCodecsXmlParser: limit: blocks-per-second-range = 1-108000
01-11 16:59:47.068  1135  1347 I MediaCodecsXmlParser: limit: bitrate-range = 1-5000000
01-11 16:59:47.068  1135  1347 I MediaCodecsXmlParser: limit: feature-adaptive-playback = 0
01-11 16:59:47.068  1135  1347 I MediaCodecsXmlParser: limit: size-range = 2x2-1920x1080
01-11 16:59:47.068  1135  1347 I MediaCodecsXmlParser: limit: alignment = 2x2
01-11 16:59:47.068  1135  1347 I MediaCodecsXmlParser: limit: block-size = 16x16
01-11 16:59:47.068  1135  1347 I MediaCodecsXmlParser: limit: block-count-range = 1-16384
01-11 16:59:47.068  1135  1347 I MediaCodecsXmlParser: limit: blocks-per-second-range = 1-2073600
01-11 16:59:47.068  1135  1347 I MediaCodecsXmlParser: limit: bitrate-range = 1-120000000
01-11 16:59:47.068  1135  1347 I MediaCodecsXmlParser: limit: feature-adaptive-playback = 0
01-11 16:59:47.068  1135  1347 D MediaCodecsXmlParser: disabling c2.android.mpeg2.decoder
01-11 16:59:47.068  1135  1347 I MediaCodecsXmlParser: limit: size-range = 16x16-1920x1088
01-11 16:59:47.068  1135  1347 I MediaCodecsXmlParser: limit: alignment = 2x2
01-11 16:59:47.068  1135  1347 I MediaCodecsXmlParser: limit: block-size = 16x16
01-11 16:59:47.068  1135  1347 I MediaCodecsXmlParser: limit: blocks-per-second-range = 1-244800
01-11 16:59:47.068  1135  1347 I MediaCodecsXmlParser: limit: bitrate-range = 1-20000000
01-11 16:59:47.068  1135  1347 I MediaCodecsXmlParser: limit: feature-adaptive-playback = 0
01-11 16:59:47.068  1135  1347 I MediaCodecsXmlParser: limit: max-channel-count = 6
01-11 16:59:47.068  1135  1347 I MediaCodecsXmlParser: limit: sample-rate-ranges = 8000,11025,12000,16000,22050,24000,32000,44100,48000
01-11 16:59:47.068  1135  1347 I MediaCodecsXmlParser: limit: bitrate-range = 8000-960000
01-11 16:59:47.068  1135  1347 I MediaCodecsXmlParser: limit: max-channel-count = 1
01-11 16:59:47.068  1135  1347 I MediaCodecsXmlParser: limit: sample-rate-ranges = 8000
01-11 16:59:47.068  1135  1347 I MediaCodecsXmlParser: limit: bitrate-range = 4750-12200
01-11 16:59:47.068  1135  1347 I MediaCodecsXmlParser: limit: feature-bitrate-modes = CBR
01-11 16:59:47.068  1135  1347 I MediaCodecsXmlParser: limit: max-channel-count = 1
01-11 16:59:47.068  1135  1347 I MediaCodecsXmlParser: limit: sample-rate-ranges = 16000
01-11 16:59:47.068  1135  1347 I MediaCodecsXmlParser: limit: bitrate-range = 6600-23850
01-11 16:59:47.068  1135  1347 I MediaCodecsXmlParser: limit: feature-bitrate-modes = CBR
01-11 16:59:47.068  1135  1347 I MediaCodecsXmlParser: limit: max-channel-count = 2
01-11 16:59:47.068  1135  1347 I MediaCodecsXmlParser: limit: sample-rate-ranges = 1-655350
01-11 16:59:47.068  1135  1347 I MediaCodecsXmlParser: limit: bitrate-range = 1-21000000
01-11 16:59:47.069  1135  1347 I MediaCodecsXmlParser: limit: complexity-default = 5
01-11 16:59:47.069  1135  1347 I MediaCodecsXmlParser: limit: complexity-range = 0-8
01-11 16:59:47.069  1135  1347 I MediaCodecsXmlParser: limit: feature-bitrate-modes = CQ
01-11 16:59:47.069  1135  1347 I MediaCodecsXmlParser: limit: max-channel-count = 2
01-11 16:59:47.069  1135  1347 I MediaCodecsXmlParser: limit: sample-rate-ranges = 8000,12000,16000,24000,48000
01-11 16:59:47.069  1135  1347 I MediaCodecsXmlParser: limit: bitrate-range = 500-512000
01-11 16:59:47.069  1135  1347 I MediaCodecsXmlParser: limit: complexity-default = 5
01-11 16:59:47.069  1135  1347 I MediaCodecsXmlParser: limit: complexity-range = 0-10
01-11 16:59:47.069  1135  1347 I MediaCodecsXmlParser: limit: feature-bitrate-modes = CBR
01-11 16:59:47.069  1135  1347 I MediaCodecsXmlParser: limit: size-range = 176x144-176x144
01-11 16:59:47.069  1135  1347 I MediaCodecsXmlParser: limit: alignment = 16x16
01-11 16:59:47.069  1135  1347 I MediaCodecsXmlParser: limit: bitrate-range = 1-128000
01-11 16:59:47.069  1135  1347 I MediaCodecsXmlParser: limit: size-range = 16x16-176x144
01-11 16:59:47.069  1135  1347 I MediaCodecsXmlParser: limit: alignment = 16x16
01-11 16:59:47.069  1135  1347 I MediaCodecsXmlParser: limit: block-size = 16x16
01-11 16:59:47.069  1135  1347 I MediaCodecsXmlParser: limit: blocks-per-second-range = 12-1485
01-11 16:59:47.069  1135  1347 I MediaCodecsXmlParser: limit: bitrate-range = 1-64000
01-11 16:59:47.069  1135  1347 I MediaCodecsXmlParser: limit: alignment = 2x2
01-11 16:59:47.069  1135  1347 I MediaCodecsXmlParser: limit: block-size = 16x16
01-11 16:59:47.069  1135  1347 I MediaCodecsXmlParser: limit: size-range = 16x16-2048x2048
01-11 16:59:47.069  1135  1347 I MediaCodecsXmlParser: limit: block-count-range = 1-8192
01-11 16:59:47.069  1135  1347 I MediaCodecsXmlParser: limit: blocks-per-second-range = 1-245760
01-11 16:59:47.069  1135  1347 I MediaCodecsXmlParser: limit: bitrate-range = 1-12000000
01-11 16:59:47.069  1135  1347 I MediaCodecsXmlParser: limit: size-range = 16x16-1808x1808
01-11 16:59:47.069  1135  1347 I MediaCodecsXmlParser: limit: block-count-range = 1-1620
01-11 16:59:47.069  1135  1347 I MediaCodecsXmlParser: limit: blocks-per-second-range = 1-40500
01-11 16:59:47.069  1135  1347 I MediaCodecsXmlParser: limit: bitrate-range = 1-2000000
01-11 16:59:47.069  1135  1347 I MediaCodecsXmlParser: limit: feature-intra-refresh = 0
01-11 16:59:47.069  1135  1347 I MediaCodecsXmlParser: limit: alignment = 2x2
01-11 16:59:47.069  1135  1347 I MediaCodecsXmlParser: limit: block-size = 16x16
01-11 16:59:47.069  1135  1347 I MediaCodecsXmlParser: limit: size-range = 2x2-2048x2048
01-11 16:59:47.069  1135  1347 I MediaCodecsXmlParser: limit: block-count-range = 1-16384
01-11 16:59:47.069  1135  1347 I MediaCodecsXmlParser: limit: bitrate-range = 1-40000000
01-11 16:59:47.069  1135  1347 I MediaCodecsXmlParser: limit: size-range = 2x2-1280x1280
01-11 16:59:47.069  1135  1347 I MediaCodecsXmlParser: limit: block-count-range = 1-3600
01-11 16:59:47.069  1135  1347 I MediaCodecsXmlParser: limit: bitrate-range = 1-20000000
01-11 16:59:47.069  1135  1347 I MediaCodecsXmlParser: limit: feature-bitrate-modes = VBR,CBR
01-11 16:59:47.069  1135  1347 I MediaCodecsXmlParser: limit: size-range = 2x2-512x512
01-11 16:59:47.069  1135  1347 I MediaCodecsXmlParser: limit: alignment = 2x2
01-11 16:59:47.069  1135  1347 I MediaCodecsXmlParser: limit: block-size = 8x8
01-11 16:59:47.069  1135  1347 I MediaCodecsXmlParser: limit: block-count-range = 1-4096
01-11 16:59:47.069  1135  1347 I MediaCodecsXmlParser: limit: blocks-per-second-range = 1-122880
01-11 16:59:47.069  1135  1347 I MediaCodecsXmlParser: limit: frame-rate-range = 1-120
01-11 16:59:47.069  1135  1347 I MediaCodecsXmlParser: limit: bitrate-range = 1-10000000
01-11 16:59:47.069  1135  1347 I MediaCodecsXmlParser: limit: complexity-default = 0
01-11 16:59:47.069  1135  1347 I MediaCodecsXmlParser: limit: complexity-range = 0-10
01-11 16:59:47.069  1135  1347 I MediaCodecsXmlParser: limit: quality-scale = linear
01-11 16:59:47.069  1135  1347 I MediaCodecsXmlParser: limit: quality-default = 80
01-11 16:59:47.069  1135  1347 I MediaCodecsXmlParser: limit: quality-range = 0-100
01-11 16:59:47.069  1135  1347 I MediaCodecsXmlParser: limit: feature-bitrate-modes = VBR,CBR,CQ
01-11 16:59:47.070  1135  1347 I MediaCodecsXmlParser: limit: size-range = 2x2-2048x2048
01-11 16:59:47.070  1135  1347 I MediaCodecsXmlParser: limit: alignment = 2x2
01-11 16:59:47.070  1135  1347 I MediaCodecsXmlParser: limit: block-size = 16x16
01-11 16:59:47.070  1135  1347 I MediaCodecsXmlParser: limit: block-count-range = 1-3600
01-11 16:59:47.070  1135  1347 I MediaCodecsXmlParser: limit: bitrate-range = 1-40000000
01-11 16:59:47.070  1135  1347 I MediaCodecsXmlParser: limit: feature-bitrate-modes = VBR,CBR
01-11 16:59:47.070  1135  1347 D MediaCodecsXmlParser: Cannot find 
01-11 16:59:47.070  1135  1347 I chatty  : uid=1013(media) Binder:1135_1 identical 106 lines
01-11 16:59:47.073  1742  1742 D StatusBar: disable<e i a s b h r c s > disable2<q i n >
01-11 16:59:47.073  1742  1742 D SystemUIBootTiming: StartServices took to complete: 871ms
01-11 16:59:47.074  1135  1347 I MediaCodecsXmlParser: limit: performance-point-7680x4320-range = 60-60
01-11 16:59:47.077  1135  1347 I MediaCodecsXmlParser: limit: performance-point-8192x4320-range = 48-48
01-11 16:59:47.077  1135  1347 I MediaCodecsXmlParser: limit: size-range = 128x128-4096x4096
01-11 16:59:47.077  1135  1347 I MediaCodecsXmlParser: limit: alignment = 2x2
01-11 16:59:47.077  1135  1347 I MediaCodecsXmlParser: limit: block-size = 16x16
01-11 16:59:47.077  1135  1347 I MediaCodecsXmlParser: limit: block-count-range = 64-34560
01-11 16:59:47.077  1135  1347 I MediaCodecsXmlParser: limit: blocks-per-second-range = 64-2073600
01-11 16:59:47.077  1135  1347 I MediaCodecsXmlParser: limit: bitrate-range = 1-40000000
01-11 16:59:47.077  1135  1347 I MediaCodecsXmlParser: limit: frame-rate-range = 1-60
01-11 16:59:47.077  1135  1347 I MediaCodecsXmlParser: limit: feature-adaptive-playback = 0
01-11 16:59:47.078  1135  1347 I MediaCodecsXmlParser: limit: feature-secure-playback = 1
01-11 16:59:47.078  1135  1347 I MediaCodecsXmlParser: limit: max-concurrent-instances = 3
01-11 16:59:47.078  1135  1347 I MediaCodecsXmlParser: limit: performance-point-3840x2160-range = 60-60
01-11 16:59:47.078  1135  1347 I MediaCodecsXmlParser: limit: performance-point-4096x2304-range = 60-60
01-11 16:59:47.078  1135  1347 I MediaCodecsXmlParser: limit: size-range = 128x128-8192x8192
01-11 16:59:47.078  1135  1347 I MediaCodecsXmlParser: limit: alignment = 2x2
01-11 16:59:47.078  1135  1347 I MediaCodecsXmlParser: limit: block-size = 16x16
01-11 16:59:47.078  1135  1347 I MediaCodecsXmlParser: limit: block-count-range = 64-138240
01-11 16:59:47.078  1135  1347 I MediaCodecsXmlParser: limit: blocks-per-second-range = 64-7776000
01-11 16:59:47.078  1135  1347 I MediaCodecsXmlParser: limit: bitrate-range = 1-160000000
01-11 16:59:47.078  1135  1347 I MediaCodecsXmlParser: limit: frame-rate-range = 1-960
01-11 16:59:47.078  1135  1347 I MediaCodecsXmlParser: limit: feature-adaptive-playback = 0
01-11 16:59:47.078  1135  1347 I MediaCodecsXmlParser: limit: max-concurrent-instances = 16
01-11 16:59:47.078  1135  1347 I MediaCodecsXmlParser: limit: performance-point-1280x720-range = 960-960
01-11 16:59:47.078  1135  1347 I MediaCodecsXmlParser: limit: performance-point-1920x1080-range = 480-480
01-11 16:59:47.078  1135  1347 I MediaCodecsXmlParser: limit: performance-point-3840x2160-range = 240-240
01-11 16:59:47.078  1135  1347 I MediaCodecsXmlParser: limit: performance-point-4096x2160-range = 120-120
01-11 16:59:47.078  1135  1347 I MediaCodecsXmlParser: limit: performance-point-7680x4320-range = 60-60
01-11 16:59:47.078  1135  1347 I MediaCodecsXmlParser: limit: performance-point-8192x4320-range = 48-48
01-11 16:59:47.078  1135  1347 I MediaCodecsXmlParser: limit: size-range = 128x128-4096x4096
01-11 16:59:47.078  1135  1347 I MediaCodecsXmlParser: limit: alignment = 2x2
01-11 16:59:47.078  1135  1347 I MediaCodecsXmlParser: limit: block-size = 16x16
01-11 16:59:47.078  1135  1347 I MediaCodecsXmlParser: limit: block-count-range = 64-34560
01-11 16:59:47.078  1135  1347 I MediaCodecsXmlParser: limit: blocks-per-second-range = 64-2073600
01-11 16:59:47.078  1135  1347 I MediaCodecsXmlParser: limit: bitrate-range = 1-40000000
01-11 16:59:47.078  1135  1347 I MediaCodecsXmlParser: limit: frame-rate-range = 1-60
01-11 16:59:47.078  1135  1347 I MediaCodecsXmlParser: limit: feature-adaptive-playback = 0
01-11 16:59:47.078  1135  1347 I MediaCodecsXmlParser: limit: feature-secure-playback = 1
01-11 16:59:47.078  1135  1347 I MediaCodecsXmlParser: limit: max-concurrent-instances = 3
01-11 16:59:47.078  1135  1347 I MediaCodecsXmlParser: limit: performance-point-3840x2160-range = 60-60
01-11 16:59:47.078  1135  1347 I MediaCodecsXmlParser: limit: performance-point-4096x2304-range = 60-60
01-11 16:59:47.078  1135  1347 I MediaCodecsXmlParser: limit: size-range = 96x96-864x864
01-11 16:59:47.078  1135  1347 I MediaCodecsXmlParser: limit: alignment = 4x4
01-11 16:59:47.078  1135  1347 I MediaCodecsXmlParser: limit: block-size = 16x16
01-11 16:59:47.078  1135  1347 I MediaCodecsXmlParser: limit: block-count-range = 36-1620
01-11 16:59:47.078  1135  1347 I MediaCodecsXmlParser: limit: blocks-per-second-range = 36-48600
01-11 16:59:47.078  1135  1347 I MediaCodecsXmlParser: limit: bitrate-range = 1-16000000
01-11 16:59:47.078  1135  1347 I MediaCodecsXmlParser: limit: frame-rate-range = 1-30
01-11 16:59:47.078  1135  1347 I MediaCodecsXmlParser: limit: feature-adaptive-playback = 0
01-11 16:59:47.078  1135  1347 I MediaCodecsXmlParser: limit: max-concurrent-instances = 4
01-11 16:59:47.078  1135  1347 I MediaCodecsXmlParser: limit: performance-point-720x480-range = 30-30
01-11 16:59:47.078  1135  1347 I MediaCodecsXmlParser: limit: performance-point-720x576-range = 25-25
01-11 16:59:47.078  1135  1347 I MediaCodecsXmlParser: limit: performance-point-864x480-range = 30-30
01-11 16:59:47.078  1135  1347 I MediaCodecsXmlParser: limit: size-range = 96x96-1920x1920
01-11 16:59:47.078  1135  1347 I MediaCodecsXmlParser: limit: alignment = 2x2
01-11 16:59:47.078  1135  1347 I MediaCodecsXmlParser: limit: block-size = 16x16
01-11 16:59:47.078  1135  1347 I MediaCodecsXmlParser: limit: block-count-range = 36-8160
01-11 16:59:47.078  1135  1347 I MediaCodecsXmlParser: limit: blocks-per-second-range = 36-244800
01-11 16:59:47.078  1135  1347 I MediaCodecsXmlParser: limit: bitrate-range = 1-40000000
01-11 16:59:47.078  1135  1347 I MediaCodecsXmlParser: limit: frame-rate-range = 1-30
01-11 16:59:47.078  1135  1347 I MediaCodecsXmlParser: limit: max-concurrent-instances = 4
01-11 16:59:47.078  1135  1347 I MediaCodecsXmlParser: limit: performance-point-1920x1080-range = 30-30
01-11 16:59:47.078  1135  1347 D MediaCodecsXmlParser: parsing /vendor/etc/media_codecs_google_video.xml...
01-11 16:59:47.079  1135  1347 I MediaCodecsXmlParser: limit: size-range = 2x2-352x288
01-11 16:59:47.079  1135  1347 I MediaCodecsXmlParser: limit: alignment = 2x2
01-11 16:59:47.079  1135  1347 I MediaCodecsXmlParser: limit: block-size = 16x16
01-11 16:59:47.079  1135  1347 I MediaCodecsXmlParser: limit: blocks-per-second-range = 12-11880
01-11 16:59:47.079  1135  1347 I MediaCodecsXmlParser: limit: bitrate-range = 1-384000
01-11 16:59:47.079  1135  1347 I MediaCodecsXmlParser: limit: feature-adaptive-playback = 0
01-11 16:59:47.079  1135  1347 I MediaCodecsXmlParser: limit: size-range = 2x2-352x288
01-11 16:59:47.079  1135  1347 I MediaCodecsXmlParser: limit: alignment = 2x2
01-11 16:59:47.079  1135  1347 I MediaCodecsXmlParser: limit: bitrate-range = 1-384000
01-11 16:59:47.079  1135  1347 I MediaCodecsXmlParser: limit: feature-adaptive-playback = 0
01-11 16:59:47.079  1135  1347 I MediaCodecsXmlParser: limit: size-range = 2x2-4080x4080
01-11 16:59:47.079  1135  1347 I MediaCodecsXmlParser: limit: alignment = 2x2
01-11 16:59:47.079  1135  1347 I MediaCodecsXmlParser: limit: block-size = 16x16
01-11 16:59:47.079  1135  1347 I MediaCodecsXmlParser: limit: block-count-range = 1-32768
01-11 16:59:47.079  1135  1347 I MediaCodecsXmlParser: limit: blocks-per-second-range = 1-1966080
01-11 16:59:47.079  1135  1347 I MediaCodecsXmlParser: limit: bitrate-range = 1-48000000
01-11 16:59:47.079  1135  1347 I MediaCodecsXmlParser: limit: feature-adaptive-playback = 0
01-11 16:59:47.079  1135  1347 I MediaCodecsXmlParser: limit: size-range = 2x2-4096x4096
01-11 16:59:47.079  1135  1347 I MediaCodecsXmlParser: limit: alignment = 2x2
01-11 16:59:47.079  1135  1347 I MediaCodecsXmlParser: limit: block-size = 8x8
01-11 16:59:47.079  1135  1347 I MediaCodecsXmlParser: limit: block-count-range = 1-196608
01-11 16:59:47.079  1135  1347 I MediaCodecsXmlParser: limit: blocks-per-second-range = 1-2000000
01-11 16:59:47.079  1135  1347 I MediaCodecsXmlParser: limit: bitrate-range = 1-10000000
01-11 16:59:47.079  1135  1347 I MediaCodecsXmlParser: limit: feature-adaptive-playback = 0
01-11 16:59:47.079  1135  1347 I MediaCodecsXmlParser: limit: size-range = 2x2-2048x2048
01-11 16:59:47.079  1135  1347 I MediaCodecsXmlParser: limit: alignment = 2x2
01-11 16:59:47.079  1135  1347 I MediaCodecsXmlParser: limit: block-size = 16x16
01-11 16:59:47.079  1135  1347 I MediaCodecsXmlParser: limit: block-count-range = 1-16384
01-11 16:59:47.079  1135  1347 I MediaCodecsXmlParser: limit: blocks-per-second-range = 1-1000000
01-11 16:59:47.079  1135  1347 I MediaCodecsXmlParser: limit: bitrate-range = 1-40000000
01-11 16:59:47.079  1135  1347 I MediaCodecsXmlParser: limit: feature-adaptive-playback = 0
01-11 16:59:47.079  1135  1347 I MediaCodecsXmlParser: limit: size-range = 2x2-2048x2048
01-11 16:59:47.079  1135  1347 I MediaCodecsXmlParser: limit: alignment = 2x2
01-11 16:59:47.079  1135  1347 I MediaCodecsXmlParser: limit: block-size = 16x16
01-11 16:59:47.079  1135  1347 I MediaCodecsXmlParser: limit: block-count-range = 1-16384
01-11 16:59:47.079  1135  1347 I MediaCodecsXmlParser: limit: blocks-per-second-range = 1-500000
01-11 16:59:47.079  1135  1347 I MediaCodecsXmlParser: limit: bitrate-range = 1-40000000
01-11 16:59:47.079  1135  1347 I MediaCodecsXmlParser: limit: feature-adaptive-playback = 0
01-11 16:59:47.079  1135  1347 I MediaCodecsXmlParser: limit: size-range = 176x144-176x144
01-11 16:59:47.079  1135  1347 I MediaCodecsXmlParser: limit: alignment = 16x16
01-11 16:59:47.079  1135  1347 I MediaCodecsXmlParser: limit: bitrate-range = 1-128000
01-11 16:59:47.079  1135  1347 I MediaCodecsXmlParser: limit: size-range = 16x16-2048x2048
01-11 16:59:47.079  1135  1347 I MediaCodecsXmlParser: limit: alignment = 2x2
01-11 16:59:47.079  1135  1347 I MediaCodecsXmlParser: limit: block-size = 16x16
01-11 16:59:47.079  1135  1347 I MediaCodecsXmlParser: limit: block-count-range = 1-8192
01-11 16:59:47.079  1135  1347 I MediaCodecsXmlParser: limit: blocks-per-second-range = 1-245760
01-11 16:59:47.079  1135  1347 I MediaCodecsXmlParser: limit: bitrate-range = 1-12000000
01-11 16:59:47.079  1135  1347 I MediaCodecsXmlParser: limit: feature-intra-refresh = 0
01-11 16:59:47.080  1135  1347 I MediaCodecsXmlParser: limit: size-range = 16x16-176x144
01-11 16:59:47.080  1135  1347 I MediaCodecsXmlParser: limit: alignment = 16x16
01-11 16:59:47.080  1135  1347 I MediaCodecsXmlParser: limit: block-size = 16x16
01-11 16:59:47.080  1135  1347 I MediaCodecsXmlParser: limit: blocks-per-second-range = 12-1485
01-11 16:59:47.080  1135  1347 I MediaCodecsXmlParser: limit: bitrate-range = 1-64000
01-11 16:59:47.080  1135  1347 I MediaCodecsXmlParser: limit: size-range = 2x2-2048x2048
01-11 16:59:47.080  1135  1347 I MediaCodecsXmlParser: limit: alignment = 2x2
01-11 16:59:47.080  1135  1347 I MediaCodecsXmlParser: limit: block-size = 16x16
01-11 16:59:47.080  1135  1347 I MediaCodecsXmlParser: limit: block-count-range = 1-16384
01-11 16:59:47.080  1135  1347 I MediaCodecsXmlParser: limit: bitrate-range = 1-40000000
01-11 16:59:47.080  1135  1347 I MediaCodecsXmlParser: limit: feature-bitrate-modes = VBR,CBR
01-11 16:59:47.080  1135  1347 I MediaCodecsXmlParser: limit: size-range = 2x2-2048x2048
01-11 16:59:47.080  1135  1347 I MediaCodecsXmlParser: limit: alignment = 2x2
01-11 16:59:47.080  1135  1347 I MediaCodecsXmlParser: limit: block-size = 16x16
01-11 16:59:47.080  1135  1347 I MediaCodecsXmlParser: limit: block-count-range = 1-3600
01-11 16:59:47.080  1135  1347 I MediaCodecsXmlParser: limit: bitrate-range = 1-40000000
01-11 16:59:47.080  1135  1347 I MediaCodecsXmlParser: limit: feature-bitrate-modes = VBR,CBR
01-11 16:59:47.080  1135  1347 I MediaCodecsXmlParser: getVendorXmlPath (/vendor/etc/media_codecs_performance.xml)
01-11 16:59:47.080  1135  1347 D MediaCodecsXmlParser: parsing /vendor/etc/media_codecs_performance.xml...
01-11 16:59:47.080  1135  1347 I MediaCodecsXmlParser: limit: measured-frame-rate-320x240-range = 310-450
01-11 16:59:47.080  1135  1347 I MediaCodecsXmlParser: limit: measured-frame-rate-720x480-range = 277-287
01-11 16:59:47.080  1135  1347 I MediaCodecsXmlParser: limit: measured-frame-rate-1280x720-range = 200-204
01-11 16:59:47.080  1135  1347 I MediaCodecsXmlParser: limit: measured-frame-rate-1920x1080-range = 116-118
01-11 16:59:47.080  1135  1347 I MediaCodecsXmlParser: limit: measured-frame-rate-320x240-range = 295-435
01-11 16:59:47.080  1135  1347 I MediaCodecsXmlParser: limit: measured-frame-rate-720x480-range = 336-339
01-11 16:59:47.080  1135  1347 I MediaCodecsXmlParser: limit: measured-frame-rate-1280x720-range = 183-194
01-11 16:59:47.080  1135  1347 I MediaCodecsXmlParser: limit: measured-frame-rate-1920x1080-range = 91-104
01-11 16:59:47.080  1135  1347 I MediaCodecsXmlParser: limit: measured-frame-rate-3840x2160-range = 37-40
01-11 16:59:47.080  1135  1347 I MediaCodecsXmlParser: limit: measured-frame-rate-320x240-range = 340-400
01-11 16:59:47.080  1135  1347 I MediaCodecsXmlParser: limit: measured-frame-rate-176x144-range = 303-303
01-11 16:59:47.080  1135  1347 I MediaCodecsXmlParser: limit: measured-frame-rate-352x288-range = 259-259
01-11 16:59:47.080  1135  1347 I MediaCodecsXmlParser: limit: measured-frame-rate-176x144-range = 299-299
01-11 16:59:47.080  1135  1347 I MediaCodecsXmlParser: limit: measured-frame-rate-352x288-range = 245-245
01-11 16:59:47.080  1135  1347 I MediaCodecsXmlParser: limit: measured-frame-rate-640x480-range = 148-148
01-11 16:59:47.080  1135  1347 I MediaCodecsXmlParser: limit: measured-frame-rate-320x180-range = 355-520
01-11 16:59:47.080  1135  1347 I MediaCodecsXmlParser: limit: measured-frame-rate-640x360-range = 165-165
01-11 16:59:47.080  1135  1347 I MediaCodecsXmlParser: limit: measured-frame-rate-1280x720-range = 123-125
01-11 16:59:47.080  1135  1347 I MediaCodecsXmlParser: limit: measured-frame-rate-1920x1080-range = 16-40
01-11 16:59:47.080  1135  1347 I MediaCodecsXmlParser: limit: measured-frame-rate-320x240-range = 215-215
01-11 16:59:47.080  1135  1347 I MediaCodecsXmlParser: limit: measured-frame-rate-720x480-range = 100-100
01-11 16:59:47.080  1135  1347 I MediaCodecsXmlParser: limit: measured-frame-rate-1280x720-range = 56-56
01-11 16:59:47.080  1135  1347 I MediaCodecsXmlParser: limit: measured-frame-rate-1920x1080-range = 30-30
01-11 16:59:47.080  1135  1347 I MediaCodecsXmlParser: limit: measured-frame-rate-176x144-range = 200-200
01-11 16:59:47.080  1135  1347 I MediaCodecsXmlParser: limit: measured-frame-rate-176x144-range = 180-180
01-11 16:59:47.081  1135  1347 I MediaCodecsXmlParser: limit: measured-frame-rate-320x180-range = 93-94
01-11 16:59:47.081  1135  1347 I MediaCodecsXmlParser: limit: measured-frame-rate-640x360-range = 32-32
01-11 16:59:47.081  1135  1347 I MediaCodecsXmlParser: limit: measured-frame-rate-1280x720-range = 17-24
01-11 16:59:47.081  1135  1347 I MediaCodecsXmlParser: limit: measured-frame-rate-1920x1080-range = 8-12
01-11 16:59:47.081  1135  1347 I MediaCodecsXmlParser: limit: measured-frame-rate-320x240-range = 151-208
01-11 16:59:47.081  1135  1347 I MediaCodecsXmlParser: limit: measured-frame-rate-720x480-range = 61-84
01-11 16:59:47.081  1135  1347 I MediaCodecsXmlParser: limit: measured-frame-rate-1280x720-range = 41-57
01-11 16:59:47.081  1135  1347 I MediaCodecsXmlParser: limit: measured-frame-rate-1920x1080-range = 28-39
01-11 16:59:47.081  1135  1347 I MediaCodecsXmlParser: limit: measured-frame-rate-176x144-range = 287-459
01-11 16:59:47.081  1135  1347 I MediaCodecsXmlParser: limit: measured-frame-rate-176x144-range = 251-350
01-11 16:59:47.081  1135  1347 I MediaCodecsXmlParser: limit: measured-frame-rate-320x180-range = 228-318
01-11 16:59:47.081  1135  1347 I MediaCodecsXmlParser: limit: measured-frame-rate-640x360-range = 150-233
01-11 16:59:47.081  1135  1347 I MediaCodecsXmlParser: limit: measured-frame-rate-1280x720-range = 43-61
01-11 16:59:47.081  1135  1347 I MediaCodecsXmlParser: limit: measured-frame-rate-1920x1080-range = 19-27
01-11 16:59:47.081  1135  1347 I MediaCodecsXmlParser: limit: measured-frame-rate-320x180-range = 109-109
01-11 16:59:47.081  1135  1347 I MediaCodecsXmlParser: limit: measured-frame-rate-640x360-range = 61-61
01-11 16:59:47.081  1135  1347 I MediaCodecsXmlParser: limit: measured-frame-rate-1280x720-range = 20-20
01-11 16:59:47.081  1135  1347 I MediaCodecsXmlParser: limit: measured-frame-rate-320x240-range = 22-35
01-11 16:59:47.081  1135  1347 I MediaCodecsXmlParser: limit: measured-frame-rate-320x240-range = 960-1268
01-11 16:59:47.081  1135  1347 I MediaCodecsXmlParser: limit: measured-frame-rate-720x480-range = 857-1104
01-11 16:59:47.081  1135  1347 I MediaCodecsXmlParser: limit: measured-frame-rate-1280x720-range = 312-316
01-11 16:59:47.081  1135  1347 I MediaCodecsXmlParser: limit: measured-frame-rate-1920x1088-range = 246-250
01-11 16:59:47.081  1135  1347 I MediaCodecsXmlParser: limit: measured-frame-rate-352x288-range = 756-1179
01-11 16:59:47.081  1135  1347 I MediaCodecsXmlParser: limit: measured-frame-rate-720x480-range = 1046-1157
01-11 16:59:47.081  1135  1347 I MediaCodecsXmlParser: limit: measured-frame-rate-1280x720-range = 318-319
01-11 16:59:47.081  1135  1347 I MediaCodecsXmlParser: limit: measured-frame-rate-1920x1080-range = 316-318
01-11 16:59:47.081  1135  1347 I MediaCodecsXmlParser: limit: measured-frame-rate-3840x2160-range = 148-149
01-11 16:59:47.081  1135  1347 I MediaCodecsXmlParser: limit: measured-frame-rate-176x144-range = 782-1581
01-11 16:59:47.081  1135  1347 I MediaCodecsXmlParser: limit: measured-frame-rate-352x288-range = 380-920
01-11 16:59:47.081  1135  1347 I MediaCodecsXmlParser: limit: measured-frame-rate-176x144-range = 775-2064
01-11 16:59:47.081  1135  1347 I MediaCodecsXmlParser: limit: measured-frame-rate-480x360-range = 695-915
01-11 16:59:47.081  1135  1347 I MediaCodecsXmlParser: limit: measured-frame-rate-1280x720-range = 369-529
01-11 16:59:47.081  1135  1347 I MediaCodecsXmlParser: limit: measured-frame-rate-320x240-range = 1111-1357
01-11 16:59:47.081  1135  1347 I MediaCodecsXmlParser: limit: measured-frame-rate-640x360-range = 571-883
01-11 16:59:47.081  1135  1347 I MediaCodecsXmlParser: limit: measured-frame-rate-1280x720-range = 337-337
01-11 16:59:47.081  1135  1347 I MediaCodecsXmlParser: limit: measured-frame-rate-1920x1080-range = 248-248
01-11 16:59:47.081  1135  1347 I MediaCodecsXmlParser: limit: measured-frame-rate-320x240-range = 806-1245
01-11 16:59:47.081  1135  1347 I MediaCodecsXmlParser: limit: measured-frame-rate-640x360-range = 832-1285
01-11 16:59:47.081  1135  1347 I MediaCodecsXmlParser: limit: measured-frame-rate-1280x720-range = 485-600
01-11 16:59:47.081  1135  1347 I MediaCodecsXmlParser: limit: measured-frame-rate-1920x1080-range = 435-495
01-11 16:59:47.081  1135  1347 I MediaCodecsXmlParser: limit: measured-frame-rate-3840x2160-range = 83-98
01-11 16:59:47.081  1135  1347 I MediaCodecsXmlParser: limit: measured-frame-rate-320x240-range = 122-370
01-11 16:59:47.081  1135  1347 I MediaCodecsXmlParser: limit: measured-frame-rate-720x480-range = 68-68
01-11 16:59:47.081  1135  1347 I MediaCodecsXmlParser: limit: measured-frame-rate-1280x720-range = 32-32
01-11 16:59:47.081  1135  1347 I MediaCodecsXmlParser: limit: measured-frame-rate-1920x1080-range = 24-26
01-11 16:59:47.081  1135  1347 I MediaCodecsXmlParser: limit: measured-frame-rate-176x144-range = 104-279
01-11 16:59:47.081  1135  1347 I MediaCodecsXmlParser: limit: measured-frame-rate-352x288-range = 200-200
01-11 16:59:47.081  1135  1347 I MediaCodecsXmlParser: limit: measured-frame-rate-352x288-range = 502-550
01-11 16:59:47.081  1135  1347 I MediaCodecsXmlParser: limit: measured-frame-rate-640x360-range = 267-271
01-11 16:59:47.082  1135  1347 I MediaCodecsXmlParser: limit: measured-frame-rate-720x480-range = 254-257
01-11 16:59:47.082  1135  1347 I MediaCodecsXmlParser: limit: measured-frame-rate-1280x720-range = 94-95
01-11 16:59:47.082  1135  1347 I MediaCodecsXmlParser: limit: measured-frame-rate-1920x1080-range = 47-49
01-11 16:59:47.082  1135  1347 I MediaCodecsXmlParser: limit: measured-frame-rate-176x144-range = 430-450
01-11 16:59:47.082  1135  1347 I MediaCodecsXmlParser: limit: measured-frame-rate-320x180-range = 1103-1170
01-11 16:59:47.082  1135  1347 I MediaCodecsXmlParser: limit: measured-frame-rate-320x240-range = 330-381
01-11 16:59:47.082  1135  1347 I MediaCodecsXmlParser: limit: measured-frame-rate-640x360-range = 487-490
01-11 16:59:47.082  1135  1347 I MediaCodecsXmlParser: limit: measured-frame-rate-1280x720-range = 22-38
01-11 16:59:47.082  1135  1347 I MediaCodecsXmlParser: limit: measured-frame-rate-1920x1080-range = 39-40
01-11 16:59:47.082  1135  1347 I MediaCodecsXmlParser: limit: measured-frame-rate-320x180-range = 861-909
01-11 16:59:47.082  1135  1347 I MediaCodecsXmlParser: limit: measured-frame-rate-320x240-range = 200-230
01-11 16:59:47.082  1135  1347 I MediaCodecsXmlParser: limit: measured-frame-rate-640x360-range = 265-268
01-11 16:59:47.082  1135  1347 I MediaCodecsXmlParser: limit: measured-frame-rate-1280x720-range = 32-40
01-11 16:59:47.082  1135  1347 I MediaCodecsXmlParser: limit: measured-frame-rate-1920x1080-range = 19-23
01-11 16:59:47.082  1135  1347 I MediaCodecsXmlParser: limit: measured-frame-rate-320x240-range = 716-951
01-11 16:59:47.082  1135  1347 I MediaCodecsXmlParser: limit: measured-frame-rate-720x480-range = 326-436
01-11 16:59:47.082  1135  1347 I MediaCodecsXmlParser: limit: measured-frame-rate-1280x720-range = 21-155
01-11 16:59:47.082  1135  1347 I MediaCodecsXmlParser: limit: measured-frame-rate-1920x1080-range = 12-17
01-11 16:59:47.082  1135  1347 I MediaCodecsXmlParser: limit: measured-frame-rate-352x288-range = 355-960
01-11 16:59:47.082  1135  1347 I MediaCodecsXmlParser: limit: measured-frame-rate-640x360-range = 308-526
01-11 16:59:47.082  1135  1347 I MediaCodecsXmlParser: limit: measured-frame-rate-720x480-range = 370-455
01-11 16:59:47.082  1135  1347 I MediaCodecsXmlParser: limit: measured-frame-rate-1280x720-range = 105-210
01-11 16:59:47.082  1135  1347 I MediaCodecsXmlParser: limit: measured-frame-rate-1920x1080-range = 92-143
01-11 16:59:47.082  1135  1347 I MediaCodecsXmlParser: limit: measured-frame-rate-176x144-range = 550-1200
01-11 16:59:47.082  1135  1347 I MediaCodecsXmlParser: limit: measured-frame-rate-176x144-range = 950-1450
01-11 16:59:47.082  1135  1347 I MediaCodecsXmlParser: limit: measured-frame-rate-352x288-range = 324-769
01-11 16:59:47.082  1135  1347 I MediaCodecsXmlParser: limit: measured-frame-rate-320x180-range = 573-1136
01-11 16:59:47.082  1135  1347 I MediaCodecsXmlParser: limit: measured-frame-rate-640x360-range = 200-450
01-11 16:59:47.082  1135  1347 I MediaCodecsXmlParser: limit: measured-frame-rate-1280x720-range = 190-244
01-11 16:59:47.082  1135  1347 I MediaCodecsXmlParser: limit: measured-frame-rate-1920x1080-range = 101-142
01-11 16:59:47.082  1135  1347 I MediaCodecsXmlParser: limit: measured-frame-rate-320x180-range = 601-1177
01-11 16:59:47.082  1135  1347 I MediaCodecsXmlParser: limit: measured-frame-rate-640x360-range = 222-302
01-11 16:59:47.082  1135  1347 I MediaCodecsXmlParser: limit: measured-frame-rate-1280x720-range = 107-145
01-11 16:59:47.082  1135  1347 I MediaCodecsXmlParser: limit: measured-frame-rate-1920x1080-range = 31-43
01-11 16:59:47.082  1255  1457 V C2Store : in init
01-11 16:59:47.083  1255  1457 V C2Store : loading dll
01-11 16:59:47.085  1742  1742 D KeyguardUpdateMonitor: received broadcast android.media.RINGER_MODE_CHANGED
01-11 16:59:47.086  1135  1347 I Codec2InfoBuilder: adding type 'audio/mp4a-latm'
01-11 16:59:47.086  1742  1742 W AlarmManager: Unrecognized alarm listener com.android.systemui.keyguard.-$$Lambda$KeyguardSliceProvider$IhzByd8TsqFuOrSyuGurVskyPLo@128ec93
01-11 16:59:47.088  1742  1772 D KeyguardViewMediator: onStartedWakingUp, seq = 1
01-11 16:59:47.088  1742  1772 D KeyguardViewMediator: notifyStartedWakingUp
01-11 16:59:47.089  1742  2230 D KeyguardViewMediator: notifyScreenOn
01-11 16:59:47.089  1742  1742 D KeyguardUpdateMonitor: received broadcast android.intent.action.BATTERY_CHANGED
01-11 16:59:47.089  1742  1771 D KeyguardViewMediator: notifyScreenTurnedOn
01-11 16:59:47.089  1742  1742 D KeyguardUpdateMonitor: received broadcast android.intent.action.BATTERY_CHANGED
01-11 16:59:47.089  1742  1742 D KeyguardUpdateMonitor: received broadcast android.intent.action.BATTERY_CHANGED
01-11 16:59:47.091  1090  1115 I CNSS    : cnss_log_timeout_handler: cnss log timeout 0x5ec0530510
01-11 16:59:47.093  1255  1457 V C2Store : in init
01-11 16:59:47.093  1255  1457 V C2Store : loading dll
01-11 16:59:47.095  1255  1457 V C2Store : in ~ComponentModule
01-11 16:59:47.095  1255  1457 V C2Store : unloading dll
01-11 16:59:47.095  1135  1347 I Codec2InfoBuilder: adding type 'audio/mp4a-latm'
01-11 16:59:47.096  1742  1742 D KeyguardUpdateMonitor: received broadcast android.media.RINGER_MODE_CHANGED
01-11 16:59:47.096  1742  1742 I Choreographer: Skipped 33 frames!  The application may be doing too much work on its main thread.
01-11 16:59:47.103  1255  1255 V C2Store : in init
01-11 16:59:47.103  1255  1255 V C2Store : loading dll
01-11 16:59:47.103  1255  1457 V C2Store : in ~ComponentModule
01-11 16:59:47.103  1255  1457 V C2Store : unloading dll
01-11 16:59:47.105  1135  1347 I Codec2InfoBuilder: adding type 'audio/3gpp'
01-11 16:59:47.105  1255  1457 V C2Store : in init
01-11 16:59:47.105  1255  1457 V C2Store : loading dll
01-11 16:59:47.105  1255  2248 V C2Store : in ~ComponentModule
01-11 16:59:47.105  1255  2248 V C2Store : unloading dll
01-11 16:59:47.106  1135  1347 I Codec2InfoBuilder: adding type 'audio/3gpp'
01-11 16:59:47.107  1255  1255 V C2Store : in init
01-11 16:59:47.107  1255  1457 V C2Store : in ~ComponentModule
01-11 16:59:47.107  1255  1255 V C2Store : loading dll
01-11 16:59:47.107  1255  1457 V C2Store : unloading dll
01-11 16:59:47.109  1135  1347 I Codec2InfoBuilder: adding type 'audio/amr-wb'
01-11 16:59:47.110  1255  2250 V C2Store : in init
01-11 16:59:47.110  1255  2250 V C2Store : loading dll
01-11 16:59:47.110  1255  1457 V C2Store : in ~ComponentModule
01-11 16:59:47.110  1255  1457 V C2Store : unloading dll
01-11 16:59:47.112  1742  2061 I AdrenoGLES-0: QUALCOMM build                   : 2a49dfca2c, I5c961581a9
01-11 16:59:47.112  1742  2061 I AdrenoGLES-0: Build Date                       : 10/20/22
01-11 16:59:47.112  1742  2061 I AdrenoGLES-0: OpenGL ES Shader Compiler Version: EV031.29.00.18_01
01-11 16:59:47.112  1742  2061 I AdrenoGLES-0: Local Branch                     : 
01-11 16:59:47.112  1742  2061 I AdrenoGLES-0: Remote Branch                    : 
01-11 16:59:47.112  1742  2061 I AdrenoGLES-0: Remote Branch                    : 
01-11 16:59:47.112  1742  2061 I AdrenoGLES-0: Reconstruct Branch               : 
01-11 16:59:47.112  1742  2061 I AdrenoGLES-0: Build Config                     : S P 8.0.12 AArch64
01-11 16:59:47.112  1742  2061 I AdrenoGLES-0: Driver Path                      : /vendor/lib64/egl/libGLESv2_adreno.so
01-11 16:59:47.115  1135  1347 I Codec2InfoBuilder: adding type 'audio/amr-wb'
01-11 16:59:47.116  1255  1255 V C2Store : in init
01-11 16:59:47.116  1255  1255 V C2Store : loading dll
01-11 16:59:47.117  1255  1457 V C2Store : in ~ComponentModule
01-11 16:59:47.117  1255  1457 V C2Store : unloading dll
01-11 16:59:47.119  1135  1347 I Codec2InfoBuilder: adding type 'video/av01'
01-11 16:59:47.119  1742  2061 I AdrenoGLES-0: PFP: 0x016dd097, ME: 0x00000000
01-11 16:59:47.121  1255  1255 V C2Store : in init
01-11 16:59:47.121  1255  1255 V C2Store : loading dll
01-11 16:59:47.121  1255  2250 V C2Store : in ~ComponentModule
01-11 16:59:47.121  1255  2250 V C2Store : unloading dll
01-11 16:59:47.122  2078  2078 D QtiRilInterface: instance = com.qualcomm.qti.internal.telephony.QtiRilInterface@2c8fd31
01-11 16:59:47.122  1135  1347 I Codec2InfoBuilder: adding type 'video/avc'
01-11 16:59:47.128  2078  2078 D QtiRilInterface: instance = com.qualcomm.qti.internal.telephony.QtiRilInterface@2c8fd31
01-11 16:59:47.129  1255  2248 V C2Store : in init
01-11 16:59:47.129  1255  2248 V C2Store : loading dll
01-11 16:59:47.130  1255  2248 I /apex/com.android.media.swcodec/bin/mediaswcodec: missing struct descriptor #Param::CoreIndex(--004) for field values of struct #Param::CoreIndex(F-12004)
01-11 16:59:47.130  1255  2248 I /apex/com.android.media.swcodec/bin/mediaswcodec: missing struct descriptor #Param::CoreIndex(--004) for field values of struct #Param::CoreIndex(F-12004)
01-11 16:59:47.131  1135  1347 I Codec2InfoBuilder: adding type 'video/avc'
01-11 16:59:47.132  1255  2253 V C2Store : in ~ComponentModule
01-11 16:59:47.132  1255  2253 V C2Store : unloading dll
01-11 16:59:47.134  1018  1677 I chatty  : uid=1000(system) notification-sq expire 1 line
01-11 16:59:47.134  1255  2250 V C2Store : in init
01-11 16:59:47.134  1255  2250 V C2Store : loading dll
01-11 16:59:47.134  1255  1255 V C2Store : in ~ComponentModule
01-11 16:59:47.135  1255  1255 V C2Store : unloading dll
01-11 16:59:47.136  1135  1347 I Codec2InfoBuilder: adding type 'audio/flac'
01-11 16:59:47.136  1255  2248 V C2Store : in init
01-11 16:59:47.136  1255  2248 V C2Store : loading dll
01-11 16:59:47.136  1255  2253 V C2Store : in ~ComponentModule
01-11 16:59:47.137  1255  2253 V C2Store : unloading dll
01-11 16:59:47.138  1135  1347 I Codec2InfoBuilder: adding type 'audio/flac'
01-11 16:59:47.138  1255  2250 V C2Store : in init
01-11 16:59:47.138  1255  2250 V C2Store : loading dll
01-11 16:59:47.138  1255  2253 V C2Store : in ~ComponentModule
01-11 16:59:47.139  1255  2253 V C2Store : unloading dll
01-11 16:59:47.140  1135  1347 I Codec2InfoBuilder: adding type 'audio/g711-alaw'
01-11 16:59:47.140  1255  2250 V C2Store : in init
01-11 16:59:47.140  1255  2250 V C2Store : loading dll
01-11 16:59:47.141  1255  2248 V C2Store : in ~ComponentModule
01-11 16:59:47.141  1255  2248 V C2Store : unloading dll
01-11 16:59:47.142  1135  1347 I Codec2InfoBuilder: adding type 'audio/g711-mlaw'
01-11 16:59:47.143  1255  2253 V C2Store : in init
01-11 16:59:47.143  1255  2253 V C2Store : loading dll
01-11 16:59:47.143  1255  2248 V C2Store : in ~ComponentModule
01-11 16:59:47.143  1255  2248 V C2Store : unloading dll
01-11 16:59:47.144  1135  1347 D Codec2InfoBuilder: codec entry for 'c2.android.gsm.decoder' is disabled
01-11 16:59:47.144  1255  2248 V C2Store : in ~ComponentModule
01-11 16:59:47.144  1255  2248 V C2Store : unloading dll
01-11 16:59:47.145  1255  2248 V C2Store : in init
01-11 16:59:47.145  1255  2248 V C2Store : loading dll
01-11 16:59:47.146  1135  1347 I Codec2InfoBuilder: adding type 'video/3gpp'
01-11 16:59:47.148  1255  1255 V C2Store : in init
01-11 16:59:47.148  1255  1255 V C2Store : loading dll
01-11 16:59:47.148  1255  2253 V C2Store : in ~ComponentModule
