01-11 16:59:48.070  1719  1719 D a2dp_codec: createCodec: codec UNKNOWN CODEC INDEX
01-11 16:59:48.070  1719  2432 D bt_btif_a2dp_source: btif_a2dp_source_command_ready: event: 7 BTIF_MEDIA_RESET_VS_STATE
01-11 16:59:48.070  1719  1719 D a2dp_codec: createCodec: codec UNKNOWN CODEC INDEX
01-11 16:59:48.070  1719  1719 I a2dp_codec: init: initialized Source codec aptX-adaptive
01-11 16:59:48.070  1719  1719 I a2dp_codec: init: initialized Source codec aptX-TWS
01-11 16:59:48.070  1719  1719 I a2dp_codec: init: initialized Source codec aptX-HD
01-11 16:59:48.070  1719  1719 I a2dp_codec: init: initialized Source codec aptX
01-11 16:59:48.070  1719  1719 I a2dp_codec: init: initialized Source codec LDAC
01-11 16:59:48.070  1719  1719 I a2dp_codec: init: initialized Source codec AAC
01-11 16:59:48.071  1719  1719 I a2dp_codec: init: initialized Source codec SBC
01-11 16:59:48.071  1719  1719 I a2dp_codec: init: initialized Sink codec SBC(Sink)
01-11 16:59:48.071  1719  1719 E bt_btif : btif_sm_get_state : Invalid handle
01-11 16:59:48.071  1719  1719 E bt_btif : btif_media_send_reset_vendor_state:
01-11 16:59:48.071  1719  1719 I btif_av : isBATEnabled: 0
01-11 16:59:48.071  1719  1719 E bt_btif : bta_av_co_get_active_peer: peer index out of bounds: 5
01-11 16:59:48.071  1719  1719 E bt_btif : btif_av_is_split_a2dp_enabled:  No active peer codec config found, by default splitmode
01-11 16:59:48.071  1719  1719 E bt_btif : btif_media_send_reset_vendor_state:
01-11 16:59:48.071  1719  1869 E bt_btif : btif_a2dp_source_startup: A2DP Source media task already running
01-11 16:59:48.071  1719  1869 D bt_btif : btif_av_state_idle_handler: event:UNKNOWN_EVENT flags: 0 on index: 0, codec_cfg_change: 0
01-11 16:59:48.071  1719  1869 W bt_btif : btif_av_state_idle_handler: unhandled event=UNKNOWN_EVENT
01-11 16:59:48.071  1719  2432 D bt_btif_a2dp_source: btif_a2dp_source_command_ready: event: 7 BTIF_MEDIA_RESET_VS_STATE
01-11 16:59:48.071  1719  1869 E bt_btif : BTA_AvEnable:
01-11 16:59:48.071  1719  1869 I bt_btif_storage: btif_storage_get_adapter_property service_mask:0x20000048
01-11 16:59:48.071  1719  2432 D bt_btif_a2dp_source: btif_a2dp_source_command_ready: event: 2 BTIF_MEDIA_AUDIO_TX_STOP
01-11 16:59:48.071  1719  1869 D bt_btif : btif_av_state_idle_handler: event:BTA_AV_ENABLE_EVT flags: 0 on index: 0, codec_cfg_change: 0
01-11 16:59:48.071  1719  2432 E bt_stack: [ERROR:a2dp_encoding.cc(1343)] read: BluetoothAudio HAL is not enabled
01-11 16:59:48.071  1719  2384 W bt_l2cap: L2CAP - L2CA_Register() called for PSM: 0x0019
01-11 16:59:48.071  1719  2432 E bt_btif : Invalid cmd pending for ack
01-11 16:59:48.071  1719  1869 I bt_btif_storage: btif_storage_get_adapter_property service_mask:0x220000048
01-11 16:59:48.072  1719  2432 D bt_btif_a2dp_source: btif_a2dp_source_command_ready: event: 7 BTIF_MEDIA_RESET_VS_STATE
01-11 16:59:48.072  1719  2384 W bt_l2cap: L2CAP - L2CA_Register() called for PSM: 0x0017
01-11 16:59:48.072  1719  2384 W bt_l2cap: L2CAP - L2CA_Register() called for PSM: 0x001b
01-11 16:59:48.072  1719  2384 E bt_btif : bta_av_co_get_active_peer: peer index out of bounds: 5
01-11 16:59:48.072  1719  2384 E bt_btif : bta_av_co_get_active_peer: peer index out of bounds: 5
01-11 16:59:48.072  1719  2384 D a2dp_aac: A2DP_BuildInfoAac: media_type: 0, p_ie->bitRate: 165000
01-11 16:59:48.072  1719  1719 D A2dpService: A2DP offload flag set to true
01-11 16:59:48.072  1719  2384 E bt_btif : bta_av_co_get_active_peer: peer index out of bounds: 5
01-11 16:59:48.072  1719  2384 E bt_btif : bta_av_co_get_active_peer: peer index out of bounds: 5
01-11 16:59:48.072  1719  2384 W bt_btif : bta_av_get_rcb_by_shdl: shdl = 0, rcb[i].shdl = 0, rcb[i].handle = 255, rcb[i].lidx = 0
01-11 16:59:48.073  1719  2384 W bt_btif : bta_av_get_rcb_by_shdl: shdl = 0, rcb[i].shdl = 0, rcb[i].handle = 255, rcb[i].lidx = 0
01-11 16:59:48.073  1719  2384 D bt_btif : AVRC_Open role: 1, control:67 status:0, handle:0
01-11 16:59:48.073  1719  2384 W bt_btif : bta_av_rc_create RC handle 0 is connected
01-11 16:59:48.073  1719  2384 D bt_btif : rc_acp_handle: 0 idx: 1
01-11 16:59:48.073  1719  2384 D bt_btif : bta_av_rc_create create 0, role: 1, shdl:0, rc_handle:0, lidx:6, status:0x10
01-11 16:59:48.073  1719  1869 D bt_btif : btif_av_state_idle_handler: event:BTA_AV_REGISTER_EVT flags: 0 on index: 0, codec_cfg_change: 0
01-11 16:59:48.073  1719  2384 E bt_btif : bta_av_co_get_active_peer: peer index out of bounds: 5
01-11 16:59:48.073  1719  1719 D A2dpService: setA2dpService(): set to: com.android.bluetooth.a2dp.A2dpService@aa28f5
01-11 16:59:48.073  1719  2384 E bt_btif : bta_av_co_get_active_peer: peer index out of bounds: 5
01-11 16:59:48.073  1719  2384 D a2dp_aac: A2DP_BuildInfoAac: media_type: 0, p_ie->bitRate: 165000
01-11 16:59:48.073  1719  2384 E bt_btif : bta_av_co_get_active_peer: peer index out of bounds: 5
01-11 16:59:48.073  1719  1719 D A2dpService: setActiveDevice: null
01-11 16:59:48.073  1719  1719 E A2dpService: setActiveDevice(null): already set to active 
01-11 16:59:48.073  1719  2384 E bt_btif : bta_av_co_get_active_peer: peer index out of bounds: 5
01-11 16:59:48.073   857  2378 I vendor.qti.bluetooth@1.0-ibs_handler: ProcessIbsCmd: Received IBS_WAKE_IND: 0xFD
01-11 16:59:48.073  1719  2384 E bt_btif : bta_av_co_get_active_peer: peer index out of bounds: 5
01-11 16:59:48.073   857  2378 I vendor.qti.bluetooth@1.0-ibs_handler: ProcessIbsCmd: Writing IBS_WAKE_ACK
01-11 16:59:48.074  1719  2384 E bt_btif : bta_av_co_get_active_peer: peer index out of bounds: 5
01-11 16:59:48.074  1719  1719 D A2dpService: A2DP concurrency mode set to false
01-11 16:59:48.074  1719  1719 D A2dpService: A2DP Multicast flag set to false
01-11 16:59:48.074  1719  2384 E bt_btif : bta_av_co_get_active_peer: peer index out of bounds: 5
01-11 16:59:48.074  1719  2384 D a2dp_aac: A2DP_BuildInfoAac: media_type: 0, p_ie->bitRate: 165000
01-11 16:59:48.074  1719  2384 E bt_btif : bta_av_co_get_active_peer: peer index out of bounds: 5
01-11 16:59:48.074  1719  2384 E bt_btif : bta_av_co_get_active_peer: peer index out of bounds: 5
01-11 16:59:48.074  1719  1869 D bt_btif : btif_av_state_idle_handler: event:BTA_AV_REGISTER_EVT flags: 0 on index: 1, codec_cfg_change: 0
01-11 16:59:48.074  1719  2384 E bt_btif : bta_av_co_get_active_peer: peer index out of bounds: 5
01-11 16:59:48.074  1719  1719 D A2dpService:  profile started successfully
01-11 16:59:48.074  1719  2384 E bt_btif : bta_av_co_get_active_peer: peer index out of bounds: 5
01-11 16:59:48.074  1719  1869 D bt_btif : btif_av_state_idle_handler: event:BTA_AV_REGISTER_EVT flags: 0 on index: 2, codec_cfg_change: 0
01-11 16:59:48.074  1719  2384 E bt_btif : bta_av_co_get_active_peer: peer index out of bounds: 5
01-11 16:59:48.074  1719  2384 E bt_btif : bta_av_co_get_active_peer: peer index out of bounds: 5
01-11 16:59:48.075  1719  2384 D a2dp_aac: A2DP_BuildInfoAac: media_type: 0, p_ie->bitRate: 165000
01-11 16:59:48.075  1719  2384 E bt_btif : bta_av_co_get_active_peer: peer index out of bounds: 5
01-11 16:59:48.075  1719  2384 E bt_btif : bta_av_co_get_active_peer: peer index out of bounds: 5
01-11 16:59:48.075  1719  1719 I BluetoothHidHostServiceJni: classInitNative: succeeds
01-11 16:59:48.075  1719  1869 D bt_btif : btif_av_state_idle_handler: event:BTA_AV_REGISTER_EVT flags: 0 on index: 3, codec_cfg_change: 0
01-11 16:59:48.075  1719  2384 E bt_btif : bta_av_co_get_active_peer: peer index out of bounds: 5
01-11 16:59:48.075  1719  2384 E bt_btif : bta_av_co_get_active_peer: peer index out of bounds: 5
01-11 16:59:48.075  1719  2384 D a2dp_aac: A2DP_BuildInfoAac: media_type: 0, p_ie->bitRate: 165000
01-11 16:59:48.075  1719  2384 E bt_btif : bta_av_co_get_active_peer: peer index out of bounds: 5
01-11 16:59:48.076  1719  2384 E bt_btif : bta_av_co_get_active_peer: peer index out of bounds: 5
01-11 16:59:48.076  1719  1869 D bt_btif : btif_av_state_idle_handler: event:BTA_AV_REGISTER_EVT flags: 0 on index: 4, codec_cfg_change: 0
01-11 16:59:48.077  1745  1745 D BluetoothHidHost: Proxy object connected
01-11 16:59:48.077  1719  1719 D BluetoothAdapterService: getAdapterService() - returning com.android.bluetooth.btservice.AdapterService@4037388
01-11 16:59:48.078  1719  1719 D HidHostService: Received start request. Starting profile...
01-11 16:59:48.078  1719  1719 D BluetoothAdapterService: getAdapterService() - returning com.android.bluetooth.btservice.AdapterService@4037388
01-11 16:59:48.079  1719  1719 I bt_btif : get_profile_interface: id = hidhost
01-11 16:59:48.079  1719  1869 I bt_bta_hh: BTA_HhEnable sec_mask:0x36 p_cback:0x70318fc5f0
01-11 16:59:48.079  1719  1869 I bt_btif_storage: btif_storage_get_adapter_property service_mask:0x220100048
01-11 16:59:48.080  1719  1719 D BluetoothHidHostService: setHidHostService(): set to: com.android.bluetooth.hid.HidHostService@7be08cf
01-11 16:59:48.080  1719  1719 D HidHostService:  profile started successfully
01-11 16:59:48.080  1719  2384 W bt_l2cap: L2CAP - L2CA_Register() called for PSM: 0x0011
01-11 16:59:48.080  1719  2384 W bt_l2cap: L2CAP - L2CA_Register() called for PSM: 0x0013
01-11 16:59:48.080  1719  2384 V bt_stack: [VERBOSE1:bta_gattc_act.cc(198)] bta_gattc_register: state:2
01-11 16:59:48.080  1719  2384 I bt_stack: [INFO:gatt_api.cc(950)] GATT_Register f7bf21f2-c133-2873-2f5f-577c8d8c03e7
01-11 16:59:48.080  1719  2384 I bt_stack: [INFO:gatt_api.cc(970)] allocated gatt_if=4
01-11 16:59:48.080  1719  2384 V bt_stack: [VERBOSE1:gatt_api.cc(1080)] GATT_StartIf gatt_if=4
01-11 16:59:48.080  1719  2384 V bt_stack: [VERBOSE1:gatt_utils.cc(254)] gatt_find_the_connected_bda start_idx=0
01-11 16:59:48.080  1719  2384 V bt_stack: [VERBOSE1:gatt_utils.cc(266)]  found=0 found_idx=10
01-11 16:59:48.081  1719  1871 D BluetoothActiveDeviceManager: handleMessage(MESSAGE_ADAPTER_ACTION_STATE_CHANGED): newState=11
01-11 16:59:48.081  1719  1719 I BluetoothPanServiceJni: classInitNative(L111): succeeds
01-11 16:59:48.081  2398  2398 I Perf    : Connecting to perf service.
01-11 16:59:48.082  1745  1745 D BluetoothPan: Proxy object connected
01-11 16:59:48.082  1719  1719 D BluetoothAdapterService: getAdapterService() - returning com.android.bluetooth.btservice.AdapterService@4037388
01-11 16:59:48.082  1719  1719 D PanService: Received start request. Starting profile...
01-11 16:59:48.082  1719  1719 D BluetoothAdapterService: getAdapterService() - returning com.android.bluetooth.btservice.AdapterService@4037388
01-11 16:59:48.083  1719  1719 D BluetoothPanServiceJni: initializeNative(L116): pan
01-11 16:59:48.083  1719  1719 I bt_btif : get_profile_interface: id = pan
01-11 16:59:48.084  1719  2384 W bt_l2cap: L2CAP - L2CA_Register() called for PSM: 0x000f
01-11 16:59:48.084  1719  1719 D PanService:  profile started successfully
01-11 16:59:48.084  1719  1869 D BluetoothPanServiceJni: control_state_callback(L63): state:0, local_role:3, ifname:bt-pan
01-11 16:59:48.086  1719  1719 D BluetoothAdapterService: getAdapterService() - returning com.android.bluetooth.btservice.AdapterService@4037388
01-11 16:59:48.086  1745  1745 D BluetoothMap: Proxy object connected
01-11 16:59:48.086  1745  1745 D BluetoothMap: getConnectedDevices()
01-11 16:59:48.086  1719  1719 D BluetoothMapService: Received start request. Starting profile...
01-11 16:59:48.086  1719  1719 D BluetoothAdapterService: getAdapterService() - returning com.android.bluetooth.btservice.AdapterService@4037388
01-11 16:59:48.087  1745  1745 D BluetoothMap: Bluetooth is Not enabled
01-11 16:59:48.087  1719  1719 D BluetoothMapService: start()
01-11 16:59:48.090  1719  1719 D BluetoothMapFixes: mSessionStatusHandler CREATE_MAS_INSTANCES 
01-11 16:59:48.090  1719  1719 D BluetoothMapService: mSmsCapable :true
01-11 16:59:48.091  1719  1719 D BluetoothMapService: setBluetoothMapService(): set to: com.android.bluetooth.map.BluetoothMapService@79be848
01-11 16:59:48.091  1719  2437 V BluetoothMapService: Handler(): got msg=5
01-11 16:59:48.091  1719  1719 D BluetoothMapService:  profile started successfully
01-11 16:59:48.091  1719  1719 I BluetoothAvrcpControllerJni: classInitNative: succeeds
01-11 16:59:48.091  1719  1719 D BluetoothAdapterService: getAdapterService() - returning com.android.bluetooth.btservice.AdapterService@4037388
01-11 16:59:48.092  1719  1719 D AvrcpControllerService: Received start request. Starting profile...
01-11 16:59:48.092  1719  1719 D BluetoothAdapterService: getAdapterService() - returning com.android.bluetooth.btservice.AdapterService@4037388
01-11 16:59:48.092  1719  2437 D BluetoothMapService: CREATE_MAS_INSTANCES 
01-11 16:59:48.092  1719  2437 D BluetoothAdapterService: getAdapterService() - returning com.android.bluetooth.btservice.AdapterService@4037388
01-11 16:59:48.093  1719  2437 D BluetoothVendorService: getProfileInfo profile_id: 3
01-11 16:59:48.093  1719  2437 I BluetoothVendorJni: getProfileInfoNative
01-11 16:59:48.093  1719  2437 I bt_btif_vendor: get_profile_info :3
01-11 16:59:48.093  1719  2437 W bt_device_profile: profile_feature_fetch:profile 3
01-11 16:59:48.093  1719  2437 W bt_device_profile: profile_feature_fetch:MAP_EMAIL_SUPPORT found 1
01-11 16:59:48.093  1719  2437 D BluetoothMapAppObserver: isEmailSupported: true
01-11 16:59:48.093  1719  1719 I bt_btif : get_profile_interface: id = avrcp_ctrl
01-11 16:59:48.093  1719  1719 I bt_btif : get_profile_interface: id = vendor_avrcp_ctrl
01-11 16:59:48.093  1719  1719 D bt_btif : btif_rc_vendor_ctrl_get_interface
01-11 16:59:48.093  1719  2437 D BluetoothMapAccountEmailLoader: mEmailContext Assigned 
01-11 16:59:48.093  1719  2437 D BluetoothMapAccountEmailLoader: Groups SIZE: 0
01-11 16:59:48.093  1719  2437 D BluetoothMapAccountEmailLoader: Found 0 applications - Support legacy default or primary email Account
01-11 16:59:48.096  1719  2437 D BluetoothMapAccountEmailLoader: isEmailAppStarted: false
01-11 16:59:48.098  1719  1719 D AvrcpControllerService:  profile started successfully
01-11 16:59:48.099  1719  1719 V SapService: SapBinder()
01-11 16:59:48.100  1719  1719 D BluetoothAdapterService: getAdapterService() - returning com.android.bluetooth.btservice.AdapterService@4037388
01-11 16:59:48.100  1745  1745 D BluetoothSap: Proxy object connected
01-11 16:59:48.100  1745  1745 D BluetoothSap: getConnectedDevices()
01-11 16:59:48.100  1719  1719 D SapService: Received start request. Starting profile...
01-11 16:59:48.100  1719  1719 D BluetoothAdapterService: getAdapterService() - returning com.android.bluetooth.btservice.AdapterService@4037388
01-11 16:59:48.101  1745  1745 D BluetoothSap: Bluetooth is Not enabled
01-11 16:59:48.101  1719  1719 V SapService: start()
01-11 16:59:48.102  1719  1719 D SapService: setSapService(): set to: com.android.bluetooth.sap.SapService@a948292
01-11 16:59:48.102  1719  1719 D SapService:  profile started successfully
01-11 16:59:48.104  1719  1719 V BtOppService: onCreate
01-11 16:59:48.105  1719  1719 D BluetoothAdapterService: getAdapterService() - returning com.android.bluetooth.btservice.AdapterService@4037388
01-11 16:59:48.105  1719  1719 D BluetoothOppService: Received start request. Starting profile...
01-11 16:59:48.105  1719  1719 D BluetoothAdapterService: getAdapterService() - returning com.android.bluetooth.btservice.AdapterService@4037388
01-11 16:59:48.106  1719  1719 V BtOppService: start()
01-11 16:59:48.106  1719  1719 D BtOppService: setBluetoothOppService(): set to: com.android.bluetooth.opp.BluetoothOppService@331b119
01-11 16:59:48.106  1719  1719 D BluetoothOppService:  profile started successfully
01-11 16:59:48.108  1719  1719 D BluetoothAdapterService: getAdapterService() - returning com.android.bluetooth.btservice.AdapterService@4037388
01-11 16:59:48.108  1719  1719 D BluetoothPbapService: Received start request. Starting profile...
01-11 16:59:48.109  1719  1719 D BluetoothAdapterService: getAdapterService() - returning com.android.bluetooth.btservice.AdapterService@4037388
01-11 16:59:48.112  1719  2437 D BluetoothMapAccountEmailLoader: Enabled Accounts count:0
01-11 16:59:48.112  1719  2437 D BluetoothMapAccountLoader: Enabled Accounts count:0
01-11 16:59:48.113  1719  1719 I BluetoothPbapService: setCurrentUser(0)
01-11 16:59:48.113   956  1031 W HWComposer: Ignoring duplicate VSYNC event from HWC for display 19260656133175809 (t=38009935000)
01-11 16:59:48.114   888   978 E ANDR-IOP: io prefetch is disabled waiting for boot_completed
01-11 16:59:48.117  2398  2398 I AlarmClock: AlarmInitReceiver android.intent.action.LOCKED_BOOT_COMPLETED
01-11 16:59:48.117  1719  1719 D BluetoothPbapService: setBluetoothPbapService(): set to: com.android.bluetooth.pbap.BluetoothPbapService@e09d1ea
01-11 16:59:48.117  1719  1719 D BluetoothPbapService:  profile started successfully
01-11 16:59:48.118  1719  1719 D HeadsetPhoneState: sendDeviceStateChanged. mService=0 mIsSimStateLoaded=false mSignal=0 mRoam=0 mBatteryCharge=3
01-11 16:59:48.119  1719  1719 D BluetoothMediaBrowserService: onCreate
01-11 16:59:48.120  1719  1719 W MediaSessionCompat: Couldn't find a unique registered media button receiver in the given context.
01-11 16:59:48.122  1719  2408 V Avrcp_ext: updateCurrentMediaState: mMediaController: null
01-11 16:59:48.122  1719  2408 V Avrcp_ext: isMusicActive: false getBluetoothPlayState: 2
01-11 16:59:48.122  1719  2408 V Avrcp_ext: updateCurrentMediaState: isPlaying = false
01-11 16:59:48.122  1719  2408 V Avrcp_ext: Media update: id -1-1? [MediaAttributes: none] : [MediaAttributes: none]
01-11 16:59:48.122  1719  2408 V Avrcp_ext: newPlayStatus:2mReportedPlayStatus:-1
01-11 16:59:48.122  1719  2408 V Avrcp_ext: updatePlaybackState, state: PlaybackState {state=2, position=-1, buffered position=0, speed=0.0, updated=38019, actions=0, custom actions=[], active item id=-1, error=null} device: null
01-11 16:59:48.122  1719  2408 V Avrcp_ext: Device: no name: 
01-11 16:59:48.122  1719  2408 I chatty  : uid=1002(bluetooth) BluetoothAvrcpH identical 18 lines
01-11 16:59:48.124  1719  2408 I Avrcp_ext: Exit updatePlayStatusForDevice
01-11 16:59:48.124  1719  2408 D HeadsetService:  isAudioOn: The number of audio connected devices 0
01-11 16:59:48.124  1719  2408 D HeadsetService: isScoOrCallActive(): Call Active:falseCall is Ringing:falseSCO is Active:false
01-11 16:59:48.124  1719  2408 D HeadsetService:  isAudioOn: The number of audio connected devices 0
01-11 16:59:48.124  1719  2408 I Avrcp_ext: updatePlayStatusForDevice: device: null
01-11 16:59:48.124  2398  2443 I AlarmClock: Fixing alarm instances
01-11 16:59:48.125  1719  2408 V Avrcp_ext: updatePlaybackState (1): old=PlaybackState {state=2, position=-1, buffered position=0, speed=0.0, updated=37878, actions=0, custom actions=[], active item id=-1, error=null}(2), new=PlaybackState {state=2, position=-1, buffered position=0, speed=0.0, updated=38019, actions=0, custom actions=[], active item id=-1, error=null}(2)
01-11 16:59:48.125  1719  2408 I Avrcp_ext: Exit updatePlayStatusForDevice
01-11 16:59:48.125  1719  2408 D HeadsetService:  isAudioOn: The number of audio connected devices 0
01-11 16:59:48.125  1719  2408 D HeadsetService: isScoOrCallActive(): Call Active:falseCall is Ringing:falseSCO is Active:false
01-11 16:59:48.125  1719  2408 D HeadsetService:  isAudioOn: The number of audio connected devices 0
01-11 16:59:48.125  1719  2408 I Avrcp_ext: updatePlayStatusForDevice: device: null
01-11 16:59:48.125  1719  2408 V Avrcp_ext: updatePlaybackState (1): old=PlaybackState {state=2, position=-1, buffered position=0, speed=0.0, updated=37878, actions=0, custom actions=[], active item id=-1, error=null}(2), new=PlaybackState {state=2, position=-1, buffered position=0, speed=0.0, updated=38019, actions=0, custom actions=[], active item id=-1, error=null}(2)
01-11 16:59:48.125  1719  2408 I Avrcp_ext: Exit updatePlayStatusForDevice
01-11 16:59:48.125  1719  2408 D HeadsetService:  isAudioOn: The number of audio connected devices 0
01-11 16:59:48.126  1719  2408 D HeadsetService: isScoOrCallActive(): Call Active:falseCall is Ringing:falseSCO is Active:false
01-11 16:59:48.126  1719  2408 D HeadsetService:  isAudioOn: The number of audio connected devices 0
01-11 16:59:48.126  1719  2408 I Avrcp_ext: updatePlayStatusForDevice: device: null
01-11 16:59:48.126  1719  2408 V Avrcp_ext: updatePlaybackState (1): old=PlaybackState {state=2, position=-1, buffered position=0, speed=0.0, updated=37878, actions=0, custom actions=[], active item id=-1, error=null}(2), new=PlaybackState {state=2, position=-1, buffered position=0, speed=0.0, updated=38019, actions=0, custom actions=[], active item id=-1, error=null}(2)
01-11 16:59:48.126  1719  2408 I Avrcp_ext: Exit updatePlayStatusForDevice
01-11 16:59:48.126  1719  2408 D Avrcp_ext: Enter sendPlayPosNotificationRsp
01-11 16:59:48.126  1719  2408 D Avrcp_ext: sendPlayPosNotificationRsp: Not registered or requesting.
01-11 16:59:48.126  1719  2408 D Avrcp_ext: Enter sendPlayPosNotificationRsp
01-11 16:59:48.126  1719  2408 D Avrcp_ext: sendPlayPosNotificationRsp: Not registered or requesting.
01-11 16:59:48.126  1719  2408 D Avrcp_ext: Enter sendPlayPosNotificationRsp
01-11 16:59:48.126  1719  2408 D Avrcp_ext: sendPlayPosNotificationRsp: Not registered or requesting.
01-11 16:59:48.126  1719  2408 D Avrcp_ext: Enter sendPlayPosNotificationRsp
01-11 16:59:48.126  1719  2408 D Avrcp_ext: sendPlayPosNotificationRsp: Not registered or requesting.
01-11 16:59:48.126  1719  2408 D Avrcp_ext: Enter sendPlayPosNotificationRsp
01-11 16:59:48.126  1719  2408 D Avrcp_ext: sendPlayPosNotificationRsp: Not registered or requesting.
01-11 16:59:48.126  1719  2408 V Avrcp_ext: Exit updatePlayerStateAndPosition
01-11 16:59:48.127  2073  2278 E PhoneInterfaceManager: [PhoneIntfMgr] getIccId: No UICC
01-11 16:59:48.130   956  1031 W HWComposer: Ignoring duplicate VSYNC event from HWC for display 19260656133175809 (t=38026610000)
01-11 16:59:48.130  1719  1719 W BluetoothAdapterService: onProfileServiceStateChange() - All profile services started..
01-11 16:59:48.130  1719  1719 D AdapterProperties: onBluetoothReady, state=TURNING_ON, ScanMode=20
01-11 16:59:48.130  1719  1719 D BluetoothAdapterService: updateUuids() - Updating UUIDs for bonded devices
01-11 16:59:48.131  1719  1824 I AdapterState: ON : entered 
01-11 16:59:48.131  1719  1824 D AdapterProperties: Setting state to ON
01-11 16:59:48.131  1719  1824 D BluetoothAdapterService: updateAdapterState() - Broadcasting state ON to 1 receivers.
01-11 16:59:48.132   945  1424 D BluetoothManagerService: MESSAGE_BLUETOOTH_STATE_CHANGE: TURNING_ON > ON
01-11 16:59:48.132   945  1424 D BluetoothManagerService: Broadcasting onBluetoothStateChange(true) to 13 receivers.
01-11 16:59:48.132  2073  2278 E PhoneInterfaceManager: [PhoneIntfMgr] getIccId: No UICC
01-11 16:59:48.132  1719  1869 D AdapterProperties: Scan Mode:21
01-11 16:59:48.132  1719  1869 D AdapterProperties: Discoverable Timeout:120
01-11 16:59:48.132  1719  1869 D AdapterProperties: mLocalIOCapability set to 1
01-11 16:59:48.132  1719  1869 D AdapterProperties: mLocalIOCapabilityBLE set to 4
01-11 16:59:48.133   945  1424 D BluetoothManagerService: Creating new ProfileServiceConnections object for profile: 1
01-11 16:59:48.134  1719  2440 D ObexServerSockets: create(rfcomm = 19, l2capPsm = 4133)
01-11 16:59:48.135  1719  2445 W BluetoothAdapter: getBluetoothService() called with no BluetoothManagerCallback
01-11 16:59:48.135  1719  2440 W BluetoothAdapter: getBluetoothService() called with no BluetoothManagerCallback
01-11 16:59:48.136  1719  1719 D BluetoothVendorService: setWifiState to: false
01-11 16:59:48.136  1719  1719 I BluetoothVendorJni: setWifiStateNative
01-11 16:59:48.136  1719  1719 I bt_btif_vendor: setWifiState :0
01-11 16:59:48.136  1719  2384 I bt_stack: [INFO:port_api.cc(123)] RFCOMM_CreateConnection BDA: ff:ff:ff:ff:ff:ff
01-11 16:59:48.137  1719  2384 I bt_stack: [INFO:port_api.cc(123)] RFCOMM_CreateConnection BDA: ff:ff:ff:ff:ff:ff
01-11 16:59:48.137  1719  2445 D BluetoothSdpJni: sdpCreateSapsRecordNative
01-11 16:59:48.137  1719  2445 D BluetoothSdpJni: SDP Create record success - handle: 0
01-11 16:59:48.137  1719  2440 W BluetoothAdapter: getBluetoothService() called with no BluetoothManagerCallback
01-11 16:59:48.138  1719  2384 W bt_l2cap: L2CAP - L2CA_Register() called for PSM: 0x1025
01-11 16:59:48.138  1719  2440 D ObexServerSockets: Succeed to create listening sockets 
01-11 16:59:48.138  1719  2440 D ObexServerSockets0: startAccept()
01-11 16:59:48.138  1745  2236 D BluetoothHeadset: onBluetoothStateChange: up=true
01-11 16:59:48.139  1745  2236 D BluetoothHeadset: Binding service...
01-11 16:59:48.139  2073  2278 D BluetoothHeadset: onBluetoothStateChange: up=true
01-11 16:59:48.139  2073  2278 D BluetoothHeadset: Binding service...
01-11 16:59:48.139  1719  1719 D BluetoothVendorService: getPowerBackoff 
01-11 16:59:48.139  1719  1719 I BtOppService:  handleMessage :300
01-11 16:59:48.139   945  1424 W BluetoothManagerService: psc is not null in bindBluetoothProfileService
01-11 16:59:48.140  1745  1773 D BluetoothDun: onBluetoothStateChange on: true
01-11 16:59:48.140  1745  1773 D BluetoothDun: onBluetoothStateChange call bindService
01-11 16:59:48.141   945  2375 W BluetoothManagerService: psc is not null in bindBluetoothProfileService
01-11 16:59:48.141  1745  1773 E BluetoothDun: Could not bind to Bluetooth Dun Service with Intent { act=android.bluetooth.IBluetoothDun }
01-11 16:59:48.141  1719  2440 D BluetoothAdapterService: getAdapterService() - returning com.android.bluetooth.btservice.AdapterService@4037388
01-11 16:59:48.141  1719  2440 D BluetoothVendorService: getProfileInfo profile_id: 2
01-11 16:59:48.142  1719  2440 I BluetoothVendorJni: getProfileInfoNative
01-11 16:59:48.142  1719  2440 I bt_btif_vendor: get_profile_info :2
01-11 16:59:48.142  1719  2440 W bt_device_profile: profile_feature_fetch:profile 2
01-11 16:59:48.142  1719  2440 W bt_device_profile: profile_feature_fetch:PBAP_0102_SUPPORT found 1
01-11 16:59:48.142  1719  2440 D BluetoothVendorService: getProfileInfo profile_id: 2
01-11 16:59:48.142  1719  2440 I BluetoothVendorJni: getProfileInfoNative
01-11 16:59:48.142  1719  2440 I bt_btif_vendor: get_profile_info :2
01-11 16:59:48.142  1719  2440 W bt_device_profile: profile_feature_fetch:profile 2
01-11 16:59:48.142  1719  2440 W bt_device_profile: profile_feature_fetch:USE_SIM_SUPPORT found 1
01-11 16:59:48.142  1719  2440 D BluetoothPbapFixes: isSupportedPbap12: true
01-11 16:59:48.142   945  1846 W BluetoothManagerService: psc is not null in bindBluetoothProfileService
01-11 16:59:48.142  1719  2440 D BluetoothPbapFixes: isSimSupported: true
01-11 16:59:48.142  1719  2440 D BluetoothPbapFixes: creating PBAP 1.1 record with sim support
01-11 16:59:48.142  1719  2440 D BluetoothSdpJni: sdpCreatePbapPseRecordNative
01-11 16:59:48.142  1719  2440 D BluetoothSdpJni: SDP Create record success - handle: 1
01-11 16:59:48.142  1719  2440 D BluetoothPbapService: created Sdp record, mSdpHandle=1
01-11 16:59:48.143   945  1424 W BluetoothManagerService: psc is not null in bindBluetoothProfileService
01-11 16:59:48.143   945  1424 D BluetoothManagerService: Sending BLE State Change: TURNING_ON > ON
01-11 16:59:48.144  1719  2449 D ObexServerSockets0: Accepting socket connection...
01-11 16:59:48.145  1719  2448 D ObexServerSockets0: Accepting socket connection...
01-11 16:59:48.146  1719  1871 D BluetoothActiveDeviceManager: handleMessage(MESSAGE_ADAPTER_ACTION_STATE_CHANGED): newState=12
01-11 16:59:48.146  1719  1719 D AvrcpBipRsp: action: android.bluetooth.adapter.action.STATE_CHANGED
01-11 16:59:48.146  1719  1719 D AvrcpBipRsp: state:12
01-11 16:59:48.146   956  1031 W HWComposer: Ignoring duplicate VSYNC event from HWC for display 19260656133175809 (t=38043267000)
01-11 16:59:48.146  1719  1719 D BtOppService: action : android.bluetooth.adapter.action.STATE_CHANGED
01-11 16:59:48.148  1719  2447 E ActivityThread: Failed to find provider info for com.android.contacts
01-11 16:59:48.148  1719  2447 D BluetoothPbapUtils: Failed to fetch contacts data from database..
01-11 16:59:48.148   945   945 W Telecom : BluetoothPhoneService: Calling get Profile proxy
01-11 16:59:48.149   945   945 W BluetoothManagerService: psc is not null in bindBluetoothProfileService
01-11 16:59:48.149   945   945 W Telecom : BluetoothPhoneService: Done Calling get Profile proxy
01-11 16:59:48.149   945  1850 W ActivityManager: Receiver with filter android.content.IntentFilter@a7411dd already registered for pid 1745, callerPackage is com.android.systemui
01-11 16:59:48.149   945   945 I Telecom : BluetoothPhoneService: queryPhoneState: BPSI.qPS@AA0
01-11 16:59:48.155  1745  1812 D ImageWallpaper: finishRendering, preserve=true
01-11 16:59:48.156  2398  2443 V AlarmClock: AlarmInitReceiver finished
01-11 16:59:48.162  1719  1719 I BluetoothPhonePolicy: delay auto connect by 500 ms
01-11 16:59:48.162  1719  1719 D BluetoothAdapterService: isQuetModeEnabled() - Enabled = false
01-11 16:59:48.162  1719  1719 D AvrcpBipRsp: Handler(): got msg=1
01-11 16:59:48.163  1719  1719 D AvrcpBipRsp: startL2capListener
01-11 16:59:48.163  1719  1719 D AvrcpBipRsp: closeServerSocket
01-11 16:59:48.163  1719  1719 D ObexServerSockets: create(rfcomm = -1, l2capPsm = 4129)
01-11 16:59:48.163  2073  2073 I m.android.phon: The ClassLoaderContext is a special shared library.
01-11 16:59:48.163   956  1031 W HWComposer: Ignoring duplicate VSYNC event from HWC for display 19260656133175809 (t=38059941000)
01-11 16:59:48.164  1719  1719 W BluetoothAdapter: getBluetoothService() called with no BluetoothManagerCallback
01-11 16:59:48.164  1719  2384 W bt_l2cap: L2CAP - L2CA_Register() called for PSM: 0x1021
01-11 16:59:48.167  1719  1719 D ObexServerSockets: Succeed to create listening sockets 
01-11 16:59:48.167  1719  1719 D ObexServerSockets1: startAccept()
01-11 16:59:48.168  1719  1719 I BtOppService:  handleMessage :1
01-11 16:59:48.168  1719  1719 D BtOppService: start Socket Listeners
01-11 16:59:48.168  1719  1719 D BtOppService: stopListeners: mServerSocket is null
01-11 16:59:48.168  1719  1719 D ObexServerSockets: create(rfcomm = 12, l2capPsm = 4131)
01-11 16:59:48.169  1719  1719 W BluetoothAdapter: getBluetoothService() called with no BluetoothManagerCallback
01-11 16:59:48.170  1719  2384 I bt_stack: [INFO:port_api.cc(123)] RFCOMM_CreateConnection BDA: ff:ff:ff:ff:ff:ff
01-11 16:59:48.170  1719  1719 D BluetoothAdapter: listenUsingInsecureL2capOn: port=4131
01-11 16:59:48.171  1719  1719 W BluetoothAdapter: getBluetoothService() called with no BluetoothManagerCallback
01-11 16:59:48.171  1719  2384 W bt_l2cap: L2CAP - L2CA_Register() called for PSM: 0x1023
01-11 16:59:48.172  1719  2454 D ObexServerSockets1: Accepting socket connection...
01-11 16:59:48.172  1719  1719 D ObexServerSockets: Succeed to create listening sockets 
01-11 16:59:48.172  1719  1719 D ObexServerSockets2: startAccept()
01-11 16:59:48.173  1719  1719 D BluetoothSdpJni: sdpCreateOppOpsRecordNative
01-11 16:59:48.173  1719  1719 D BluetoothSdpJni: SDP Create record success - handle: 2
01-11 16:59:48.173  1719  1719 D BtOppService: mOppSdpHandle :2
01-11 16:59:48.173  1719  2456 D ObexServerSockets2: Accepting socket connection...
01-11 16:59:48.174  1719  2455 D ObexServerSockets2: Accepting socket connection...
01-11 16:59:48.177  2073  2073 D ONSAutoboot: Received android.intent.action.LOCKED_BOOT_COMPLETED
01-11 16:59:48.180   956  1031 W HWComposer: Ignoring duplicate VSYNC event from HWC for display 19260656133175809 (t=38076607000)
01-11 16:59:48.196   956  1031 W HWComposer: Ignoring duplicate VSYNC event from HWC for display 19260656133175809 (t=38093333000)
01-11 16:59:48.198  1719  2437 D BluetoothMapAppObserver: createReceiver()
01-11 16:59:48.199  1719  2437 D BluetoothMapAppObserver: initObservers()
01-11 16:59:48.200  1719  2437 D BluetoothMapAppObserver: getEnabledAccountItems()
01-11 16:59:48.200  1719  2437 W BluetoothMapAppObserver: getEnabledAccountItems() - No AccountList enabled
01-11 16:59:48.201  1719  2437 V BluetoothMapService: Handler(): got msg=1
01-11 16:59:48.201  1719  2437 D BluetoothMapMasInstance0: Map Service startSocketListeners
01-11 16:59:48.201  1719  2437 D ObexServerSockets: create(rfcomm = 26, l2capPsm = 4137)
01-11 16:59:48.202  1719  2437 W BluetoothAdapter: getBluetoothService() called with no BluetoothManagerCallback
01-11 16:59:48.205  1719  2384 I bt_stack: [INFO:port_api.cc(123)] RFCOMM_CreateConnection BDA: ff:ff:ff:ff:ff:ff
01-11 16:59:48.207  1719  2437 W BluetoothAdapter: getBluetoothService() called with no BluetoothManagerCallback
01-11 16:59:48.208  1719  2384 W bt_l2cap: L2CAP - L2CA_Register() called for PSM: 0x1029
01-11 16:59:48.208  1719  2437 D ObexServerSockets: Succeed to create listening sockets 
01-11 16:59:48.208  1719  2437 D ObexServerSockets3: startAccept()
01-11 16:59:48.209  1719  2437 D BluetoothSdpJni: sdpCreateMapMasRecordNative
01-11 16:59:48.209  1719  2437 D BluetoothSdpJni: SDP Create record success - handle: 3
01-11 16:59:48.210  1719  2463 D ObexServerSockets3: Accepting socket connection...
01-11 16:59:48.210  1719  2462 D ObexServerSockets3: Accepting socket connection...
01-11 16:59:48.216   601   651 D vold    : Finished restorecon of /data/misc_ce/0
01-11 16:59:48.216   601   651 D vold    : /system/bin/vold_prepare_subdirs
01-11 16:59:48.216   601   651 D vold    :     prepare
01-11 16:59:48.216   601   651 D vold    :     
01-11 16:59:48.216   601   651 D vold    :     0
01-11 16:59:48.216   601   651 D vold    :     2
01-11 16:59:48.237  2464  2464 D vold_prepare_subdirs: Setting up mode 700 uid 0 gid 0 context u:object_r:vold_data_file:s0 on path: /data/misc_ce/0/vold
01-11 16:59:48.238  2464  2464 D vold_prepare_subdirs: Setting up mode 700 uid 0 gid 0 context u:object_r:storaged_data_file:s0 on path: /data/misc_ce/0/storaged
01-11 16:59:48.238  2464  2464 D vold_prepare_subdirs: Setting up mode 700 uid 0 gid 0 context u:object_r:rollback_data_file:s0 on path: /data/misc_ce/0/rollback
01-11 16:59:48.239  2464  2464 D vold_prepare_subdirs: Setting up mode 700 uid 1000 gid 1000 context u:object_r:backup_data_file:s0 on path: /data/system_ce/0/backup
01-11 16:59:48.239  2464  2464 D vold_prepare_subdirs: Setting up mode 700 uid 1000 gid 1000 context u:object_r:backup_data_file:s0 on path: /data/system_ce/0/backup_stage
01-11 16:59:48.239  2464  2464 D vold_prepare_subdirs: Setting up mode 700 uid 1000 gid 1000 context u:object_r:face_vendor_data_file:s0 on path: /data/vendor_ce/0/facedata
01-11 16:59:48.242   945  1420 V UserDataPreparer: Found /data/user/0 with serial number 0
01-11 16:59:48.242   945  1420 V UserDataPreparer: Found /data/system_ce/0 with serial number 0
01-11 16:59:48.242  1745  1773 D BluetoothHeadset: Proxy object connected
01-11 16:59:48.243   945  1420 D UserDataPreparer: Setting property: sys.user.0.ce_available=true
01-11 16:59:48.243  2073  2278 D BluetoothHeadset: Proxy object connected
01-11 16:59:48.244   945  1420 V PackageManager: reconcileAppsData for null u0 0x2 migrateAppData=false
01-11 16:59:48.269  2465  2465 E ssgtzd  : Load embedded app `qwes` failed: 12 (IAppLoader_ERROR_ELF_SIGNATURE_ERROR INT32_C(12))
01-11 16:59:48.269  2465  2465 E ssgtzd  : Failed to open file /vendor/firmware_mnt/image/qwes.mbn: No such file or directory (2)
01-11 16:59:48.269  2465  2465 E ssgtzd  : Failed to open file /vendor/firmware/image/qwes.mbn: No such file or directory (2)
01-11 16:59:48.281   945   945 W Telecom : BluetoothPhoneService: onServiceConnected: setting mBluetoothHeadset
01-11 16:59:48.281   945   945 I Telecom : BluetoothPhoneService: updateHeadsetWithCallState numActive 0, numHeld 0, callState 6, ringing number ***, ringing type 128, ringing name null
01-11 16:59:48.282  2230  2230 D QcrilMsgTunnelAutoboot: ComponentInfo{com.qualcomm.qcrilmsgtunnel/com.qualcomm.qcrilmsgtunnel.QcrilMsgTunnelService} started successfully
01-11 16:59:48.286   945   945 I Telecom : : - Got BluetoothHeadset: com.android.server.telecom.BluetoothHeadsetProxy@9ddb0b2: BMSL.oSC@AA4
01-11 16:59:48.286   945   945 W Telecom : BluetoothPhoneService: onServiceConnected: setting mBluetoothHeadset
01-11 16:59:48.286   945   945 I Telecom : BluetoothPhoneService: updateHeadsetWithCallState numActive 0, numHeld 0, callState 6, ringing number ***, ringing type 128, ringing name null
01-11 16:59:48.287  2465  2465 I ssgtzd  : Load app /vendor/firmware_mnt/image/haventkn.mbn succeeded
01-11 16:59:48.287  2465  2465 E ssgtzd  : Failed to open file /vendor/firmware_mnt/image/dhsecapp.mbn: No such file or directory (2)
01-11 16:59:48.289   857  2134 D vendor.qti.bluetooth@1.0-wake_lock: Release wakelock is released 
01-11 16:59:48.290   945  2507 I chatty  : uid=1000(system) LBSSystemMonito expire 7 lines
01-11 16:59:48.291   857  2378 I vendor.qti.bluetooth@1.0-ibs_handler: ProcessIbsCmd: Received IBS_SLEEP_IND: 0xFE
01-11 16:59:48.291  1719  2405 I HeadsetService: No device is connected and no call, set A2DPsuspended to false
01-11 16:59:48.292  1719  2405 D HeadsetA2dpSync:  releaseA2DP mA2dpSuspendTriggered 0 by device null
01-11 16:59:48.292  1719  2405 I HeadsetService: No device is connected and no call, set A2DPsuspended to false
01-11 16:59:48.293  1719  2405 D HeadsetA2dpSync:  releaseA2DP mA2dpSuspendTriggered 0 by device null
01-11 16:59:48.294   945  1690 I chatty  : uid=1000(system) AudioDeviceBrok expire 2 lines
01-11 16:59:48.297   867   867 V LocSvc_HIDL_HidlGnss: [getExtensionLocHidlIzatSubscription][304] [HS] <<<<= [HC]
01-11 16:59:48.299   867   867 V LocSvc_HIDL_HidlGnss: [getExtensionLocHidlRilInfoMonitor][312] [HS] <<<<= [HC]
01-11 16:59:48.300   867   867 V LocSvc_HIDL_IzatSubscription: [init][171] [HS] <<<<= [HC]
01-11 16:59:48.300   867   867 V LocSvc_HIDL_IzatSubscription: [updateSubscribe][58] [HS] =>>>> [HC]
01-11 16:59:48.301   867   867 V LocSvc_HIDL_IzatSubscription: [requestData][88] [HS] =>>>> [HC]
01-11 16:59:48.301   867   867 V LocSvc_HIDL_IzatSubscription: [updateSubscribe][58] [HS] =>>>> [HC]
01-11 16:59:48.301   867   867 V LocSvc_HIDL_RilInfoMonitor: [init][18] [HS] <<<<= [HC]
01-11 16:59:48.304  2465  2465 I ssgtzd  : Load app /vendor/firmware_mnt/image/rtic.mbn succeeded
01-11 16:59:48.305  2465  2465 E ssgtzd  : Failed to open file /vendor/firmware/image/haventkn.mbn: No such file or directory (2)
01-11 16:59:48.305  2465  2465 E ssgtzd  : Failed to open file /vendor/firmware/image/dhsecapp.mbn: No such file or directory (2)
01-11 16:59:48.305  2465  2465 E ssgtzd  : Failed to open file /vendor/firmware/image/rtic.mbn: No such file or directory (2)
01-11 16:59:48.305  2465  2465 I ssgtzd  : Serving TZD interface
01-11 16:59:48.309   945  2508 I chatty  : uid=1000(system) LocationService expire 24 lines
01-11 16:59:48.309   867   867 V LocSvc_HIDL_IzatSubscription: [stringDataItemUpdate][278] [HS] <<<<= [HC]
01-11 16:59:48.311   867   957 I LocSvc_SystemStatusOsObserver: DataItem: MCCMNC: - >> XtraSystemStatusObserver
01-11 16:59:48.313   867   867 V LocSvc_HIDL_IzatSubscription: [boolDataItemUpdate][223] [HS] <<<<= [HC]
01-11 16:59:48.313   867   957 I LocSvc_SystemStatusOsObserver: DataItem: IS_QUALCOMM_ENHANCED_PROVIDER_ENABLED: false >> OptInObserver
01-11 16:59:48.313   867   957 I Xt_Adapter: setXtAdapterUserPref() pref 0
01-11 16:59:48.313   867   957 E Xt_Adapter: sXtAdapter NULL !
01-11 16:59:48.313   867   957 I LocSvc_SystemStatusOsObserver: DataItem: IS_QUALCOMM_ENHANCED_PROVIDER_ENABLED: false >> ComboNetworkProvider
01-11 16:59:48.313   867   957 I LocSvc_SystemStatusOsObserver: DataItem: IS_WIFI_HARDWARE_ON: false >> Wiper
01-11 16:59:48.318   867   867 V LocSvc_HIDL_IzatSubscription: [stringDataItemUpdate][278] [HS] <<<<= [HC]
01-11 16:59:48.318   867   957 I LocSvc_SystemStatusOsObserver: DataItem: TAC: - >> XtraSystemStatusObserver
01-11 16:59:48.319   867   867 V LocSvc_HIDL_IzatSubscription: [timezoneChangeUpdate][619] [HS] <<<<= [HC]
01-11 16:59:48.319   867   957 I LocSvc_SystemStatusOsObserver: DataItem: IS_TIMEZONE_CHANGED: true >> Wiper
01-11 16:59:48.320   867   867 V LocSvc_HIDL_IzatSubscription: [timeChangeUpdate][640] [HS] <<<<= [HC]
01-11 16:59:48.320   867   957 I LocSvc_SystemStatusOsObserver: DataItem: IS_TIME_CHANGED: true >> Wiper
01-11 16:59:48.320   718   718 D Zygote  : Forked child process 2514
01-11 16:59:48.321   867   867 V LocSvc_HIDL_IzatSubscription: [boolDataItemUpdate][223] [HS] <<<<= [HC]
01-11 16:59:48.322   945  1438 I ActivityManager: Start proc 2514:com.qualcomm.qti.biometrics.fingerprint.service/u0a103 for broadcast {com.qualcomm.qti.biometrics.fingerprint.service/com.qualcomm.qti.biometrics.fingerprint.service.ShutdownReceiver}
01-11 16:59:48.324   867   867 V LocSvc_HIDL_HidlGnss: [getExtensionLocHidlGnssNi][288] [HS] <<<<= [HC]
01-11 16:59:48.325   867   867 V LocSvc_HIDL_HidlGnss: [getExtensionLocHidlAGnss_2_1][444] [HS] <<<<= [HC]
01-11 16:59:48.326   867   867 V LocSvc_HIDL_GnssNi: [setVendorCallback][36] [HS] <<<<= [HC]
01-11 16:59:48.326   867   867 V LocSvc_HIDL_HidlAGnss: [setCallbackExt][328] [HS] <<<<= [HC]
01-11 16:59:48.326   867   867 D LocSvc_HIDL_HidlAGnss: getGnssInterface]: loading libgnss.so::getGnssInterface ...
01-11 16:59:48.375  2514  2514 W System  : ClassLoader referenced unknown path: /system/framework/vendor.qti.hardware.fingerprint-V1.0-java.jar
01-11 16:59:48.394  2514  2514 D libnativeloader: classloader namespace configured for unbundled vendor apk. library_path=/vendor/app/QFingerprintService/lib/arm64:/vendor/lib64
01-11 16:59:48.405  2514  2514 I Perf    : Connecting to perf service.
01-11 16:59:48.417   888   978 E ANDR-IOP: io prefetch is disabled waiting for boot_completed
01-11 16:59:48.428  2514  2514 I qfp-service: ShutdownReceiver event received: android.intent.action.LOCKED_BOOT_COMPLETED
01-11 16:59:48.430  2514  2514 V qfp-service.MockDaemon: MockDaemon
01-11 16:59:48.432  2073  2111 W System  : A resource failed to call end. 
01-11 16:59:48.432  2073  2111 W System  : A resource failed to call end. 
01-11 16:59:48.447  2395  2395 W init.qcom.post_: type=1400 audit(0.0:15): avc: denied { dac_override } for capability=1 scontext=u:r:qti_init_shell:s0 tcontext=u:r:qti_init_shell:s0 tclass=capability permissive=0
01-11 16:59:48.454  2514  2514 V qfp-service.MockDaemon: mService95503984
01-11 16:59:48.487  2514  2514 I android_os_HwBinder: HwBinder: Starting thread pool for getting: vendor.qti.hardware.fingerprint@1.0::IQtiExtendedFingerprint/default
01-11 16:59:48.494  1964  1964 W ApplicationLoaders: Unexpected environment for cached library: (null|[dalvik.system.PathClassLoader[DexPathList[[zip file "/system/framework/android.hidl.base-V1.0-java.jar"],nativeLibraryDirectories=[/system/lib64, /product/lib64]]]])
01-11 16:59:48.494  1964  1964 D ApplicationLoaders: Returning zygote-cached class loader: /system/framework/android.hidl.base-V1.0-java.jar
01-11 16:59:48.507  1964  1964 D libnativeloader: classloader namespace configured for unbundled vendor apk. library_path=/vendor/app/CneApp/lib/arm64:/vendor/app/CneApp/CneApp.apk!/lib/arm64-v8a:/vendor/lib64
01-11 16:59:48.517  1964  1964 D QCNEJ/CneAppReceiver: ACTION_LOCKED_BOOT_COMPLETED or ACTION_BOOT_COMPLETED received
01-11 16:59:48.518  1964  1964 D QCNEJ/CneAppReceiver: START CneApp
01-11 16:59:48.521  1964  1964 D QCNEJ/CneAppReceiver: CneApp Started Successfully
01-11 16:59:48.522  1964  1964 W QCNEJ/CneApp: CneApp created
01-11 16:59:48.522   718   718 D Zygote  : Forked child process 2552
01-11 16:59:48.523  1964  1964 I QCNEJ/NativeHalConnector: NativeHalConnector()
01-11 16:59:48.524   945  1438 I ActivityManager: Start proc 2552:com.qualcomm.qti.biometrics.fingerprint.service:remote/u0a103 for service {com.qualcomm.qti.biometrics.fingerprint.service/com.qualcomm.qti.biometrics.fingerprint.service.FingerprintService}
01-11 16:59:48.534   945  1846 D ConnectivityService: requestNetwork for uid/pid:1001/1964 NetworkRequest [ TRACK_DEFAULT id=16, [ Capabilities: INTERNET&NOT_RESTRICTED&TRUSTED Uid: 1001] ]
01-11 16:59:48.536  2073  2073 D PhoneSwitcherNetworkRequstListener: got request NetworkRequest [ TRACK_DEFAULT id=16, [ Capabilities: INTERNET&NOT_RESTRICTED&TRUSTED Uid: 1001] ] with score 0 and serial 0
01-11 16:59:48.537  1964  1964 I QCNEJ/NativeHalServerCallback: Listen for cmdId: 7
01-11 16:59:48.539  1964  2561 D QCNEJ/WwanInfoRelay: Received action: android.intent.action.ANY_DATA_STATE
01-11 16:59:48.545  1964  1964 D QCNEJ/DataCallAgent: phoneCount: 2
01-11 16:59:48.549  1964  1964 D QCNEJ/DataCallAgent: subs for 0th slot: null
01-11 16:59:48.550  1964  1964 D QCNEJ/DataCallAgent: subs for 1th slot: null
01-11 16:59:48.552  1964  1964 I QCNEJ/NativeHalServerCallback: Listen for cmdId: 5
01-11 16:59:48.552  1964  1964 I QCNEJ/NativeHalServerCallback: Listen for cmdId: 6
01-11 16:59:48.552  1964  1964 I QCNEJ/NativeHalServerCallback: Listen for cmdId: 3
01-11 16:59:48.552  1964  1964 I QCNEJ/NativeHalServerCallback: Listen for cmdId: 4
01-11 16:59:48.553  1964  1964 I QCNEJ/NativeHalServerCallback: Listen for cmdId: 1
01-11 16:59:48.553  1964  1964 I QCNEJ/NativeHalServerCallback: Listen for cmdId: 2
01-11 16:59:48.556  1964  1964 I QCNEJ/NativeHalServerCallback: Listen for cmdId: 8
01-11 16:59:48.556  1964  2558 I QCNEJ/NativeHalConnector: handling GET_SERVICE in ServiceFetcher
01-11 16:59:48.559  1964  2558 I android_os_HwBinder: HwBinder: Starting thread pool for getting: vendor.qti.data.factory@2.0::IFactory/default
01-11 16:59:48.561  1964  2558 V QCNEJ/NativeHalConnector: IServiceNotification.onRegistration
01-11 16:59:48.561  1964  2559 I QCNEJ/NativeHalConnector: handling CND_SERVER_UP
01-11 16:59:48.562  1964  2559 I QCNEJ/NativeHalConnector: createCneIService success mCnd=vendor.qti.hardware.data.cne.internal.server@1.0::ICneService@Proxy
01-11 16:59:48.562  1964  2559 D QCNEJ/NativeHalConnector: Connected to service SUCC
01-11 16:59:48.562  1964  2559 I QCNEJ/InfoRelay: Native connection is up, restore information
01-11 16:59:48.562  1964  2559 I chatty  : uid=1001(radio) NativeReceiver identical 1 line
01-11 16:59:48.570  1964  2559 I QCNEJ/InfoRelay: Native connection is up, restore information
01-11 16:59:48.570  1964  2559 I QCNEJ/NativeHalConnector: -> SND notifyWifiP2pStateChanged(0)
01-11 16:59:48.570  1964  2559 I QCNEJ/InfoRelay: Native connection is up, restore information
01-11 16:59:48.570  1964  2559 I QCNEJ/NativeHalConnector: -> SND notifyWifiApStateChanged(0, 0)
01-11 16:59:48.571  1964  2559 E QCNEJ/NativeHalConnector: Failed to parse input for notifyWifiApStateChanged:java.lang.IllegalArgumentException: WIFI_AP_STATE is out of bounds: 0
01-11 16:59:48.571  1964  2559 I QCNEJ/InfoRelay: Native connection is up, restore information
01-11 16:59:48.572   718   718 D Zygote  : Forked child process 2575
01-11 16:59:48.572  1964  2559 D QCNEJ/RssiOffloadAgent: Get override settingfailed with exception android.provider.Settings$SettingNotFoundException: ims_profile_override
01-11 16:59:48.573  1964  2559 D QCNEJ/NativeHalConnector: -> SND notifyIMSProfileOverrideSettingChanged(0)
01-11 16:59:48.573   945  1438 W ActivityManager: Slow operation: 51ms so far, now at startProcess: returned from zygote!
01-11 16:59:48.574   945  1438 W ActivityManager: Slow operation: 52ms so far, now at startProcess: done updating battery stats
01-11 16:59:48.574   945  1438 W ActivityManager: Slow operation: 52ms so far, now at startProcess: building log message
01-11 16:59:48.574   945  1438 I ActivityManager: Start proc 2575:com.qualcomm.qti.performancemode/u0a128 for broadcast {com.qualcomm.qti.performancemode/com.qualcomm.qti.performancemode.SystemEventReceiver}
01-11 16:59:48.574   945  1438 W ActivityManager: Slow operation: 52ms so far, now at startProcess: starting to update pids map
01-11 16:59:48.574   945  1438 W ActivityManager: Slow operation: 52ms so far, now at startProcess: done updating pids map
01-11 16:59:48.624  2552  2552 W System  : ClassLoader referenced unknown path: /system/framework/vendor.qti.hardware.fingerprint-V1.0-java.jar
01-11 16:59:48.637  2552  2552 D libnativeloader: classloader namespace configured for unbundled vendor apk. library_path=/vendor/app/QFingerprintService/lib/arm64:/vendor/lib64
01-11 16:59:48.646  2552  2552 I Perf    : Connecting to perf service.
01-11 16:59:48.660   888   978 E ANDR-IOP: io prefetch is disabled waiting for boot_completed
01-11 16:59:48.665  1719  1719 I BluetoothPhonePolicy: MESSAGE_AUTO_CONNECT_PROFILES
01-11 16:59:48.666  1719  1719 D BluetoothAdapterService: isQuetModeEnabled() - Enabled = false
01-11 16:59:48.666  1719  1719 I BluetoothPhonePolicy: autoConnect: Initiate auto connection on BT on...
01-11 16:59:48.666  1719  1719 I BluetoothA2dpSinkServiceJni: classInitNative: succeeds
01-11 16:59:48.666  1719  1719 E BluetoothPhonePolicy: autoConnectA2dpSink, service is null
01-11 16:59:48.667  2552  2552 V qfp-service.MockDaemon: MockDaemon
01-11 16:59:48.682  1745  1745 W View    : requestLayout() improperly called by android.widget.FrameLayout{67fcfd7 I.E...... ......I. 0,0-0,0 #7f0a00a6 app:id/big_clock_container} during layout: running second layout pass
01-11 16:59:48.683  2395  2395 W init.qcom.post_: type=1400 audit(0.0:16): avc: denied { write } for name="read_ahead_kb" dev="sysfs" ino=74259 scontext=u:r:qti_init_shell:s0 tcontext=u:object_r:sysfs:s0 tclass=file permissive=0
01-11 16:59:48.683  2395  2395 W init.qcom.post_: type=1400 audit(0.0:17): avc: denied { write } for name="read_ahead_kb" dev="sysfs" ino=74390 scontext=u:r:qti_init_shell:s0 tcontext=u:object_r:sysfs:s0 tclass=file permissive=0
01-11 16:59:48.683  2395  2395 W init.qcom.post_: type=1400 audit(0.0:18): avc: denied { write } for name="page-cluster" dev="proc" ino=64158 scontext=u:r:qti_init_shell:s0 tcontext=u:object_r:proc_page_cluster:s0 tclass=file permissive=0
